09:10:58.594 [main] INFO org.springframework.test.context.support.AnnotationConfigContextLoaderUtils -- Could not detect default configuration classes for test class [com.leave_management_system.leave_management_system.repository.LeaveRequestRepositoryTest]: LeaveRequestRepositoryTest does not declare any static, non-private, non-final, nested classes annotated with @Configuration.
09:10:58.640 [main] INFO org.springframework.boot.test.context.SpringBootTestContextBootstrapper -- Found @SpringBootConfiguration com.leave_management_system.leave_management_system.LeaveManagementSystemApplication for test class com.leave_management_system.leave_management_system.repository.LeaveRequestRepositoryTest
09:10:58.668 [main] INFO org.springframework.test.context.support.AnnotationConfigContextLoaderUtils -- Could not detect default configuration classes for test class [com.leave_management_system.leave_management_system.repository.LeaveRequestRepositoryTest]: LeaveRequestRepositoryTest does not declare any static, non-private, non-final, nested classes annotated with @Configuration.
09:10:58.669 [main] INFO org.springframework.boot.test.context.SpringBootTestContextBootstrapper -- Found @SpringBootConfiguration com.leave_management_system.leave_management_system.LeaveManagementSystemApplication for test class com.leave_management_system.leave_management_system.repository.LeaveRequestRepositoryTest
09:10:58.695 [main] INFO org.springframework.boot.devtools.restart.RestartApplicationListener -- Restart disabled due to context in which it is running

  .   ____          _            __ _ _
 /\\ / ___'_ __ _ _(_)_ __  __ _ \ \ \ \
( ( )\___ | '_ | '_| | '_ \/ _` | \ \ \ \
 \\/  ___)| |_)| | | | | || (_| |  ) ) ) )
  '  |____| .__|_| |_|_| |_\__, | / / / /
 =========|_|==============|___/=/_/_/_/

 :: Spring Boot ::                (v4.1.0)

2026-10-09T09:10:58.795+05:30  INFO 46205 --- [leave-management-system] [           main] c.l.l.r.LeaveRequestRepositoryTest       : Starting LeaveRequestRepositoryTest using Java 25.0.1 with PID 46205 (started by desireddymohithreddy in /Users/desireddymohithreddy/Library/Mobile Documents/com~apple~CloudDocs/Leave Management System/leave-management-system)
2026-10-09T09:10:58.796+05:30  INFO 46205 --- [leave-management-system] [           main] c.l.l.r.LeaveRequestRepositoryTest       : The following 1 profile is active: "test"
2026-10-09T09:10:58.796+05:30 DEBUG 46205 --- [leave-management-system] [           main] o.s.boot.SpringApplication               : Loading source class com.leave_management_system.leave_management_system.LeaveManagementSystemApplication
2026-10-09T09:10:58.808+05:30 DEBUG 46205 --- [leave-management-system] [           main] o.s.b.d.settings.DevToolsSettings        : Included patterns for restart : []
2026-10-09T09:10:58.808+05:30 DEBUG 46205 --- [leave-management-system] [           main] o.s.b.d.settings.DevToolsSettings        : Excluded patterns for restart : [/spring-boot-starter-[\w-]+/, /spring-boot/(bin|build|out)/, /spring-boot-starter/(bin|build|out)/, /spring-boot-devtools/(bin|build|out)/, /spring-boot-actuator/(bin|build|out)/, /spring-boot-autoconfigure/(bin|build|out)/]
2026-10-09T09:10:58.808+05:30 DEBUG 46205 --- [leave-management-system] [           main] o.s.w.c.s.GenericWebApplicationContext   : Refreshing org.springframework.web.context.support.GenericWebApplicationContext@1a6cf771
2026-10-09T09:10:59.149+05:30  INFO 46205 --- [leave-management-system] [           main] .s.d.r.c.RepositoryConfigurationDelegate : Bootstrapping Spring Data JPA repositories in DEFAULT mode.
2026-10-09T09:10:59.155+05:30 DEBUG 46205 --- [leave-management-system] [           main] o.s.b.a.AutoConfigurationPackages        : @EnableAutoConfiguration was declared on a class in the package 'com.leave_management_system.leave_management_system'. Automatic @Repository and @Entity scanning is enabled.
2026-10-09T09:10:59.173+05:30  INFO 46205 --- [leave-management-system] [           main] .s.d.r.c.RepositoryConfigurationDelegate : Finished Spring Data repository scanning in 21 ms. Found 10 JPA repository interfaces.
2026-10-09T09:10:59.416+05:30  INFO 46205 --- [leave-management-system] [           main] com.zaxxer.hikari.HikariDataSource       : HikariPool-1 - Starting...
2026-10-09T09:10:59.486+05:30  INFO 46205 --- [leave-management-system] [           main] com.zaxxer.hikari.pool.HikariPool        : HikariPool-1 - Added connection conn0: url=jdbc:h2:mem:testdb user=SA
2026-10-09T09:10:59.487+05:30  INFO 46205 --- [leave-management-system] [           main] com.zaxxer.hikari.HikariDataSource       : HikariPool-1 - Start completed.
2026-10-09T09:10:59.509+05:30  INFO 46205 --- [leave-management-system] [           main] liquibase.database                       : Set default schema name to PUBLIC
2026-10-09T09:11:03.771+05:30  INFO 46205 --- [leave-management-system] [           main] liquibase.changelog                      : Creating database changelog table with name: PUBLIC.DATABASECHANGELOG
2026-10-09T09:11:03.806+05:30  INFO 46205 --- [leave-management-system] [           main] liquibase.changelog                      : Reading from PUBLIC.DATABASECHANGELOG
2026-10-09T09:11:03.832+05:30  INFO 46205 --- [leave-management-system] [           main] liquibase.snapshot                       : Creating snapshot
2026-10-09T09:11:03.906+05:30  INFO 46205 --- [leave-management-system] [           main] liquibase.lockservice                    : Successfully acquired change log lock
2026-10-09T09:11:03.906+05:30  INFO 46205 --- [leave-management-system] [           main] liquibase.command                        : Using deploymentId: 1517259410
2026-10-09T09:11:03.907+05:30  INFO 46205 --- [leave-management-system] [           main] liquibase.changelog                      : Reading from PUBLIC.DATABASECHANGELOG
2026-10-09T09:11:03.935+05:30  INFO 46205 --- [leave-management-system] [           main] liquibase.ui                             : Running Changeset: db/changelog/db.changelog-master.yaml::1::antigravity
2026-10-09T09:11:03.938+05:30  INFO 46205 --- [leave-management-system] [           main] liquibase.changelog                      : Table departments created
2026-10-09T09:11:03.942+05:30  INFO 46205 --- [leave-management-system] [           main] liquibase.changelog                      : Table employees created
2026-10-09T09:11:03.943+05:30  INFO 46205 --- [leave-management-system] [           main] liquibase.changelog                      : Table leave_requests created
2026-10-09T09:11:03.944+05:30  INFO 46205 --- [leave-management-system] [           main] liquibase.changelog                      : ChangeSet db/changelog/db.changelog-master.yaml::1::antigravity ran successfully in 8ms
2026-10-09T09:11:03.946+05:30  INFO 46205 --- [leave-management-system] [           main] liquibase.ui                             : Running Changeset: db/changelog/db.changelog-master.yaml::2::antigravity
2026-10-09T09:11:03.950+05:30  INFO 46205 --- [leave-management-system] [           main] liquibase.changelog                      : Column employees.name dropped
2026-10-09T09:11:03.955+05:30  INFO 46205 --- [leave-management-system] [           main] liquibase.changelog                      : Columns first_name(varchar(255)),last_name(varchar(255)) added to employees
2026-10-09T09:11:03.955+05:30  INFO 46205 --- [leave-management-system] [           main] liquibase.changelog                      : ChangeSet db/changelog/db.changelog-master.yaml::2::antigravity ran successfully in 8ms
2026-10-09T09:11:03.956+05:30  INFO 46205 --- [leave-management-system] [           main] liquibase.ui                             : Running Changeset: db/changelog/changes/004-create-leave-types.yaml::004-create-leave-types::mohith
2026-10-09T09:11:03.958+05:30  INFO 46205 --- [leave-management-system] [           main] liquibase.changelog                      : Table leave_types created
2026-10-09T09:11:03.958+05:30  INFO 46205 --- [leave-management-system] [           main] liquibase.changelog                      : ChangeSet db/changelog/changes/004-create-leave-types.yaml::004-create-leave-types::mohith ran successfully in 2ms
2026-10-09T09:11:03.959+05:30  INFO 46205 --- [leave-management-system] [           main] liquibase.ui                             : Running Changeset: db/changelog/changes/005-create-leave-balances.yaml::005-create-leave-balances::mohith
2026-10-09T09:11:03.960+05:30  INFO 46205 --- [leave-management-system] [           main] liquibase.changelog                      : Table leave_balances created
2026-10-09T09:11:03.961+05:30  INFO 46205 --- [leave-management-system] [           main] liquibase.changelog                      : Foreign key constraint added to leave_balances (employee_id)
2026-10-09T09:11:03.962+05:30  INFO 46205 --- [leave-management-system] [           main] liquibase.changelog                      : Foreign key constraint added to leave_balances (leave_type_id)
2026-10-09T09:11:03.962+05:30  INFO 46205 --- [leave-management-system] [           main] liquibase.changelog                      : Unique constraint added to leave_balances(employee_id, leave_type_id)
2026-10-09T09:11:03.962+05:30  INFO 46205 --- [leave-management-system] [           main] liquibase.changelog                      : ChangeSet db/changelog/changes/005-create-leave-balances.yaml::005-create-leave-balances::mohith ran successfully in 3ms
2026-10-09T09:11:03.963+05:30  INFO 46205 --- [leave-management-system] [           main] liquibase.ui                             : Running Changeset: db/changelog/changes/006-update-leave-requests.yaml::006-update-leave-requests::antigravity
2026-10-09T09:11:03.968+05:30  INFO 46205 --- [leave-management-system] [           main] liquibase.changelog                      : Columns leave_type_id(BIGINT),applied_at(DATETIME) added to leave_requests
2026-10-09T09:11:03.969+05:30  INFO 46205 --- [leave-management-system] [           main] liquibase.changelog                      : Foreign key constraint added to leave_requests (leave_type_id)
2026-10-09T09:11:03.969+05:30  INFO 46205 --- [leave-management-system] [           main] liquibase.changelog                      : ChangeSet db/changelog/changes/006-update-leave-requests.yaml::006-update-leave-requests::antigravity ran successfully in 5ms
2026-10-09T09:11:03.970+05:30  INFO 46205 --- [leave-management-system] [           main] liquibase.ui                             : Running Changeset: db/changelog/changes/007-add-active-to-leave-types.yaml::7::antigravity
2026-10-09T09:11:03.971+05:30  INFO 46205 --- [leave-management-system] [           main] liquibase.changelog                      : Columns active(bit(1)) added to leave_types
2026-10-09T09:11:03.972+05:30  INFO 46205 --- [leave-management-system] [           main] liquibase.changelog                      : ChangeSet db/changelog/changes/007-add-active-to-leave-types.yaml::7::antigravity ran successfully in 2ms
2026-10-09T09:11:03.972+05:30  INFO 46205 --- [leave-management-system] [           main] liquibase.ui                             : Running Changeset: db/changelog/changes/008-add-rejection-reason-to-leave-requests.yaml::008-add-rejection-reason-to-leave-requests::antigravity
2026-10-09T09:11:03.974+05:30  INFO 46205 --- [leave-management-system] [           main] liquibase.changelog                      : Columns rejection_reason(varchar(255)) added to leave_requests
2026-10-09T09:11:03.974+05:30  INFO 46205 --- [leave-management-system] [           main] liquibase.changelog                      : ChangeSet db/changelog/changes/008-add-rejection-reason-to-leave-requests.yaml::008-add-rejection-reason-to-leave-requests::antigravity ran successfully in 2ms
2026-10-09T09:11:03.976+05:30  INFO 46205 --- [leave-management-system] [           main] liquibase.ui                             : Running Changeset: db/changelog/changes/009-add-missing-constraints.yaml::009-add-missing-constraints::antigravity
2026-10-09T09:11:03.977+05:30  INFO 46205 --- [leave-management-system] [           main] liquibase.changelog                      : NOT NULL constraint has been added to employees.first_name
2026-10-09T09:11:03.978+05:30  INFO 46205 --- [leave-management-system] [           main] liquibase.changelog                      : NOT NULL constraint has been added to employees.last_name
2026-10-09T09:11:03.982+05:30  INFO 46205 --- [leave-management-system] [           main] liquibase.changelog                      : NOT NULL constraint has been added to leave_requests.start_date
2026-10-09T09:11:03.983+05:30  INFO 46205 --- [leave-management-system] [           main] liquibase.changelog                      : NOT NULL constraint has been added to leave_requests.end_date
2026-10-09T09:11:03.983+05:30  INFO 46205 --- [leave-management-system] [           main] liquibase.changelog                      : NOT NULL constraint has been added to leave_requests.status
2026-10-09T09:11:03.985+05:30  INFO 46205 --- [leave-management-system] [           main] liquibase.changelog                      : NOT NULL constraint has been added to leave_requests.leave_type_id
2026-10-09T09:11:03.986+05:30  INFO 46205 --- [leave-management-system] [           main] liquibase.changelog                      : Index idx_leave_requests_employee_id created
2026-10-09T09:11:03.986+05:30  INFO 46205 --- [leave-management-system] [           main] liquibase.changelog                      : Index idx_leave_requests_status created
2026-10-09T09:11:03.986+05:30  INFO 46205 --- [leave-management-system] [           main] liquibase.changelog                      : ChangeSet db/changelog/changes/009-add-missing-constraints.yaml::009-add-missing-constraints::antigravity ran successfully in 10ms
2026-10-09T09:11:03.988+05:30  INFO 46205 --- [leave-management-system] [           main] liquibase.ui                             : Running Changeset: db/changelog/changes/010-setup-security-tables.yaml::010-setup-security-tables::antigravity
2026-10-09T09:11:03.990+05:30  INFO 46205 --- [leave-management-system] [           main] liquibase.changelog                      : Table users created
2026-10-09T09:11:03.990+05:30  INFO 46205 --- [leave-management-system] [           main] liquibase.changelog                      : Table roles created
2026-10-09T09:11:03.991+05:30  INFO 46205 --- [leave-management-system] [           main] liquibase.changelog                      : Table user_roles created
2026-10-09T09:11:03.992+05:30  INFO 46205 --- [leave-management-system] [           main] liquibase.changelog                      : Primary key added to user_roles (user_id, role_id)
2026-10-09T09:11:03.992+05:30  INFO 46205 --- [leave-management-system] [           main] liquibase.changelog                      : ChangeSet db/changelog/changes/010-setup-security-tables.yaml::010-setup-security-tables::antigravity ran successfully in 4ms
2026-10-09T09:11:03.993+05:30  INFO 46205 --- [leave-management-system] [           main] liquibase.ui                             : Running Changeset: db/changelog/changes/010-setup-security-tables.yaml::010-insert-default-roles::antigravity
2026-10-09T09:11:03.994+05:30  INFO 46205 --- [leave-management-system] [           main] liquibase.changelog                      : New row inserted into roles
2026-10-09T09:11:03.994+05:30  INFO 46205 --- [leave-management-system] [           main] liquibase.changelog                      : New row inserted into roles
2026-10-09T09:11:03.994+05:30  INFO 46205 --- [leave-management-system] [           main] liquibase.changelog                      : New row inserted into roles
2026-10-09T09:11:03.994+05:30  INFO 46205 --- [leave-management-system] [           main] liquibase.changelog                      : New row inserted into roles
2026-10-09T09:11:03.994+05:30  INFO 46205 --- [leave-management-system] [           main] liquibase.changelog                      : ChangeSet db/changelog/changes/010-setup-security-tables.yaml::010-insert-default-roles::antigravity ran successfully in 1ms
2026-10-09T09:11:03.995+05:30  INFO 46205 --- [leave-management-system] [           main] liquibase.ui                             : Running Changeset: db/changelog/changes/011-setup-tokens-and-audit.yaml::011-setup-tokens-and-audit::antigravity
2026-10-09T09:11:03.997+05:30  INFO 46205 --- [leave-management-system] [           main] liquibase.changelog                      : Table refresh_tokens created
2026-10-09T09:11:03.998+05:30  INFO 46205 --- [leave-management-system] [           main] liquibase.changelog                      : Table audit_logs created
2026-10-09T09:11:03.998+05:30  INFO 46205 --- [leave-management-system] [           main] liquibase.changelog                      : ChangeSet db/changelog/changes/011-setup-tokens-and-audit.yaml::011-setup-tokens-and-audit::antigravity ran successfully in 2ms
2026-10-09T09:11:03.999+05:30  INFO 46205 --- [leave-management-system] [           main] liquibase.ui                             : Running Changeset: db/changelog/changes/012-modify-employees-and-constraints.yaml::012-modify-employees-and-departments::antigravity
2026-10-09T09:11:04.008+05:30  INFO 46205 --- [leave-management-system] [           main] liquibase.changelog                      : Columns user_id(bigint),employee_code(varchar(255)),manager_id(bigint),status(varchar(255)),salary(decimal(10,2)) added to employees
2026-10-09T09:11:04.009+05:30  INFO 46205 --- [leave-management-system] [           main] liquibase.changelog                      : Foreign key constraint added to employees (user_id)
2026-10-09T09:11:04.010+05:30  INFO 46205 --- [leave-management-system] [           main] liquibase.changelog                      : Foreign key constraint added to employees (manager_id)
2026-10-09T09:11:04.011+05:30  INFO 46205 --- [leave-management-system] [           main] liquibase.changelog                      : Columns manager_id(bigint) added to departments
2026-10-09T09:11:04.011+05:30  INFO 46205 --- [leave-management-system] [           main] liquibase.changelog                      : Foreign key constraint added to departments (manager_id)
2026-10-09T09:11:04.012+05:30  INFO 46205 --- [leave-management-system] [           main] liquibase.changelog                      : Unique constraint uk_employee_leave_type dropped from leave_balances
2026-10-09T09:11:04.014+05:30  INFO 46205 --- [leave-management-system] [           main] liquibase.changelog                      : Columns year(int),total(int),used(int) added to leave_balances
2026-10-09T09:11:04.015+05:30  INFO 46205 --- [leave-management-system] [           main] liquibase.changelog                      : Column leave_balances.available_days renamed to available
2026-10-09T09:11:04.015+05:30  INFO 46205 --- [leave-management-system] [           main] liquibase.changelog                      : Unique constraint added to leave_balances(employee_id, leave_type_id, year)
2026-10-09T09:11:04.016+05:30  INFO 46205 --- [leave-management-system] [           main] liquibase.changelog                      : Column employees.email dropped
2026-10-09T09:11:04.018+05:30  INFO 46205 --- [leave-management-system] [           main] liquibase.changelog                      : Column employees.active dropped
2026-10-09T09:11:04.018+05:30  INFO 46205 --- [leave-management-system] [           main] liquibase.changelog                      : ChangeSet db/changelog/changes/012-modify-employees-and-constraints.yaml::012-modify-employees-and-departments::antigravity ran successfully in 19ms
2026-10-09T09:11:04.019+05:30  INFO 46205 --- [leave-management-system] [           main] liquibase.ui                             : Running Changeset: db/changelog/changes/013-add-version-columns.yaml::013-add-version-columns::system
2026-10-09T09:11:04.020+05:30  INFO 46205 --- [leave-management-system] [           main] liquibase.changelog                      : Columns version(bigint) added to leave_requests
2026-10-09T09:11:04.022+05:30  INFO 46205 --- [leave-management-system] [           main] liquibase.changelog                      : Columns version(bigint) added to leave_balances
2026-10-09T09:11:04.022+05:30  INFO 46205 --- [leave-management-system] [           main] liquibase.changelog                      : ChangeSet db/changelog/changes/013-add-version-columns.yaml::013-add-version-columns::system ran successfully in 3ms
2026-10-09T09:11:04.027+05:30  INFO 46205 --- [leave-management-system] [           main] liquibase.ui                             : Running Changeset: db/changelog/changes/014-add-permissions.yaml::014-add-permissions::system
2026-10-09T09:11:04.028+05:30  INFO 46205 --- [leave-management-system] [           main] liquibase.changelog                      : Table permissions created
2026-10-09T09:11:04.029+05:30  INFO 46205 --- [leave-management-system] [           main] liquibase.changelog                      : Table role_permissions created
2026-10-09T09:11:04.030+05:30  INFO 46205 --- [leave-management-system] [           main] liquibase.changelog                      : Primary key added to role_permissions (role_id, permission_id)
2026-10-09T09:11:04.030+05:30  INFO 46205 --- [leave-management-system] [           main] liquibase.changelog                      : New row inserted into permissions
2026-10-09T09:11:04.030+05:30  INFO 46205 --- [leave-management-system] [           main] liquibase.changelog                      : New row inserted into permissions
2026-10-09T09:11:04.030+05:30  INFO 46205 --- [leave-management-system] [           main] liquibase.changelog                      : New row inserted into permissions
2026-10-09T09:11:04.031+05:30  INFO 46205 --- [leave-management-system] [           main] liquibase.changelog                      : New row inserted into permissions
2026-10-09T09:11:04.031+05:30  INFO 46205 --- [leave-management-system] [           main] liquibase.changelog                      : New row inserted into permissions
2026-10-09T09:11:04.031+05:30  INFO 46205 --- [leave-management-system] [           main] liquibase.changelog                      : New row inserted into permissions
2026-10-09T09:11:04.031+05:30  INFO 46205 --- [leave-management-system] [           main] liquibase.changelog                      : New row inserted into permissions
2026-10-09T09:11:04.032+05:30  INFO 46205 --- [leave-management-system] [           main] liquibase.changelog                      : New row inserted into permissions
2026-10-09T09:11:04.032+05:30  INFO 46205 --- [leave-management-system] [           main] liquibase.changelog                      : New row inserted into permissions
2026-10-09T09:11:04.032+05:30  INFO 46205 --- [leave-management-system] [           main] liquibase.changelog                      : New row inserted into permissions
2026-10-09T09:11:04.032+05:30  INFO 46205 --- [leave-management-system] [           main] liquibase.changelog                      : New row inserted into permissions
2026-10-09T09:11:04.032+05:30  INFO 46205 --- [leave-management-system] [           main] liquibase.changelog                      : New row inserted into permissions
2026-10-09T09:11:04.033+05:30  INFO 46205 --- [leave-management-system] [           main] liquibase.changelog                      : New row inserted into permissions
2026-10-09T09:11:04.033+05:30  INFO 46205 --- [leave-management-system] [           main] liquibase.changelog                      : New row inserted into permissions
2026-10-09T09:11:04.033+05:30  INFO 46205 --- [leave-management-system] [           main] liquibase.changelog                      : New row inserted into permissions
2026-10-09T09:11:04.033+05:30  INFO 46205 --- [leave-management-system] [           main] liquibase.changelog                      : New row inserted into permissions
2026-10-09T09:11:04.034+05:30  INFO 46205 --- [leave-management-system] [           main] liquibase.changelog                      : New row inserted into permissions
2026-10-09T09:11:04.035+05:30  INFO 46205 --- [leave-management-system] [           main] liquibase.changelog                      : New row inserted into role_permissions
2026-10-09T09:11:04.035+05:30  INFO 46205 --- [leave-management-system] [           main] liquibase.changelog                      : New row inserted into role_permissions
2026-10-09T09:11:04.036+05:30  INFO 46205 --- [leave-management-system] [           main] liquibase.changelog                      : New row inserted into role_permissions
2026-10-09T09:11:04.036+05:30  INFO 46205 --- [leave-management-system] [           main] liquibase.changelog                      : New row inserted into role_permissions
2026-10-09T09:11:04.036+05:30  INFO 46205 --- [leave-management-system] [           main] liquibase.changelog                      : New row inserted into role_permissions
2026-10-09T09:11:04.036+05:30  INFO 46205 --- [leave-management-system] [           main] liquibase.changelog                      : New row inserted into role_permissions
2026-10-09T09:11:04.036+05:30  INFO 46205 --- [leave-management-system] [           main] liquibase.changelog                      : New row inserted into role_permissions
2026-10-09T09:11:04.037+05:30  INFO 46205 --- [leave-management-system] [           main] liquibase.changelog                      : New row inserted into role_permissions
2026-10-09T09:11:04.037+05:30  INFO 46205 --- [leave-management-system] [           main] liquibase.changelog                      : New row inserted into role_permissions
2026-10-09T09:11:04.037+05:30  INFO 46205 --- [leave-management-system] [           main] liquibase.changelog                      : New row inserted into role_permissions
2026-10-09T09:11:04.037+05:30  INFO 46205 --- [leave-management-system] [           main] liquibase.changelog                      : New row inserted into role_permissions
2026-10-09T09:11:04.037+05:30  INFO 46205 --- [leave-management-system] [           main] liquibase.changelog                      : New row inserted into role_permissions
2026-10-09T09:11:04.038+05:30  INFO 46205 --- [leave-management-system] [           main] liquibase.changelog                      : New row inserted into role_permissions
2026-10-09T09:11:04.038+05:30  INFO 46205 --- [leave-management-system] [           main] liquibase.changelog                      : New row inserted into role_permissions
2026-10-09T09:11:04.038+05:30  INFO 46205 --- [leave-management-system] [           main] liquibase.changelog                      : New row inserted into role_permissions
2026-10-09T09:11:04.039+05:30  INFO 46205 --- [leave-management-system] [           main] liquibase.changelog                      : New row inserted into role_permissions
2026-10-09T09:11:04.039+05:30  INFO 46205 --- [leave-management-system] [           main] liquibase.changelog                      : New row inserted into role_permissions
2026-10-09T09:11:04.039+05:30  INFO 46205 --- [leave-management-system] [           main] liquibase.changelog                      : New row inserted into role_permissions
2026-10-09T09:11:04.039+05:30  INFO 46205 --- [leave-management-system] [           main] liquibase.changelog                      : New row inserted into role_permissions
2026-10-09T09:11:04.040+05:30  INFO 46205 --- [leave-management-system] [           main] liquibase.changelog                      : New row inserted into role_permissions
2026-10-09T09:11:04.040+05:30  INFO 46205 --- [leave-management-system] [           main] liquibase.changelog                      : New row inserted into role_permissions
2026-10-09T09:11:04.040+05:30  INFO 46205 --- [leave-management-system] [           main] liquibase.changelog                      : New row inserted into role_permissions
2026-10-09T09:11:04.040+05:30  INFO 46205 --- [leave-management-system] [           main] liquibase.changelog                      : New row inserted into role_permissions
2026-10-09T09:11:04.040+05:30  INFO 46205 --- [leave-management-system] [           main] liquibase.changelog                      : New row inserted into role_permissions
2026-10-09T09:11:04.041+05:30  INFO 46205 --- [leave-management-system] [           main] liquibase.changelog                      : New row inserted into role_permissions
2026-10-09T09:11:04.041+05:30  INFO 46205 --- [leave-management-system] [           main] liquibase.changelog                      : New row inserted into role_permissions
2026-10-09T09:11:04.041+05:30  INFO 46205 --- [leave-management-system] [           main] liquibase.changelog                      : New row inserted into role_permissions
2026-10-09T09:11:04.041+05:30  INFO 46205 --- [leave-management-system] [           main] liquibase.changelog                      : New row inserted into role_permissions
2026-10-09T09:11:04.041+05:30  INFO 46205 --- [leave-management-system] [           main] liquibase.changelog                      : New row inserted into role_permissions
2026-10-09T09:11:04.042+05:30  INFO 46205 --- [leave-management-system] [           main] liquibase.changelog                      : New row inserted into role_permissions
2026-10-09T09:11:04.042+05:30  INFO 46205 --- [leave-management-system] [           main] liquibase.changelog                      : New row inserted into role_permissions
2026-10-09T09:11:04.042+05:30  INFO 46205 --- [leave-management-system] [           main] liquibase.changelog                      : New row inserted into role_permissions
2026-10-09T09:11:04.042+05:30  INFO 46205 --- [leave-management-system] [           main] liquibase.changelog                      : New row inserted into role_permissions
2026-10-09T09:11:04.042+05:30  INFO 46205 --- [leave-management-system] [           main] liquibase.changelog                      : New row inserted into role_permissions
2026-10-09T09:11:04.043+05:30  INFO 46205 --- [leave-management-system] [           main] liquibase.changelog                      : New row inserted into role_permissions
2026-10-09T09:11:04.043+05:30  INFO 46205 --- [leave-management-system] [           main] liquibase.changelog                      : New row inserted into role_permissions
2026-10-09T09:11:04.043+05:30  INFO 46205 --- [leave-management-system] [           main] liquibase.changelog                      : New row inserted into role_permissions
2026-10-09T09:11:04.043+05:30  INFO 46205 --- [leave-management-system] [           main] liquibase.changelog                      : New row inserted into role_permissions
2026-10-09T09:11:04.043+05:30  INFO 46205 --- [leave-management-system] [           main] liquibase.changelog                      : New row inserted into role_permissions
2026-10-09T09:11:04.043+05:30  INFO 46205 --- [leave-management-system] [           main] liquibase.changelog                      : New row inserted into role_permissions
2026-10-09T09:11:04.044+05:30  INFO 46205 --- [leave-management-system] [           main] liquibase.changelog                      : ChangeSet db/changelog/changes/014-add-permissions.yaml::014-add-permissions::system ran successfully in 17ms
2026-10-09T09:11:04.047+05:30  INFO 46205 --- [leave-management-system] [           main] liquibase.util                           : UPDATE SUMMARY
2026-10-09T09:11:04.047+05:30  INFO 46205 --- [leave-management-system] [           main] liquibase.util                           : Run:                         14
2026-10-09T09:11:04.047+05:30  INFO 46205 --- [leave-management-system] [           main] liquibase.util                           : Previously run:               0
2026-10-09T09:11:04.047+05:30  INFO 46205 --- [leave-management-system] [           main] liquibase.util                           : Filtered out:                 0
2026-10-09T09:11:04.047+05:30  INFO 46205 --- [leave-management-system] [           main] liquibase.util                           : -------------------------------
2026-10-09T09:11:04.047+05:30  INFO 46205 --- [leave-management-system] [           main] liquibase.util                           : Total change sets:           14
2026-10-09T09:11:04.047+05:30  INFO 46205 --- [leave-management-system] [           main] liquibase.util                           : Update summary generated
2026-10-09T09:11:04.048+05:30  INFO 46205 --- [leave-management-system] [           main] liquibase.command                        : Update command completed successfully.
2026-10-09T09:11:04.048+05:30  INFO 46205 --- [leave-management-system] [           main] liquibase.ui                             : Liquibase: Update has been successful. Rows affected: 61
2026-10-09T09:11:04.049+05:30  INFO 46205 --- [leave-management-system] [           main] liquibase.lockservice                    : Successfully released change log lock
2026-10-09T09:11:04.049+05:30  INFO 46205 --- [leave-management-system] [           main] liquibase.command                        : Command execution complete
2026-10-09T09:11:04.101+05:30  INFO 46205 --- [leave-management-system] [           main] org.hibernate.orm.jpa                    : HHH008540: Processing PersistenceUnitInfo [name: default]
2026-10-09T09:11:04.129+05:30  INFO 46205 --- [leave-management-system] [           main] org.hibernate.orm.core                   : HHH000001: Hibernate ORM core version 7.4.1.Final
2026-10-09T09:11:04.299+05:30  INFO 46205 --- [leave-management-system] [           main] o.s.o.j.p.SpringPersistenceUnitInfo      : No LoadTimeWeaver setup: ignoring JPA class transformer
2026-10-09T09:11:04.325+05:30  WARN 46205 --- [leave-management-system] [           main] org.hibernate.orm.deprecation            : HHH90000025: H2Dialect does not need to be specified explicitly using 'hibernate.dialect' (remove the property setting and it will be selected by default)
2026-10-09T09:11:04.330+05:30  INFO 46205 --- [leave-management-system] [           main] org.hibernate.orm.connections.pooling    : HHH10001005: Database info:
	Database JDBC URL [jdbc:h2:mem:testdb]
	Database driver: H2 JDBC Driver
	Database dialect: H2Dialect
	Database version: 2.4.240
	Default catalog/schema: TESTDB/PUBLIC
	Autocommit mode: undefined/unknown
	Isolation level: READ_COMMITTED [default READ_COMMITTED]
	JDBC fetch size: 100
	Pool: DataSourceConnectionProvider
	Minimum pool size: undefined/unknown
	Maximum pool size: undefined/unknown
2026-10-09T09:11:04.760+05:30  INFO 46205 --- [leave-management-system] [           main] org.hibernate.orm.core                   : HHH000489: No JTA platform available (set 'hibernate.transaction.jta.platform' to enable JTA platform integration)
2026-10-09T09:11:04.763+05:30  INFO 46205 --- [leave-management-system] [           main] j.LocalContainerEntityManagerFactoryBean : Initialized JPA EntityManagerFactory for persistence unit 'default'
2026-10-09T09:11:04.803+05:30  INFO 46205 --- [leave-management-system] [           main] o.s.d.j.r.query.QueryEnhancerFactories   : Hibernate is in classpath; If applicable, HQL parser will be used.
2026-10-09T09:11:04.926+05:30  INFO 46205 --- [leave-management-system] [           main] eAuthenticationProviderManagerConfigurer : Global AuthenticationManager configured with AuthenticationProvider bean with name authenticationProvider
2026-10-09T09:11:04.927+05:30  WARN 46205 --- [leave-management-system] [           main] r$InitializeUserDetailsManagerConfigurer : Global AuthenticationManager configured with an AuthenticationProvider bean. UserDetailsService beans will not be used by Spring Security for automatically configuring username/password login. Consider removing the AuthenticationProvider bean. Alternatively, consider using the UserDetailsService in a manually instantiated DaoAuthenticationProvider. If the current configuration is intentional, to turn off this warning, increase the logging level of 'org.springframework.security.config.annotation.authentication.configuration.InitializeUserDetailsBeanManagerConfigurer' to ERROR
2026-10-09T09:11:05.382+05:30  WARN 46205 --- [leave-management-system] [           main] JpaBaseConfiguration$JpaWebConfiguration : spring.jpa.open-in-view is enabled by default. Therefore, database queries may be performed during view rendering. Explicitly configure spring.jpa.open-in-view to disable this warning
2026-10-09T09:11:05.553+05:30 DEBUG 46205 --- [leave-management-system] [           main] s.w.s.m.m.a.RequestMappingHandlerMapping : 57 mappings in 'requestMappingHandlerMapping'
2026-10-09T09:11:05.574+05:30 DEBUG 46205 --- [leave-management-system] [           main] o.s.w.s.handler.SimpleUrlHandlerMapping  : Patterns [/webjars/**, /**, /swagger-ui*/*swagger-initializer.js, /swagger-ui*/**] in 'resourceHandlerMapping'
2026-10-09T09:11:05.586+05:30 DEBUG 46205 --- [leave-management-system] [           main] s.w.s.m.m.a.RequestMappingHandlerAdapter : ControllerAdvice beans: 0 @ModelAttribute, 0 @InitBinder, 2 RequestBodyAdvice, 1 ResponseBodyAdvice
2026-10-09T09:11:05.621+05:30 DEBUG 46205 --- [leave-management-system] [           main] .m.m.a.ExceptionHandlerExceptionResolver : ControllerAdvice beans: 2 @ExceptionHandler, 1 ResponseBodyAdvice
2026-10-09T09:11:05.806+05:30  INFO 46205 --- [leave-management-system] [           main] o.s.b.a.e.web.EndpointLinksResolver      : Exposing 3 endpoints beneath base path '/actuator'
2026-10-09T09:11:05.839+05:30 DEBUG 46205 --- [leave-management-system] [           main] .s.b.a.l.ConditionEvaluationReportLogger : 


============================
CONDITIONS EVALUATION REPORT
============================


Positive matches:
-----------------

   AopAutoConfiguration matched:
      - @ConditionalOnBooleanProperty (spring.aop.auto=true) matched (OnPropertyCondition)

   AopAutoConfiguration.AspectJAutoProxyingConfiguration matched:
      - @ConditionalOnClass found required class 'org.aspectj.weaver.Advice' (OnClassCondition)

   AopAutoConfiguration.AspectJAutoProxyingConfiguration.CglibAutoProxyConfiguration matched:
      - @ConditionalOnBooleanProperty (spring.aop.proxy-target-class=true) matched (OnPropertyCondition)

   ApplicationAvailabilityAutoConfiguration#applicationAvailability matched:
      - @ConditionalOnMissingBean (types: org.springframework.boot.availability.ApplicationAvailability; SearchStrategy: all) did not find any beans (OnBeanCondition)

   AvailabilityHealthContributorAutoConfiguration matched:
      - @ConditionalOnClass found required class 'org.springframework.boot.health.contributor.Health' (OnClassCondition)

   AvailabilityProbesAutoConfiguration matched:
      - @ConditionalOnClass found required class 'org.springframework.boot.actuate.endpoint.annotation.Endpoint' (OnClassCondition)
      - @ConditionalOnBooleanProperty (management.endpoint.health.probes.enabled=true) matched (OnPropertyCondition)

   AvailabilityProbesAutoConfiguration#livenessStateHealthIndicator matched:
      - @ConditionalOnMissingBean (names: livenessStateHealthIndicator; SearchStrategy: all) did not find any beans (OnBeanCondition)

   AvailabilityProbesAutoConfiguration#readinessStateHealthIndicator matched:
      - @ConditionalOnMissingBean (names: readinessStateHealthIndicator; SearchStrategy: all) did not find any beans (OnBeanCondition)

   CompositeMeterRegistryAutoConfiguration matched:
      - @ConditionalOnClass found required class 'io.micrometer.core.instrument.composite.CompositeMeterRegistry' (OnClassCondition)

   DataJpaRepositoriesAutoConfiguration matched:
      - @ConditionalOnClass found required class 'org.springframework.data.jpa.repository.JpaRepository' (OnClassCondition)
      - @ConditionalOnBooleanProperty (spring.data.jpa.repositories.enabled=true) matched (OnPropertyCondition)
      - @ConditionalOnBean (types: javax.sql.DataSource; SearchStrategy: all) found bean 'dataSource'; @ConditionalOnMissingBean (types: org.springframework.data.jpa.repository.support.JpaRepositoryFactoryBean,org.springframework.data.jpa.repository.config.JpaRepositoryConfigExtension; SearchStrategy: all) did not find any beans (OnBeanCondition)

   DataRepositoryMetricsAutoConfiguration matched:
      - @ConditionalOnClass found required class 'org.springframework.data.repository.Repository' (OnClassCondition)
      - @ConditionalOnBean (types: io.micrometer.core.instrument.MeterRegistry; SearchStrategy: all) found bean 'simpleMeterRegistry' (OnBeanCondition)

   DataRepositoryMetricsAutoConfiguration#metricsRepositoryMethodInvocationListener matched:
      - @ConditionalOnMissingBean (types: org.springframework.boot.data.metrics.MetricsRepositoryMethodInvocationListener; SearchStrategy: all) did not find any beans (OnBeanCondition)

   DataRepositoryMetricsAutoConfiguration#repositoryTagsProvider matched:
      - @ConditionalOnMissingBean (types: org.springframework.boot.data.metrics.RepositoryTagsProvider; SearchStrategy: all) did not find any beans (OnBeanCondition)

   DataSourceAutoConfiguration matched:
      - @ConditionalOnClass found required classes 'javax.sql.DataSource', 'org.springframework.jdbc.datasource.embedded.EmbeddedDatabaseType' (OnClassCondition)
      - @ConditionalOnMissingBean (types: io.r2dbc.spi.ConnectionFactory; SearchStrategy: all) did not find any beans (OnBeanCondition)

   DataSourceAutoConfiguration.PooledDataSourceConfiguration matched:
      - AnyNestedCondition 1 matched 1 did not; NestedCondition on DataSourceAutoConfiguration.PooledDataSourceCondition.PooledDataSourceAvailable PooledDataSource found supported DataSource; NestedCondition on DataSourceAutoConfiguration.PooledDataSourceCondition.ExplicitType @ConditionalOnProperty (spring.datasource.type) did not find property 'spring.datasource.type' (DataSourceAutoConfiguration.PooledDataSourceCondition)
      - @ConditionalOnMissingBean (types: javax.sql.DataSource,javax.sql.XADataSource; SearchStrategy: all) did not find any beans (OnBeanCondition)

   DataSourceAutoConfiguration.PooledDataSourceConfiguration#jdbcConnectionDetails matched:
      - @ConditionalOnMissingBean (types: org.springframework.boot.jdbc.autoconfigure.JdbcConnectionDetails; SearchStrategy: all) did not find any beans (OnBeanCondition)

   DataSourceConfiguration.Hikari matched:
      - @ConditionalOnClass found required class 'com.zaxxer.hikari.HikariDataSource' (OnClassCondition)
      - @ConditionalOnProperty (spring.datasource.type=com.zaxxer.hikari.HikariDataSource) matched (OnPropertyCondition)
      - @ConditionalOnMissingBean (types: javax.sql.DataSource; SearchStrategy: all) did not find any beans (OnBeanCondition)

   DataSourceHealthContributorAutoConfiguration matched:
      - @ConditionalOnClass found required classes 'org.springframework.jdbc.core.JdbcTemplate', 'org.springframework.jdbc.datasource.lookup.AbstractRoutingDataSource', 'org.springframework.boot.health.autoconfigure.contributor.ConditionalOnEnabledHealthIndicator' (OnClassCondition)
      - @ConditionalOnEnabledHealthIndicator management.health.defaults.enabled is considered true (OnEnabledHealthIndicatorCondition)
      - @ConditionalOnBean (types: javax.sql.DataSource; SearchStrategy: all) found bean 'dataSource' (OnBeanCondition)

   DataSourceHealthContributorAutoConfiguration#dbHealthContributor matched:
      - @ConditionalOnMissingBean (names: dbHealthIndicator,dbHealthContributor; SearchStrategy: all) did not find any beans (OnBeanCondition)

   DataSourceInitializationAutoConfiguration matched:
      - @ConditionalOnClass found required class 'org.springframework.jdbc.datasource.init.DatabasePopulator' (OnClassCondition)
      - SQL InitializationDatabase Initialization default value is EMBEDDED (OnSqlInitializationCondition)
      - @ConditionalOnSingleCandidate (types: javax.sql.DataSource; SearchStrategy: all) found a single bean 'dataSource'; @ConditionalOnMissingBean (types: org.springframework.boot.sql.autoconfigure.init.ApplicationScriptDatabaseInitializer; SearchStrategy: all) did not find any beans (OnBeanCondition)

   DataSourcePoolMetadataProvidersConfiguration.HikariPoolDataSourceMetadataProviderConfiguration matched:
      - @ConditionalOnClass found required class 'com.zaxxer.hikari.HikariDataSource' (OnClassCondition)

   DataSourcePoolMetricsAutoConfiguration matched:
      - @ConditionalOnClass found required classes 'javax.sql.DataSource', 'io.micrometer.core.instrument.MeterRegistry' (OnClassCondition)
      - @ConditionalOnBean (types: javax.sql.DataSource,io.micrometer.core.instrument.MeterRegistry; SearchStrategy: all) found beans 'simpleMeterRegistry', 'dataSource' (OnBeanCondition)

   DataSourcePoolMetricsAutoConfiguration.DataSourcePoolMetadataMetricsConfiguration matched:
      - @ConditionalOnBean (types: org.springframework.boot.jdbc.metadata.DataSourcePoolMetadataProvider; SearchStrategy: all) found bean 'hikariPoolDataSourceMetadataProvider' (OnBeanCondition)

   DataSourcePoolMetricsAutoConfiguration.HikariDataSourceMetricsConfiguration matched:
      - @ConditionalOnClass found required class 'com.zaxxer.hikari.HikariDataSource' (OnClassCondition)

   DataSourceTransactionManagerAutoConfiguration matched:
      - @ConditionalOnClass found required classes 'javax.sql.DataSource', 'org.springframework.jdbc.core.JdbcTemplate', 'org.springframework.transaction.TransactionManager' (OnClassCondition)

   DataSourceTransactionManagerAutoConfiguration.JdbcTransactionManagerConfiguration matched:
      - @ConditionalOnSingleCandidate (types: javax.sql.DataSource; SearchStrategy: all) found a single bean 'dataSource' (OnBeanCondition)

   DataWebAutoConfiguration matched:
      - @ConditionalOnClass found required classes 'org.springframework.data.web.PageableHandlerMethodArgumentResolver', 'org.springframework.web.servlet.config.annotation.WebMvcConfigurer' (OnClassCondition)
      - found 'session' scope (OnWebApplicationCondition)
      - @ConditionalOnMissingBean (types: org.springframework.data.web.PageableHandlerMethodArgumentResolver; SearchStrategy: all) did not find any beans (OnBeanCondition)

   DataWebAutoConfiguration#pageableCustomizer matched:
      - @ConditionalOnMissingBean (types: org.springframework.data.web.config.PageableHandlerMethodArgumentResolverCustomizer; SearchStrategy: all) did not find any beans (OnBeanCondition)

   DataWebAutoConfiguration#sortCustomizer matched:
      - @ConditionalOnMissingBean (types: org.springframework.data.web.config.SortHandlerMethodArgumentResolverCustomizer; SearchStrategy: all) did not find any beans (OnBeanCondition)

   DataWebAutoConfiguration#springDataWebSettings matched:
      - @ConditionalOnMissingBean (types: org.springframework.data.web.config.SpringDataWebSettings; SearchStrategy: all) did not find any beans (OnBeanCondition)

   DiskSpaceHealthContributorAutoConfiguration matched:
      - @ConditionalOnClass found required class 'org.springframework.boot.health.contributor.Health' (OnClassCondition)
      - @ConditionalOnEnabledHealthIndicator management.health.defaults.enabled is considered true (OnEnabledHealthIndicatorCondition)

   DiskSpaceHealthContributorAutoConfiguration#diskSpaceHealthIndicator matched:
      - @ConditionalOnMissingBean (names: diskSpaceHealthIndicator; SearchStrategy: all) did not find any beans (OnBeanCondition)

   DispatcherServletAutoConfiguration matched:
      - @ConditionalOnClass found required class 'org.springframework.web.servlet.DispatcherServlet' (OnClassCondition)
      - found 'session' scope (OnWebApplicationCondition)

   DispatcherServletAutoConfiguration.DispatcherServletConfiguration matched:
      - @ConditionalOnClass found required class 'jakarta.servlet.ServletRegistration' (OnClassCondition)
      - Default DispatcherServlet did not find dispatcher servlet beans (DispatcherServletAutoConfiguration.DefaultDispatcherServletCondition)

   DispatcherServletAutoConfiguration.DispatcherServletRegistrationConfiguration matched:
      - @ConditionalOnClass found required class 'jakarta.servlet.ServletRegistration' (OnClassCondition)
      - DispatcherServlet Registration did not find servlet registration bean (DispatcherServletAutoConfiguration.DispatcherServletRegistrationCondition)

   DispatcherServletAutoConfiguration.DispatcherServletRegistrationConfiguration#dispatcherServletRegistration matched:
      - @ConditionalOnBean (names: dispatcherServlet types: org.springframework.web.servlet.DispatcherServlet; SearchStrategy: all) found bean 'dispatcherServlet' (OnBeanCondition)

   EndpointAutoConfiguration#endpointCachingOperationInvokerAdvisor matched:
      - @ConditionalOnMissingBean (types: org.springframework.boot.actuate.endpoint.invoker.cache.CachingOperationInvokerAdvisor; SearchStrategy: all) did not find any beans (OnBeanCondition)

   EndpointAutoConfiguration#endpointOperationParameterMapper matched:
      - @ConditionalOnMissingBean (types: org.springframework.boot.actuate.endpoint.invoke.ParameterValueMapper; SearchStrategy: all) did not find any beans (OnBeanCondition)

   EndpointAutoConfiguration#propertiesEndpointAccessResolver matched:
      - @ConditionalOnMissingBean (types: org.springframework.boot.actuate.endpoint.EndpointAccessResolver; SearchStrategy: all) did not find any beans (OnBeanCondition)

   ErrorMvcAutoConfiguration matched:
      - @ConditionalOnClass found required classes 'jakarta.servlet.Servlet', 'org.springframework.web.servlet.DispatcherServlet' (OnClassCondition)
      - found 'session' scope (OnWebApplicationCondition)

   ErrorMvcAutoConfiguration#basicErrorController matched:
      - @ConditionalOnMissingBean (types: org.springframework.boot.webmvc.error.ErrorController; SearchStrategy: current) did not find any beans (OnBeanCondition)

   ErrorMvcAutoConfiguration#errorAttributes matched:
      - @ConditionalOnMissingBean (types: org.springframework.boot.webmvc.error.ErrorAttributes; SearchStrategy: current) did not find any beans (OnBeanCondition)

   ErrorMvcAutoConfiguration.DefaultErrorViewResolverConfiguration#conventionErrorViewResolver matched:
      - @ConditionalOnBean (types: org.springframework.web.servlet.DispatcherServlet; SearchStrategy: all) found bean 'dispatcherServlet'; @ConditionalOnMissingBean (types: org.springframework.boot.webmvc.autoconfigure.error.ErrorViewResolver; SearchStrategy: all) did not find any beans (OnBeanCondition)

   ErrorMvcAutoConfiguration.WhitelabelErrorViewConfiguration matched:
      - @ConditionalOnBooleanProperty (spring.web.error.whitelabel.enabled=true) matched (OnPropertyCondition)
      - ErrorTemplate Missing did not find error template view (ErrorMvcAutoConfiguration.ErrorTemplateMissingCondition)

   ErrorMvcAutoConfiguration.WhitelabelErrorViewConfiguration#beanNameViewResolver matched:
      - @ConditionalOnMissingBean (types: org.springframework.web.servlet.view.BeanNameViewResolver; SearchStrategy: all) did not find any beans (OnBeanCondition)

   ErrorMvcAutoConfiguration.WhitelabelErrorViewConfiguration#defaultErrorView matched:
      - @ConditionalOnMissingBean (names: error; SearchStrategy: all) did not find any beans (OnBeanCondition)

   HealthContributorAutoConfiguration#pingHealthContributor matched:
      - @ConditionalOnEnabledHealthIndicator management.health.defaults.enabled is considered true (OnEnabledHealthIndicatorCondition)

   HealthContributorRegistryAutoConfiguration#healthContributorRegistry matched:
      - @ConditionalOnMissingBean (types: org.springframework.boot.health.registry.HealthContributorRegistry; SearchStrategy: all) did not find any beans (OnBeanCondition)

   HealthEndpointAutoConfiguration matched:
      - @ConditionalOnClass found required class 'org.springframework.boot.actuate.endpoint.annotation.Endpoint' (OnClassCondition)
      - @ConditionalOnAvailableEndpoint marked as exposed by a 'management.endpoints.web.exposure' property (OnAvailableEndpointCondition)
      - @ConditionalOnBean (types: org.springframework.boot.health.registry.HealthContributorRegistry; SearchStrategy: all) found bean 'healthContributorRegistry' (OnBeanCondition)

   HealthEndpointConfiguration#healthEndpoint matched:
      - @ConditionalOnMissingBean (types: org.springframework.boot.health.actuate.endpoint.HealthEndpoint; SearchStrategy: all) did not find any beans (OnBeanCondition)

   HealthEndpointConfiguration#healthEndpointGroupMembershipValidator matched:
      - @ConditionalOnBooleanProperty (management.endpoint.health.validate-group-membership=true) matched (OnPropertyCondition)

   HealthEndpointConfiguration#healthEndpointGroups matched:
      - @ConditionalOnMissingBean (types: org.springframework.boot.health.actuate.endpoint.HealthEndpointGroups; SearchStrategy: all) did not find any beans (OnBeanCondition)

   HealthEndpointConfiguration#healthHttpCodeStatusMapper matched:
      - @ConditionalOnMissingBean (types: org.springframework.boot.health.actuate.endpoint.HttpCodeStatusMapper; SearchStrategy: all) did not find any beans (OnBeanCondition)

   HealthEndpointConfiguration#healthStatusAggregator matched:
      - @ConditionalOnMissingBean (types: org.springframework.boot.health.actuate.endpoint.StatusAggregator; SearchStrategy: all) did not find any beans (OnBeanCondition)

   HealthEndpointWebExtensionConfiguration matched:
      - found 'session' scope (OnWebApplicationCondition)
      - @ConditionalOnAvailableEndpoint marked as exposed by a 'management.endpoints.web.exposure' property (OnAvailableEndpointCondition)
      - @ConditionalOnBean (types: org.springframework.boot.health.actuate.endpoint.HealthEndpoint; SearchStrategy: all) found bean 'healthEndpoint' (OnBeanCondition)

   HealthEndpointWebExtensionConfiguration#healthEndpointWebExtension matched:
      - @ConditionalOnMissingBean (types: org.springframework.boot.health.actuate.endpoint.HealthEndpointWebExtension; SearchStrategy: all) did not find any beans (OnBeanCondition)

   HibernateJpaAutoConfiguration matched:
      - @ConditionalOnClass found required classes 'org.springframework.orm.jpa.LocalContainerEntityManagerFactoryBean', 'jakarta.persistence.EntityManager', 'org.hibernate.engine.spi.SessionImplementor' (OnClassCondition)

   HibernateJpaConfiguration matched:
      - @ConditionalOnSingleCandidate (types: javax.sql.DataSource; SearchStrategy: all) found a single bean 'dataSource' (OnBeanCondition)

   HttpEncodingAutoConfiguration matched:
      - @ConditionalOnClass found required class 'org.springframework.web.filter.CharacterEncodingFilter' (OnClassCondition)
      - found 'session' scope (OnWebApplicationCondition)
      - @ConditionalOnBooleanProperty (spring.servlet.encoding.enabled=true) matched (OnPropertyCondition)

   HttpEncodingAutoConfiguration#characterEncodingFilter matched:
      - @ConditionalOnMissingBean (types: org.springframework.web.filter.CharacterEncodingFilter; SearchStrategy: all) did not find any beans (OnBeanCondition)

   HttpMessageConvertersAutoConfiguration matched:
      - @ConditionalOnClass found required class 'org.springframework.http.converter.HttpMessageConverter' (OnClassCondition)
      - NoneNestedConditions 0 matched 1 did not; NestedCondition on HttpMessageConvertersAutoConfiguration.NotReactiveWebApplicationCondition.ReactiveWebApplication did not find reactive web application classes (HttpMessageConvertersAutoConfiguration.NotReactiveWebApplicationCondition)

   HttpMessageConvertersAutoConfiguration.StringHttpMessageConverterConfiguration#stringHttpMessageConvertersCustomizer matched:
      - @ConditionalOnMissingBean (types: org.springframework.http.converter.StringHttpMessageConverter; SearchStrategy: all) did not find any beans (OnBeanCondition)

   InfoEndpointAutoConfiguration matched:
      - @ConditionalOnAvailableEndpoint marked as exposed by a 'management.endpoints.web.exposure' property (OnAvailableEndpointCondition)

   InfoEndpointAutoConfiguration#infoEndpoint matched:
      - @ConditionalOnMissingBean (types: org.springframework.boot.actuate.info.InfoEndpoint; SearchStrategy: all) did not find any beans (OnBeanCondition)

   Jackson2EndpointAutoConfiguration matched:
      - @ConditionalOnClass found required classes 'com.fasterxml.jackson.databind.ObjectMapper', 'org.springframework.http.converter.json.Jackson2ObjectMapperBuilder' (OnClassCondition)

   Jackson2EndpointAutoConfiguration#jackson2EndpointJsonMapper matched:
      - @ConditionalOnBooleanProperty (management.endpoints.jackson2.isolated-object-mapper=true) matched (OnPropertyCondition)

   JacksonAutoConfiguration matched:
      - @ConditionalOnClass found required class 'tools.jackson.databind.json.JsonMapper' (OnClassCondition)

   JacksonAutoConfiguration#jacksonJsonMapper matched:
      - @ConditionalOnMissingBean (types: tools.jackson.databind.json.JsonMapper; SearchStrategy: all) did not find any beans (OnBeanCondition)

   JacksonAutoConfiguration#jsonFactory matched:
      - @ConditionalOnMissingBean (types: tools.jackson.core.json.JsonFactory; SearchStrategy: all) did not find any beans (OnBeanCondition)

   JacksonAutoConfiguration#jsonMapperBuilder matched:
      - @ConditionalOnMissingBean (types: tools.jackson.databind.json.JsonMapper$Builder; SearchStrategy: all) did not find any beans (OnBeanCondition)

   JacksonAutoConfiguration.JsonProblemDetailsConfiguration matched:
      - @ConditionalOnClass found required class 'org.springframework.http.ProblemDetail' (OnClassCondition)

   JacksonEndpointAutoConfiguration matched:
      - @ConditionalOnClass found required class 'tools.jackson.databind.json.JsonMapper' (OnClassCondition)

   JacksonEndpointAutoConfiguration#endpointJsonMapper matched:
      - @ConditionalOnBooleanProperty (management.endpoints.jackson.isolated-json-mapper=true) matched (OnPropertyCondition)

   JacksonHttpMessageConvertersConfiguration.JacksonJsonHttpMessageConverterConfiguration matched:
      - @ConditionalOnClass found required class 'tools.jackson.databind.json.JsonMapper' (OnClassCondition)
      - @ConditionalOnProperty (spring.http.converters.preferred-json-mapper=jackson) matched (OnPropertyCondition)
      - @ConditionalOnBean (types: tools.jackson.databind.json.JsonMapper; SearchStrategy: all) found bean 'jacksonJsonMapper' (OnBeanCondition)

   JacksonHttpMessageConvertersConfiguration.JacksonJsonHttpMessageConverterConfiguration#jacksonJsonHttpMessageConvertersCustomizer matched:
      - @ConditionalOnMissingBean (types: org.springframework.http.converter.json.JacksonJsonHttpMessageConverter ignored: org.springframework.hateoas.server.mvc.TypeConstrainedJacksonJsonHttpMessageConverter,org.springframework.data.rest.webmvc.alps.AlpsJacksonJsonHttpMessageConverter; SearchStrategy: all) did not find any beans (OnBeanCondition)

   JdbcClientAutoConfiguration matched:
      - @ConditionalOnSingleCandidate (types: org.springframework.jdbc.core.namedparam.NamedParameterJdbcTemplate; SearchStrategy: all) found a single bean 'namedParameterJdbcTemplate'; @ConditionalOnMissingBean (types: org.springframework.jdbc.core.simple.JdbcClient; SearchStrategy: all) did not find any beans (OnBeanCondition)

   JdbcTemplateAutoConfiguration matched:
      - @ConditionalOnClass found required classes 'javax.sql.DataSource', 'org.springframework.jdbc.core.JdbcTemplate' (OnClassCondition)
      - @ConditionalOnSingleCandidate (types: javax.sql.DataSource; SearchStrategy: all) found a single bean 'dataSource' (OnBeanCondition)

   JdbcTemplateConfiguration matched:
      - @ConditionalOnMissingBean (types: org.springframework.jdbc.core.JdbcOperations; SearchStrategy: all) did not find any beans (OnBeanCondition)

   JpaBaseConfiguration#entityManagerFactory matched:
      - @ConditionalOnMissingBean (types: org.springframework.orm.jpa.LocalContainerEntityManagerFactoryBean,jakarta.persistence.EntityManagerFactory; SearchStrategy: all) did not find any beans (OnBeanCondition)

   JpaBaseConfiguration#entityManagerFactoryBuilder matched:
      - @ConditionalOnMissingBean (types: org.springframework.boot.jpa.EntityManagerFactoryBuilder; SearchStrategy: all) did not find any beans (OnBeanCondition)

   JpaBaseConfiguration#jpaVendorAdapter matched:
      - @ConditionalOnMissingBean (types: org.springframework.orm.jpa.JpaVendorAdapter; SearchStrategy: all) did not find any beans (OnBeanCondition)

   JpaBaseConfiguration#transactionManager matched:
      - @ConditionalOnMissingBean (types: org.springframework.transaction.TransactionManager; SearchStrategy: all) did not find any beans (OnBeanCondition)

   JpaBaseConfiguration.JpaWebConfiguration matched:
      - @ConditionalOnClass found required class 'org.springframework.web.servlet.config.annotation.WebMvcConfigurer' (OnClassCondition)
      - found 'session' scope (OnWebApplicationCondition)
      - @ConditionalOnBooleanProperty (spring.jpa.open-in-view=true) matched (OnPropertyCondition)
      - @ConditionalOnMissingBean (types: org.springframework.orm.jpa.support.OpenEntityManagerInViewInterceptor,org.springframework.orm.jpa.support.OpenEntityManagerInViewFilter; SearchStrategy: all) did not find any beans (OnBeanCondition)

   JpaBaseConfiguration.PersistenceManagedTypesConfiguration matched:
      - @ConditionalOnMissingBean (types: org.springframework.orm.jpa.LocalContainerEntityManagerFactoryBean,jakarta.persistence.EntityManagerFactory; SearchStrategy: all) did not find any beans (OnBeanCondition)

   JpaBaseConfiguration.PersistenceManagedTypesConfiguration#persistenceManagedTypes matched:
      - @ConditionalOnMissingBean (types: org.springframework.orm.jpa.persistenceunit.PersistenceManagedTypes; SearchStrategy: all) did not find any beans (OnBeanCondition)

   JtaAutoConfiguration matched:
      - @ConditionalOnClass found required class 'jakarta.transaction.Transaction' (OnClassCondition)
      - @ConditionalOnBooleanProperty (spring.jta.enabled=true) matched (OnPropertyCondition)

   JvmMetricsAutoConfiguration matched:
      - @ConditionalOnClass found required class 'io.micrometer.core.instrument.MeterRegistry' (OnClassCondition)
      - @ConditionalOnBean (types: io.micrometer.core.instrument.MeterRegistry; SearchStrategy: all) found bean 'simpleMeterRegistry' (OnBeanCondition)

   JvmMetricsAutoConfiguration#classLoaderMetrics matched:
      - @ConditionalOnMissingBean (types: io.micrometer.core.instrument.binder.jvm.ClassLoaderMetrics; SearchStrategy: all) did not find any beans (OnBeanCondition)

   JvmMetricsAutoConfiguration#jvmCompilationMetrics matched:
      - @ConditionalOnMissingBean (types: io.micrometer.core.instrument.binder.jvm.JvmCompilationMetrics; SearchStrategy: all) did not find any beans (OnBeanCondition)

   JvmMetricsAutoConfiguration#jvmGcMetrics matched:
      - @ConditionalOnMissingBean (types: io.micrometer.core.instrument.binder.jvm.JvmGcMetrics; SearchStrategy: all) did not find any beans (OnBeanCondition)

   JvmMetricsAutoConfiguration#jvmHeapPressureMetrics matched:
      - @ConditionalOnMissingBean (types: io.micrometer.core.instrument.binder.jvm.JvmHeapPressureMetrics; SearchStrategy: all) did not find any beans (OnBeanCondition)

   JvmMetricsAutoConfiguration#jvmInfoMetrics matched:
      - @ConditionalOnMissingBean (types: io.micrometer.core.instrument.binder.jvm.JvmInfoMetrics; SearchStrategy: all) did not find any beans (OnBeanCondition)

   JvmMetricsAutoConfiguration#jvmMemoryMetrics matched:
      - @ConditionalOnMissingBean (types: io.micrometer.core.instrument.binder.jvm.JvmMemoryMetrics; SearchStrategy: all) did not find any beans (OnBeanCondition)

   JvmMetricsAutoConfiguration#jvmThreadMetrics matched:
      - @ConditionalOnMissingBean (types: io.micrometer.core.instrument.binder.jvm.JvmThreadMetrics; SearchStrategy: all) did not find any beans (OnBeanCondition)

   LifecycleAutoConfiguration#defaultLifecycleProcessor matched:
      - @ConditionalOnMissingBean (names: lifecycleProcessor; SearchStrategy: current) did not find any beans (OnBeanCondition)

   LiquibaseAutoConfiguration matched:
      - @ConditionalOnClass found required classes 'liquibase.integration.spring.SpringLiquibase', 'liquibase.change.DatabaseChange' (OnClassCondition)
      - @ConditionalOnBooleanProperty (spring.liquibase.enabled=true) matched (OnPropertyCondition)
      - AnyNestedCondition 2 matched 1 did not; NestedCondition on LiquibaseAutoConfiguration.LiquibaseDataSourceCondition.LiquibaseUrlCondition @ConditionalOnProperty (spring.liquibase.url) did not find property 'spring.liquibase.url'; NestedCondition on LiquibaseAutoConfiguration.LiquibaseDataSourceCondition.JdbcConnectionDetailsCondition @ConditionalOnBean (types: org.springframework.boot.jdbc.autoconfigure.JdbcConnectionDetails; SearchStrategy: all) found bean 'jdbcConnectionDetails'; NestedCondition on LiquibaseAutoConfiguration.LiquibaseDataSourceCondition.DataSourceBeanCondition @ConditionalOnBean (types: javax.sql.DataSource; SearchStrategy: all) found bean 'dataSource' (LiquibaseAutoConfiguration.LiquibaseDataSourceCondition)

   LiquibaseAutoConfiguration.CustomizerConfiguration matched:
      - @ConditionalOnClass found required class 'liquibase.integration.spring.Customizer' (OnClassCondition)

   LiquibaseAutoConfiguration.LiquibaseConfiguration matched:
      - @ConditionalOnClass found required class 'org.springframework.jdbc.core.ConnectionCallback' (OnClassCondition)
      - @ConditionalOnMissingBean (types: liquibase.integration.spring.SpringLiquibase; SearchStrategy: all) did not find any beans (OnBeanCondition)

   LiquibaseAutoConfiguration.LiquibaseConfiguration#liquibaseConnectionDetails matched:
      - @ConditionalOnMissingBean (types: org.springframework.boot.liquibase.autoconfigure.LiquibaseConnectionDetails; SearchStrategy: all) did not find any beans (OnBeanCondition)

   LogbackMetricsAutoConfiguration matched:
      - @ConditionalOnClass found required classes 'io.micrometer.core.instrument.MeterRegistry', 'ch.qos.logback.classic.LoggerContext', 'org.slf4j.LoggerFactory' (OnClassCondition)
      - LogbackLoggingCondition ILoggerFactory is a Logback LoggerContext (LogbackMetricsAutoConfiguration.LogbackLoggingCondition)
      - @ConditionalOnBean (types: io.micrometer.core.instrument.MeterRegistry; SearchStrategy: all) found bean 'simpleMeterRegistry' (OnBeanCondition)

   LogbackMetricsAutoConfiguration#logbackMetrics matched:
      - @ConditionalOnMissingBean (types: io.micrometer.core.instrument.binder.logging.LogbackMetrics; SearchStrategy: all) did not find any beans (OnBeanCondition)

   ManagementContextAutoConfiguration.SameManagementContextConfiguration matched:
      - Management Port actual port type (SAME) matched required type (OnManagementPortCondition)

   MetricsAutoConfiguration matched:
      - @ConditionalOnClass found required class 'io.micrometer.core.annotation.Timed' (OnClassCondition)

   MetricsAutoConfiguration#micrometerClock matched:
      - @ConditionalOnMissingBean (types: io.micrometer.core.instrument.Clock; SearchStrategy: all) did not find any beans (OnBeanCondition)

   MetricsEndpointAutoConfiguration matched:
      - @ConditionalOnClass found required classes 'org.springframework.boot.actuate.autoconfigure.endpoint.condition.ConditionalOnAvailableEndpoint', 'io.micrometer.core.annotation.Timed' (OnClassCondition)
      - @ConditionalOnAvailableEndpoint marked as exposed by a 'management.endpoints.web.exposure' property (OnAvailableEndpointCondition)

   MetricsEndpointAutoConfiguration#metricsEndpoint matched:
      - @ConditionalOnBean (types: io.micrometer.core.instrument.MeterRegistry; SearchStrategy: all) found bean 'simpleMeterRegistry'; @ConditionalOnMissingBean (types: org.springframework.boot.micrometer.metrics.actuate.endpoint.MetricsEndpoint; SearchStrategy: all) did not find any beans (OnBeanCondition)

   MultipartAutoConfiguration matched:
      - @ConditionalOnClass found required classes 'jakarta.servlet.Servlet', 'org.springframework.web.multipart.support.StandardServletMultipartResolver', 'jakarta.servlet.MultipartConfigElement' (OnClassCondition)
      - found 'session' scope (OnWebApplicationCondition)
      - @ConditionalOnBooleanProperty (spring.servlet.multipart.enabled=true) matched (OnPropertyCondition)

   MultipartAutoConfiguration#multipartConfigElement matched:
      - @ConditionalOnMissingBean (types: jakarta.servlet.MultipartConfigElement; SearchStrategy: all) did not find any beans (OnBeanCondition)

   MultipartAutoConfiguration#multipartResolver matched:
      - @ConditionalOnMissingBean (types: org.springframework.web.multipart.MultipartResolver; SearchStrategy: all) did not find any beans (OnBeanCondition)

   NamedParameterJdbcTemplateConfiguration matched:
      - @ConditionalOnSingleCandidate (types: org.springframework.jdbc.core.JdbcTemplate; SearchStrategy: all) found a single bean 'jdbcTemplate'; @ConditionalOnMissingBean (types: org.springframework.jdbc.core.namedparam.NamedParameterJdbcOperations; SearchStrategy: all) did not find any beans (OnBeanCondition)

   ObservationAutoConfiguration matched:
      - @ConditionalOnClass found required class 'io.micrometer.observation.ObservationRegistry' (OnClassCondition)

   ObservationAutoConfiguration#observationRegistry matched:
      - @ConditionalOnMissingBean (types: io.micrometer.observation.ObservationRegistry; SearchStrategy: all) did not find any beans (OnBeanCondition)

   ObservationAutoConfiguration#spelValueExpressionResolver matched:
      - @ConditionalOnMissingBean (types: io.micrometer.common.annotation.ValueExpressionResolver; SearchStrategy: all) did not find any beans (OnBeanCondition)

   PersistenceExceptionTranslationAutoConfiguration matched:
      - @ConditionalOnClass found required class 'org.springframework.dao.annotation.PersistenceExceptionTranslationPostProcessor' (OnClassCondition)

   PersistenceExceptionTranslationAutoConfiguration#persistenceExceptionTranslationPostProcessor matched:
      - @ConditionalOnBooleanProperty (spring.persistence.exceptiontranslation.enabled=true) matched (OnPropertyCondition)
      - @ConditionalOnMissingBean (types: org.springframework.dao.annotation.PersistenceExceptionTranslationPostProcessor; SearchStrategy: all) did not find any beans (OnBeanCondition)

   PropertyPlaceholderAutoConfiguration#propertySourcesPlaceholderConfigurer matched:
      - @ConditionalOnMissingBean (types: org.springframework.context.support.PropertySourcesPlaceholderConfigurer; SearchStrategy: current) did not find any beans (OnBeanCondition)

   ScheduledTasksObservationAutoConfiguration matched:
      - @ConditionalOnClass found required class 'org.springframework.scheduling.concurrent.ThreadPoolTaskScheduler' (OnClassCondition)
      - @ConditionalOnBean (types: io.micrometer.observation.ObservationRegistry; SearchStrategy: all) found bean 'observationRegistry' (OnBeanCondition)

   SecurityAutoConfiguration matched:
      - @ConditionalOnClass found required class 'org.springframework.security.authentication.DefaultAuthenticationEventPublisher' (OnClassCondition)

   SecurityAutoConfiguration#authenticationEventPublisher matched:
      - @ConditionalOnMissingBean (types: org.springframework.security.authentication.AuthenticationEventPublisher; SearchStrategy: all) did not find any beans (OnBeanCondition)

   SecurityFilterAutoConfiguration matched:
      - @ConditionalOnClass found required classes 'org.springframework.security.web.context.AbstractSecurityWebApplicationInitializer', 'org.springframework.security.config.http.SessionCreationPolicy' (OnClassCondition)
      - found 'session' scope (OnWebApplicationCondition)

   SecurityFilterAutoConfiguration#securityFilterChainRegistration matched:
      - @ConditionalOnBean (names: springSecurityFilterChain; SearchStrategy: all) found bean 'springSecurityFilterChain' (OnBeanCondition)

   SecurityRequestMatchersManagementContextConfiguration matched:
      - @ConditionalOnClass found required class 'org.springframework.security.web.util.matcher.RequestMatcher' (OnClassCondition)
      - found 'session' scope (OnWebApplicationCondition)

   SecurityRequestMatchersManagementContextConfiguration.MvcRequestMatcherConfiguration matched:
      - @ConditionalOnClass found required class 'org.springframework.web.servlet.DispatcherServlet' (OnClassCondition)
      - @ConditionalOnBean (types: org.springframework.boot.webmvc.autoconfigure.DispatcherServletPath; SearchStrategy: all) found bean 'dispatcherServletRegistration' (OnBeanCondition)

   SecurityRequestMatchersManagementContextConfiguration.MvcRequestMatcherConfiguration#requestMatcherProvider matched:
      - @ConditionalOnMissingBean (types: org.springframework.boot.security.autoconfigure.actuate.web.servlet.RequestMatcherProvider; SearchStrategy: all) did not find any beans (OnBeanCondition)

   ServletEndpointManagementContextConfiguration matched:
      - found 'session' scope (OnWebApplicationCondition)

   ServletManagementContextAutoConfiguration matched:
      - @ConditionalOnClass found required classes 'jakarta.servlet.Servlet', 'org.springframework.boot.actuate.autoconfigure.endpoint.web.WebEndpointProperties' (OnClassCondition)
      - found 'session' scope (OnWebApplicationCondition)

   ServletWebSecurityAutoConfiguration matched:
      - @ConditionalOnClass found required class 'org.springframework.security.config.annotation.web.configuration.EnableWebSecurity' (OnClassCondition)
      - found 'session' scope (OnWebApplicationCondition)

   ServletWebSecurityAutoConfiguration.EnableWebSecurityConfiguration matched:
      - @ConditionalOnClass found required class 'org.springframework.security.config.annotation.web.configuration.EnableWebSecurity' (OnClassCondition)
      - @ConditionalOnMissingBean (names: springSecurityFilterChain; SearchStrategy: all) did not find any beans (OnBeanCondition)

   ServletWebSecurityAutoConfiguration.PathPatternRequestMatcherBuilderConfiguration matched:
      - @ConditionalOnClass found required class 'org.springframework.boot.webmvc.autoconfigure.DispatcherServletPath' (OnClassCondition)
      - @ConditionalOnBean (types: org.springframework.boot.webmvc.autoconfigure.DispatcherServletPath; SearchStrategy: all) found bean 'dispatcherServletRegistration' (OnBeanCondition)

   ServletWebSecurityAutoConfiguration.PathPatternRequestMatcherBuilderConfiguration#pathPatternRequestMatcherBuilder matched:
      - @ConditionalOnMissingBean (types: org.springframework.security.web.servlet.util.matcher.PathPatternRequestMatcher$Builder; SearchStrategy: all) did not find any beans (OnBeanCondition)

   SimpleMetricsExportAutoConfiguration matched:
      - @ConditionalOnEnabledMetricsExport management.defaults.metrics.export.enabled is considered true (OnMetricsExportEnabledCondition)
      - @ConditionalOnBean (types: io.micrometer.core.instrument.Clock; SearchStrategy: all) found bean 'micrometerClock'; @ConditionalOnMissingBean (types: io.micrometer.core.instrument.MeterRegistry; SearchStrategy: all) did not find any beans (OnBeanCondition)

   SimpleMetricsExportAutoConfiguration#simpleConfig matched:
      - @ConditionalOnMissingBean (types: io.micrometer.core.instrument.simple.SimpleConfig; SearchStrategy: all) did not find any beans (OnBeanCondition)

   SpringDocConfigProperties matched:
      - @ConditionalOnProperty (springdoc.api-docs.enabled) matched (OnPropertyCondition)
      - @ConditionalOnBean (types: org.springdoc.core.configuration.SpringDocConfiguration; SearchStrategy: all) found bean 'org.springdoc.core.configuration.SpringDocConfiguration' (OnBeanCondition)

   SpringDocConfiguration matched:
      - @ConditionalOnWebApplication (required) found 'session' scope (OnWebApplicationCondition)
      - @ConditionalOnProperty (springdoc.api-docs.enabled) matched (OnPropertyCondition)

   SpringDocConfiguration#fileSupportConverter matched:
      - @ConditionalOnMissingBean (types: org.springdoc.core.converters.FileSupportConverter; SearchStrategy: all) did not find any beans (OnBeanCondition)

   SpringDocConfiguration#globalOpenApiCustomizer matched:
      - @ConditionalOnMissingBean (names: globalOpenApiCustomizer; SearchStrategy: all) did not find any beans (OnBeanCondition)

   SpringDocConfiguration#initExtraSchemas matched:
      - @ConditionalOnProperty (springdoc.enable-extra-schemas) matched (OnPropertyCondition)

   SpringDocConfiguration#oas31ModelConverter matched:
      - @ConditionalOnMissingBean (types: org.springdoc.core.converters.OAS31ModelConverter; SearchStrategy: all) did not find any beans (OnBeanCondition)

   SpringDocConfiguration#openAPIBuilder matched:
      - @ConditionalOnMissingBean (types: org.springdoc.core.service.OpenAPIService; SearchStrategy: all) did not find any beans (OnBeanCondition)

   SpringDocConfiguration#operationBuilder matched:
      - @ConditionalOnMissingBean (types: org.springdoc.core.service.OperationService; SearchStrategy: all) did not find any beans (OnBeanCondition)

   SpringDocConfiguration#parameterBuilder matched:
      - @ConditionalOnMissingBean (types: org.springdoc.core.service.GenericParameterService; SearchStrategy: all) did not find any beans (OnBeanCondition)

   SpringDocConfiguration#parameterObjectNamingStrategyCustomizer matched:
      - @ConditionalOnMissingBean (types: org.springdoc.core.customizers.ParameterObjectNamingStrategyCustomizer; SearchStrategy: all) did not find any beans (OnBeanCondition)

   SpringDocConfiguration#polymorphicModelConverter matched:
      - @ConditionalOnProperty (springdoc.model-converters.polymorphic-converter.enabled) matched (OnPropertyCondition)
      - @ConditionalOnMissingBean (types: org.springdoc.core.converters.PolymorphicModelConverter; SearchStrategy: all) did not find any beans (OnBeanCondition)

   SpringDocConfiguration#requestBodyBuilder matched:
      - @ConditionalOnMissingBean (types: org.springdoc.core.service.RequestBodyService; SearchStrategy: all) did not find any beans (OnBeanCondition)

   SpringDocConfiguration#responseSupportConverter matched:
      - @ConditionalOnMissingBean (types: org.springdoc.core.converters.ResponseSupportConverter; SearchStrategy: all) did not find any beans (OnBeanCondition)

   SpringDocConfiguration#schemaPropertyDeprecatingConverter matched:
      - @ConditionalOnProperty (springdoc.model-converters.deprecating-converter.enabled) matched (OnPropertyCondition)
      - @ConditionalOnMissingBean (types: org.springdoc.core.converters.SchemaPropertyDeprecatingConverter; SearchStrategy: all) did not find any beans (OnBeanCondition)

   SpringDocConfiguration#securityParser matched:
      - @ConditionalOnMissingBean (types: org.springdoc.core.service.SecurityService; SearchStrategy: all) did not find any beans (OnBeanCondition)

   SpringDocConfiguration#springDocCustomizers matched:
      - @ConditionalOnMissingBean (types: org.springdoc.core.customizers.SpringDocCustomizers; SearchStrategy: all) did not find any beans (OnBeanCondition)

   SpringDocConfiguration#springDocProviders matched:
      - @ConditionalOnMissingBean (types: org.springdoc.core.providers.SpringDocProviders; SearchStrategy: all) did not find any beans (OnBeanCondition)

   SpringDocConfiguration#springdocObjectMapperProvider matched:
      - @ConditionalOnMissingBean (types: org.springdoc.core.providers.ObjectMapperProvider; SearchStrategy: all) did not find any beans (OnBeanCondition)

   SpringDocConfiguration.QuerydslProvider matched:
      - @ConditionalOnClass found required class 'org.springframework.data.querydsl.binding.QuerydslBindingsFactory' (OnClassCondition)

   SpringDocConfiguration.QuerydslProvider#queryDslQuerydslPredicateOperationCustomizer matched:
      - @ConditionalOnMissingBean (types: org.springdoc.core.customizers.QuerydslPredicateOperationCustomizer; SearchStrategy: all) did not find any beans (OnBeanCondition)

   SpringDocConfiguration.WebConversionServiceConfiguration matched:
      - @ConditionalOnClass found required class 'org.springframework.boot.autoconfigure.web.format.WebConversionService' (OnClassCondition)

   SpringDocPageableConfiguration matched:
      - @ConditionalOnClass found required class 'org.springframework.data.domain.Pageable' (OnClassCondition)
      - @ConditionalOnWebApplication (required) found 'session' scope (OnWebApplicationCondition)
      - @ConditionalOnProperty (springdoc.api-docs.enabled) matched (OnPropertyCondition)
      - @ConditionalOnBean (types: org.springdoc.core.configuration.SpringDocConfiguration; SearchStrategy: all) found bean 'org.springdoc.core.configuration.SpringDocConfiguration' (OnBeanCondition)

   SpringDocPageableConfiguration#dataRestDelegatingMethodParameterCustomizer matched:
      - @ConditionalOnMissingBean (types: org.springdoc.core.customizers.DataRestDelegatingMethodParameterCustomizer; SearchStrategy: all) did not find any beans (OnBeanCondition)

   SpringDocPageableConfiguration#pageOpenAPIConverter matched:
      - @ConditionalOnClass found required classes 'org.springframework.data.web.PagedModel', 'org.springframework.data.web.config.SpringDataWebSettings' (OnClassCondition)
      - @ConditionalOnMissingBean (types: org.springdoc.core.converters.PageOpenAPIConverter; SearchStrategy: all) did not find any beans (OnBeanCondition)

   SpringDocPageableConfiguration#pageableOpenAPIConverter matched:
      - @ConditionalOnProperty (springdoc.model-converters.pageable-converter.enabled) matched (OnPropertyCondition)
      - @ConditionalOnMissingBean (types: org.springdoc.core.converters.PageableOpenAPIConverter; SearchStrategy: all) did not find any beans (OnBeanCondition)

   SpringDocSecurityConfiguration matched:
      - @ConditionalOnClass found required class 'org.springframework.security.web.SecurityFilterChain' (OnClassCondition)
      - @ConditionalOnWebApplication (required) found 'session' scope (OnWebApplicationCondition)
      - @ConditionalOnExpression (#{${springdoc.api-docs.enabled:true} and ${springdoc.enable-spring-security:true}}) resulted in true (OnExpressionCondition)
      - @ConditionalOnBean (types: org.springdoc.core.configuration.SpringDocConfiguration; SearchStrategy: all) found bean 'org.springdoc.core.configuration.SpringDocConfiguration' (OnBeanCondition)

   SpringDocSecurityConfiguration.SpringSecurityLoginEndpointConfiguration matched:
      - @ConditionalOnClass found required class 'jakarta.servlet.Filter' (OnClassCondition)

   SpringDocSortConfiguration matched:
      - @ConditionalOnClass found required class 'org.springframework.data.domain.Sort' (OnClassCondition)
      - @ConditionalOnWebApplication (required) found 'session' scope (OnWebApplicationCondition)
      - @ConditionalOnProperty (springdoc.api-docs.enabled) matched (OnPropertyCondition)
      - @ConditionalOnBean (types: org.springdoc.core.configuration.SpringDocConfiguration; SearchStrategy: all) found bean 'org.springdoc.core.configuration.SpringDocConfiguration' (OnBeanCondition)

   SpringDocSortConfiguration#sortOpenAPIConverter matched:
      - @ConditionalOnProperty (springdoc.sort-converter.enabled) matched (OnPropertyCondition)
      - @ConditionalOnMissingBean (types: org.springdoc.core.converters.SortOpenAPIConverter; SearchStrategy: all) did not find any beans (OnBeanCondition)

   SpringDocWebMvcConfiguration matched:
      - found 'session' scope (OnWebApplicationCondition)
      - @ConditionalOnProperty (springdoc.api-docs.enabled) matched (OnPropertyCondition)
      - @ConditionalOnBean (types: org.springdoc.core.configuration.SpringDocConfiguration; SearchStrategy: all) found bean 'org.springdoc.core.configuration.SpringDocConfiguration' (OnBeanCondition)

   SpringDocWebMvcConfiguration#openApiResource matched:
      - @ConditionalOnExpression (#{(${springdoc.use-management-port:false} == false ) and ${springdoc.enable-default-api-docs:true}}) resulted in true (OnExpressionCondition)
      - @ConditionalOnMissingBean (types: org.springdoc.webmvc.api.OpenApiWebMvcResource; SearchStrategy: all) did not find any beans (OnBeanCondition)

   SpringDocWebMvcConfiguration#requestBuilder matched:
      - @ConditionalOnMissingBean (types: org.springdoc.webmvc.core.service.RequestService; SearchStrategy: all) did not find any beans (OnBeanCondition)

   SpringDocWebMvcConfiguration#responseBuilder matched:
      - @ConditionalOnMissingBean (types: org.springdoc.core.service.GenericResponseService; SearchStrategy: all) did not find any beans (OnBeanCondition)

   SpringDocWebMvcConfiguration#springWebProvider matched:
      - @ConditionalOnMissingBean (types: org.springdoc.core.providers.SpringWebProvider; SearchStrategy: all) did not find any beans (OnBeanCondition)

   SpringDocWebMvcConfiguration.SpringDocWebMvcRouterConfiguration matched:
      - @ConditionalOnClass found required class 'org.springframework.web.servlet.function.RouterFunction' (OnClassCondition)

   SpringDocWebMvcConfiguration.SpringDocWebMvcRouterConfiguration#routerFunctionProvider matched:
      - @ConditionalOnMissingBean (types: org.springdoc.webmvc.core.providers.RouterFunctionWebMvcProvider; SearchStrategy: all) did not find any beans (OnBeanCondition)

   SslAutoConfiguration#sslBundleRegistry matched:
      - @ConditionalOnMissingBean (types: org.springframework.boot.ssl.SslBundleRegistry,org.springframework.boot.ssl.SslBundles; SearchStrategy: all) did not find any beans (OnBeanCondition)

   SslHealthContributorAutoConfiguration matched:
      - @ConditionalOnClass found required class 'org.springframework.boot.health.contributor.Health' (OnClassCondition)
      - @ConditionalOnEnabledHealthIndicator management.health.defaults.enabled is considered true (OnEnabledHealthIndicatorCondition)

   SslHealthContributorAutoConfiguration#sslHealthIndicator matched:
      - @ConditionalOnMissingBean (names: sslHealthIndicator; SearchStrategy: all) did not find any beans (OnBeanCondition)

   SslHealthContributorAutoConfiguration#sslInfo matched:
      - @ConditionalOnMissingBean (types: org.springframework.boot.info.SslInfo; SearchStrategy: all) did not find any beans (OnBeanCondition)

   SslMetricsAutoConfiguration matched:
      - @ConditionalOnClass found required class 'io.micrometer.core.instrument.MeterRegistry' (OnClassCondition)
      - @ConditionalOnBean (types: io.micrometer.core.instrument.MeterRegistry,org.springframework.boot.ssl.SslBundles; SearchStrategy: all) found beans 'sslBundleRegistry', 'simpleMeterRegistry' (OnBeanCondition)

   StartupTimeMetricsListenerAutoConfiguration matched:
      - @ConditionalOnClass found required class 'io.micrometer.core.instrument.MeterRegistry' (OnClassCondition)
      - @ConditionalOnBean (types: io.micrometer.core.instrument.MeterRegistry; SearchStrategy: all) found bean 'simpleMeterRegistry' (OnBeanCondition)

   StartupTimeMetricsListenerAutoConfiguration#startupTimeMetrics matched:
      - @ConditionalOnMissingBean (types: org.springframework.boot.micrometer.metrics.startup.StartupTimeMetricsListener; SearchStrategy: all) did not find any beans (OnBeanCondition)

   SwaggerConfig matched:
      - found 'session' scope (OnWebApplicationCondition)
      - @ConditionalOnProperty (springdoc.swagger-ui.enabled) matched (OnPropertyCondition)
      - @ConditionalOnBean (types: org.springdoc.core.configuration.SpringDocConfiguration; SearchStrategy: all) found bean 'org.springdoc.core.configuration.SpringDocConfiguration' (OnBeanCondition)

   SwaggerConfig#indexPageTransformer matched:
      - @ConditionalOnMissingBean (types: org.springdoc.webmvc.ui.SwaggerIndexTransformer; SearchStrategy: all) did not find any beans (OnBeanCondition)

   SwaggerConfig#swaggerConfigResource matched:
      - @ConditionalOnProperty (springdoc.use-management-port=false) matched (OnPropertyCondition)
      - @ConditionalOnMissingBean (types: org.springdoc.webmvc.ui.SwaggerConfigResource; SearchStrategy: all) did not find any beans (OnBeanCondition)

   SwaggerConfig#swaggerResourceResolver matched:
      - @ConditionalOnMissingBean (types: org.springdoc.webmvc.ui.SwaggerResourceResolver; SearchStrategy: all) did not find any beans (OnBeanCondition)

   SwaggerConfig#swaggerWebMvcConfigurer matched:
      - @ConditionalOnMissingBean (types: org.springdoc.webmvc.ui.SwaggerWebMvcConfigurer; SearchStrategy: all) did not find any beans (OnBeanCondition)

   SwaggerConfig#swaggerWelcome matched:
      - @ConditionalOnProperty (springdoc.use-management-port=false) matched (OnPropertyCondition)
      - @ConditionalOnMissingBean (types: org.springdoc.webmvc.ui.SwaggerWelcomeWebMvc; SearchStrategy: all) did not find any beans (OnBeanCondition)

   SwaggerUiConfigProperties matched:
      - @ConditionalOnProperty (springdoc.swagger-ui.enabled) matched (OnPropertyCondition)
      - @ConditionalOnBean (types: org.springdoc.core.configuration.SpringDocConfiguration; SearchStrategy: all) found bean 'org.springdoc.core.configuration.SpringDocConfiguration' (OnBeanCondition)

   SwaggerUiOAuthProperties matched:
      - @ConditionalOnProperty (springdoc.swagger-ui.enabled) matched (OnPropertyCondition)
      - @ConditionalOnBean (types: org.springdoc.core.configuration.SpringDocConfiguration; SearchStrategy: all) found bean 'org.springdoc.core.configuration.SpringDocConfiguration' (OnBeanCondition)

   SystemMetricsAutoConfiguration matched:
      - @ConditionalOnClass found required class 'io.micrometer.core.instrument.MeterRegistry' (OnClassCondition)
      - @ConditionalOnBean (types: io.micrometer.core.instrument.MeterRegistry; SearchStrategy: all) found bean 'simpleMeterRegistry' (OnBeanCondition)

   SystemMetricsAutoConfiguration#diskSpaceMetrics matched:
      - @ConditionalOnMissingBean (types: org.springframework.boot.micrometer.metrics.system.DiskSpaceMetricsBinder; SearchStrategy: all) did not find any beans (OnBeanCondition)

   SystemMetricsAutoConfiguration#fileDescriptorMetrics matched:
      - @ConditionalOnMissingBean (types: io.micrometer.core.instrument.binder.system.FileDescriptorMetrics; SearchStrategy: all) did not find any beans (OnBeanCondition)

   SystemMetricsAutoConfiguration#processorMetrics matched:
      - @ConditionalOnMissingBean (types: io.micrometer.core.instrument.binder.system.ProcessorMetrics; SearchStrategy: all) did not find any beans (OnBeanCondition)

   SystemMetricsAutoConfiguration#uptimeMetrics matched:
      - @ConditionalOnMissingBean (types: io.micrometer.core.instrument.binder.system.UptimeMetrics; SearchStrategy: all) did not find any beans (OnBeanCondition)

   TaskExecutionAutoConfiguration matched:
      - @ConditionalOnClass found required class 'org.springframework.scheduling.concurrent.ThreadPoolTaskExecutor' (OnClassCondition)

   TaskExecutorConfigurations.AsyncConfigurerConfiguration matched:
      - @ConditionalOnMissingBean (types: org.springframework.scheduling.annotation.AsyncConfigurer; SearchStrategy: all) did not find any beans (OnBeanCondition)

   TaskExecutorConfigurations.SimpleAsyncTaskExecutorBuilderConfiguration#simpleAsyncTaskExecutorBuilder matched:
      - @ConditionalOnMissingBean (types: org.springframework.boot.task.SimpleAsyncTaskExecutorBuilder; SearchStrategy: all) did not find any beans (OnBeanCondition)
      - @ConditionalOnThreading found PLATFORM (OnThreadingCondition)

   TaskExecutorConfigurations.TaskExecutorConfiguration matched:
      - AnyNestedCondition 1 matched 1 did not; NestedCondition on TaskExecutorConfigurations.OnExecutorCondition.ModelCondition @ConditionalOnProperty (spring.task.execution.mode=force) did not find property 'spring.task.execution.mode'; NestedCondition on TaskExecutorConfigurations.OnExecutorCondition.ExecutorBeanCondition @ConditionalOnMissingBean (types: java.util.concurrent.Executor; SearchStrategy: all) did not find any beans (TaskExecutorConfigurations.OnExecutorCondition)

   TaskExecutorConfigurations.TaskExecutorConfiguration#applicationTaskExecutor matched:
      - @ConditionalOnThreading found PLATFORM (OnThreadingCondition)

   TaskExecutorConfigurations.ThreadPoolTaskExecutorBuilderConfiguration#threadPoolTaskExecutorBuilder matched:
      - @ConditionalOnMissingBean (types: org.springframework.boot.task.ThreadPoolTaskExecutorBuilder; SearchStrategy: all) did not find any beans (OnBeanCondition)

   TaskExecutorMetricsAutoConfiguration matched:
      - @ConditionalOnClass found required class 'io.micrometer.core.instrument.binder.jvm.ExecutorServiceMetrics' (OnClassCondition)
      - @ConditionalOnBean (types: java.util.concurrent.Executor,io.micrometer.core.instrument.MeterRegistry; SearchStrategy: all) found beans 'applicationTaskExecutor', 'simpleMeterRegistry' (OnBeanCondition)

   TaskSchedulingAutoConfiguration matched:
      - @ConditionalOnClass found required class 'org.springframework.scheduling.concurrent.ThreadPoolTaskScheduler' (OnClassCondition)

   TaskSchedulingConfigurations.SimpleAsyncTaskSchedulerBuilderConfiguration#simpleAsyncTaskSchedulerBuilder matched:
      - @ConditionalOnMissingBean (types: org.springframework.boot.task.SimpleAsyncTaskSchedulerBuilder; SearchStrategy: all) did not find any beans (OnBeanCondition)
      - @ConditionalOnThreading found PLATFORM (OnThreadingCondition)

   TaskSchedulingConfigurations.ThreadPoolTaskSchedulerBuilderConfiguration#threadPoolTaskSchedulerBuilder matched:
      - @ConditionalOnMissingBean (types: org.springframework.boot.task.ThreadPoolTaskSchedulerBuilder; SearchStrategy: all) did not find any beans (OnBeanCondition)

   TemplateEngineConfigurations.DefaultTemplateEngineConfiguration#templateEngine matched:
      - @ConditionalOnMissingBean (types: org.thymeleaf.spring6.ISpringTemplateEngine; SearchStrategy: all) did not find any beans (OnBeanCondition)

   ThymeleafAutoConfiguration matched:
      - @ConditionalOnClass found required classes 'org.thymeleaf.templatemode.TemplateMode', 'org.thymeleaf.spring6.SpringTemplateEngine' (OnClassCondition)

   ThymeleafAutoConfiguration.DefaultTemplateResolverConfiguration matched:
      - @ConditionalOnMissingBean (names: defaultTemplateResolver; SearchStrategy: all) did not find any beans (OnBeanCondition)

   ThymeleafAutoConfiguration.ThymeleafSecurityDialectConfiguration matched:
      - @ConditionalOnClass found required classes 'org.thymeleaf.extras.springsecurity6.dialect.SpringSecurityDialect', 'org.springframework.security.web.server.csrf.CsrfToken' (OnClassCondition)

   ThymeleafAutoConfiguration.ThymeleafSecurityDialectConfiguration#securityDialect matched:
      - @ConditionalOnMissingBean (types: org.thymeleaf.extras.springsecurity6.dialect.SpringSecurityDialect; SearchStrategy: all) did not find any beans (OnBeanCondition)

   ThymeleafAutoConfiguration.ThymeleafWebMvcConfiguration matched:
      - found 'session' scope (OnWebApplicationCondition)

   ThymeleafAutoConfiguration.ThymeleafWebMvcConfiguration#resourceUrlEncodingFilter matched:
      - @ConditionalOnEnabledResourceChain found class org.webjars.WebJarVersionLocator (OnEnabledResourceChainCondition)
      - @ConditionalOnMissingBean (types: org.springframework.web.servlet.resource.ResourceUrlEncodingFilter; SearchStrategy: all) did not find any beans (OnBeanCondition)

   ThymeleafAutoConfiguration.ThymeleafWebMvcConfiguration.ThymeleafViewResolverConfiguration matched:
      - @ConditionalOnClass found required class 'org.springframework.web.servlet.view.AbstractCachingViewResolver' (OnClassCondition)

   ThymeleafAutoConfiguration.ThymeleafWebMvcConfiguration.ThymeleafViewResolverConfiguration#thymeleafViewResolver matched:
      - @ConditionalOnMissingBean (names: thymeleafViewResolver; SearchStrategy: all) did not find any beans (OnBeanCondition)

   TomcatMetricsAutoConfiguration matched:
      - @ConditionalOnClass found required classes 'io.micrometer.core.instrument.binder.tomcat.TomcatMetrics', 'org.apache.catalina.Manager', 'io.micrometer.core.instrument.MeterRegistry' (OnClassCondition)
      - @ConditionalOnWebApplication (required) found 'session' scope (OnWebApplicationCondition)

   TomcatMetricsAutoConfiguration#tomcatMetricsBinder matched:
      - @ConditionalOnBean (types: io.micrometer.core.instrument.MeterRegistry; SearchStrategy: all) found bean 'simpleMeterRegistry'; @ConditionalOnMissingBean (types: io.micrometer.core.instrument.binder.tomcat.TomcatMetrics,org.springframework.boot.tomcat.metrics.TomcatMetricsBinder; SearchStrategy: all) did not find any beans (OnBeanCondition)

   TomcatServletWebServerAutoConfiguration matched:
      - @ConditionalOnClass found required classes 'jakarta.servlet.ServletRequest', 'org.apache.catalina.startup.Tomcat', 'org.apache.coyote.UpgradeProtocol', 'org.springframework.boot.tomcat.servlet.TomcatServletWebServerFactory' (OnClassCondition)
      - found 'session' scope (OnWebApplicationCondition)

   TomcatServletWebServerAutoConfiguration#tomcatServletWebServerFactory matched:
      - @ConditionalOnMissingBean (types: org.springframework.boot.web.server.servlet.ServletWebServerFactory; SearchStrategy: current) did not find any beans (OnBeanCondition)

   TransactionAutoConfiguration matched:
      - @ConditionalOnClass found required class 'org.springframework.transaction.PlatformTransactionManager' (OnClassCondition)

   TransactionAutoConfiguration.EnableTransactionManagementConfiguration matched:
      - @ConditionalOnBean (types: org.springframework.transaction.TransactionManager; SearchStrategy: all) found bean 'transactionManager'; @ConditionalOnMissingBean (types: org.springframework.transaction.annotation.AbstractTransactionManagementConfiguration; SearchStrategy: all) did not find any beans (OnBeanCondition)

   TransactionAutoConfiguration.EnableTransactionManagementConfiguration.CglibAutoProxyConfiguration matched:
      - @ConditionalOnBooleanProperty (spring.aop.proxy-target-class=true) matched (OnPropertyCondition)

   TransactionAutoConfiguration.TransactionTemplateConfiguration matched:
      - @ConditionalOnSingleCandidate (types: org.springframework.transaction.PlatformTransactionManager; SearchStrategy: all) found a single bean 'transactionManager' (OnBeanCondition)

   TransactionAutoConfiguration.TransactionTemplateConfiguration#transactionTemplate matched:
      - @ConditionalOnMissingBean (types: org.springframework.transaction.support.TransactionOperations; SearchStrategy: all) did not find any beans (OnBeanCondition)

   TransactionManagerCustomizationAutoConfiguration matched:
      - @ConditionalOnClass found required class 'org.springframework.transaction.PlatformTransactionManager' (OnClassCondition)

   TransactionManagerCustomizationAutoConfiguration#platformTransactionManagerCustomizers matched:
      - @ConditionalOnMissingBean (types: org.springframework.boot.transaction.autoconfigure.TransactionManagerCustomizers; SearchStrategy: all) did not find any beans (OnBeanCondition)

   ValidationAutoConfiguration matched:
      - @ConditionalOnClass found required class 'jakarta.validation.executable.ExecutableValidator' (OnClassCondition)
      - @ConditionalOnResource found location classpath:META-INF/services/jakarta.validation.spi.ValidationProvider (OnResourceCondition)

   ValidationAutoConfiguration#defaultValidator matched:
      - @ConditionalOnMissingBean (types: jakarta.validation.Validator; SearchStrategy: all) did not find any beans (OnBeanCondition)

   ValidationAutoConfiguration#methodValidationPostProcessor matched:
      - @ConditionalOnMissingBean (types: org.springframework.validation.beanvalidation.MethodValidationPostProcessor; SearchStrategy: current) did not find any beans (OnBeanCondition)

   WebEndpointAutoConfiguration matched:
      - @ConditionalOnWebApplication (required) found 'session' scope (OnWebApplicationCondition)

   WebEndpointAutoConfiguration#controllerEndpointDiscoverer matched:
      - @ConditionalOnMissingBean (types: org.springframework.boot.actuate.endpoint.web.annotation.ControllerEndpointsSupplier; SearchStrategy: all) did not find any beans (OnBeanCondition)

   WebEndpointAutoConfiguration#endpointMediaTypes matched:
      - @ConditionalOnMissingBean (types: org.springframework.boot.actuate.endpoint.web.EndpointMediaTypes; SearchStrategy: all) did not find any beans (OnBeanCondition)

   WebEndpointAutoConfiguration#pathMappedEndpoints matched:
      - @ConditionalOnMissingBean (types: org.springframework.boot.actuate.endpoint.web.PathMappedEndpoints; SearchStrategy: all) did not find any beans (OnBeanCondition)

   WebEndpointAutoConfiguration#webEndpointDiscoverer matched:
      - @ConditionalOnMissingBean (types: org.springframework.boot.actuate.endpoint.web.WebEndpointsSupplier; SearchStrategy: all) did not find any beans (OnBeanCondition)

   WebEndpointAutoConfiguration.WebEndpointServletConfiguration matched:
      - found 'session' scope (OnWebApplicationCondition)

   WebEndpointAutoConfiguration.WebEndpointServletConfiguration#servletEndpointDiscoverer matched:
      - @ConditionalOnMissingBean (types: org.springframework.boot.actuate.endpoint.web.annotation.ServletEndpointsSupplier; SearchStrategy: all) did not find any beans (OnBeanCondition)

   WebMvcAutoConfiguration matched:
      - @ConditionalOnClass found required classes 'jakarta.servlet.Servlet', 'org.springframework.web.servlet.DispatcherServlet', 'org.springframework.web.servlet.config.annotation.WebMvcConfigurer' (OnClassCondition)
      - found 'session' scope (OnWebApplicationCondition)
      - @ConditionalOnMissingBean (types: org.springframework.web.servlet.config.annotation.WebMvcConfigurationSupport; SearchStrategy: all) did not find any beans (OnBeanCondition)

   WebMvcAutoConfiguration#formContentFilter matched:
      - @ConditionalOnBooleanProperty (spring.mvc.formcontent.filter.enabled=true) matched (OnPropertyCondition)
      - @ConditionalOnMissingBean (types: org.springframework.web.filter.FormContentFilter; SearchStrategy: all) did not find any beans (OnBeanCondition)

   WebMvcAutoConfiguration.EnableWebMvcConfiguration#flashMapManager matched:
      - @ConditionalOnMissingBean (names: flashMapManager; SearchStrategy: all) did not find any beans (OnBeanCondition)

   WebMvcAutoConfiguration.EnableWebMvcConfiguration#localeResolver matched:
      - @ConditionalOnMissingBean (names: localeResolver; SearchStrategy: all) did not find any beans (OnBeanCondition)

   WebMvcAutoConfiguration.EnableWebMvcConfiguration#viewNameTranslator matched:
      - @ConditionalOnMissingBean (names: viewNameTranslator; SearchStrategy: all) did not find any beans (OnBeanCondition)

   WebMvcAutoConfiguration.ResourceChainCustomizerConfiguration matched:
      - @ConditionalOnEnabledResourceChain found class org.webjars.WebJarVersionLocator (OnEnabledResourceChainCondition)

   WebMvcAutoConfiguration.WebMvcAutoConfigurationAdapter#defaultViewResolver matched:
      - @ConditionalOnMissingBean (types: org.springframework.web.servlet.view.InternalResourceViewResolver; SearchStrategy: all) did not find any beans (OnBeanCondition)

   WebMvcAutoConfiguration.WebMvcAutoConfigurationAdapter#requestContextFilter matched:
      - @ConditionalOnMissingBean (types: org.springframework.web.context.request.RequestContextListener,org.springframework.web.filter.RequestContextFilter; SearchStrategy: all) did not find any beans (OnBeanCondition)

   WebMvcAutoConfiguration.WebMvcAutoConfigurationAdapter#viewResolver matched:
      - @ConditionalOnBean (types: org.springframework.web.servlet.ViewResolver; SearchStrategy: all) found beans 'defaultViewResolver', 'beanNameViewResolver', 'mvcViewResolver'; @ConditionalOnMissingBean (names: viewResolver types: org.springframework.web.servlet.view.ContentNegotiatingViewResolver; SearchStrategy: all) did not find any beans (OnBeanCondition)

   WebMvcEndpointManagementContextConfiguration matched:
      - found 'session' scope (OnWebApplicationCondition)
      - @ConditionalOnBean (types: org.springframework.web.servlet.DispatcherServlet,org.springframework.boot.actuate.endpoint.web.WebEndpointsSupplier; SearchStrategy: all) found beans 'webEndpointDiscoverer', 'dispatcherServlet' (OnBeanCondition)

   WebMvcEndpointManagementContextConfiguration#controllerEndpointHandlerMapping matched:
      - @ConditionalOnMissingBean (types: org.springframework.boot.webmvc.actuate.endpoint.web.ControllerEndpointHandlerMapping; SearchStrategy: all) did not find any beans (OnBeanCondition)

   WebMvcEndpointManagementContextConfiguration#endpointJackson2ObjectMapperWebMvcConfigurer matched:
      - @ConditionalOnBean (types: org.springframework.boot.actuate.endpoint.jackson.EndpointJackson2ObjectMapper; SearchStrategy: all) found bean 'jackson2EndpointJsonMapper' (OnBeanCondition)

   WebMvcEndpointManagementContextConfiguration#endpointJsonMapperWebMvcConfigurer matched:
      - @ConditionalOnBean (types: org.springframework.boot.actuate.endpoint.jackson.EndpointJsonMapper; SearchStrategy: all) found bean 'endpointJsonMapper' (OnBeanCondition)

   WebMvcEndpointManagementContextConfiguration#webEndpointServletHandlerMapping matched:
      - @ConditionalOnMissingBean (types: org.springframework.boot.webmvc.actuate.endpoint.web.WebMvcEndpointHandlerMapping; SearchStrategy: all) did not find any beans (OnBeanCondition)

   WebMvcEndpointManagementContextConfiguration.HealthConfiguration matched:
      - @ConditionalOnClass found required class 'org.springframework.boot.health.actuate.endpoint.HealthEndpoint' (OnClassCondition)

   WebMvcHealthEndpointExtensionAutoConfiguration matched:
      - @ConditionalOnClass found required class 'org.springframework.boot.health.actuate.endpoint.HealthEndpoint' (OnClassCondition)
      - found 'session' scope (OnWebApplicationCondition)
      - @ConditionalOnAvailableEndpoint marked as exposed by a 'management.endpoints.web.exposure' property (OnAvailableEndpointCondition)
      - @ConditionalOnBean (types: org.springframework.boot.health.actuate.endpoint.HealthEndpoint,org.springframework.boot.actuate.endpoint.web.WebEndpointsSupplier,org.springframework.boot.health.actuate.endpoint.HealthEndpointGroups; SearchStrategy: all) found beans 'webEndpointDiscoverer', 'healthEndpoint', 'healthEndpointGroups' (OnBeanCondition)

   WebMvcObservationAutoConfiguration matched:
      - @ConditionalOnClass found required classes 'org.springframework.web.servlet.DispatcherServlet', 'io.micrometer.observation.Observation', 'org.springframework.boot.micrometer.observation.autoconfigure.ObservationProperties' (OnClassCondition)
      - found 'session' scope (OnWebApplicationCondition)
      - @ConditionalOnBean (types: io.micrometer.observation.ObservationRegistry; SearchStrategy: all) found bean 'observationRegistry' (OnBeanCondition)

   WebMvcObservationAutoConfiguration#webMvcObservationFilter matched:
      - @ConditionalOnMissingBean (types: org.springframework.web.filter.ServerHttpObservationFilter; SearchStrategy: all) did not find any beans (OnBeanCondition)

   WebMvcObservationAutoConfiguration.MeterFilterConfiguration matched:
      - @ConditionalOnClass found required classes 'io.micrometer.core.instrument.MeterRegistry', 'org.springframework.boot.micrometer.metrics.autoconfigure.MetricsProperties' (OnClassCondition)
      - @ConditionalOnBean (types: io.micrometer.core.instrument.MeterRegistry; SearchStrategy: all) found bean 'simpleMeterRegistry' (OnBeanCondition)


Negative matches:
-----------------

   AopAutoConfiguration.AspectJAutoProxyingConfiguration.JdkDynamicAutoProxyConfiguration:
      Did not match:
         - @ConditionalOnBooleanProperty (spring.aop.proxy-target-class=false) did not find property 'spring.aop.proxy-target-class' (OnPropertyCondition)

   AopAutoConfiguration.ClassProxyingConfiguration:
      Did not match:
         - @ConditionalOnMissingClass found unwanted class 'org.aspectj.weaver.Advice' (OnClassCondition)

   AppOpticsMetricsExportAutoConfiguration:
      Did not match:
         - @ConditionalOnClass did not find required class 'io.micrometer.appoptics.AppOpticsMeterRegistry' (OnClassCondition)

   AtlasMetricsExportAutoConfiguration:
      Did not match:
         - @ConditionalOnClass did not find required class 'io.micrometer.atlas.AtlasMeterRegistry' (OnClassCondition)

   AuditAutoConfiguration:
      Did not match:
         - @ConditionalOnBean (types: org.springframework.boot.actuate.audit.AuditEventRepository; SearchStrategy: all) did not find any beans of type org.springframework.boot.actuate.audit.AuditEventRepository (OnBeanCondition)
      Matched:
         - @ConditionalOnBooleanProperty (management.auditevents.enabled=true) matched (OnPropertyCondition)

   AuditEventsEndpointAutoConfiguration:
      Did not match:
         - @ConditionalOnAvailableEndpoint not exposed (OnAvailableEndpointCondition)

   AvailabilityHealthContributorAutoConfiguration#livenessStateHealthIndicator:
      Did not match:
         - @ConditionalOnBooleanProperty (management.health.livenessstate.enabled=true) did not find property 'management.health.livenessstate.enabled' (OnPropertyCondition)

   AvailabilityHealthContributorAutoConfiguration#readinessStateHealthIndicator:
      Did not match:
         - @ConditionalOnBooleanProperty (management.health.readinessstate.enabled=true) did not find property 'management.health.readinessstate.enabled' (OnPropertyCondition)

   BeansEndpointAutoConfiguration:
      Did not match:
         - @ConditionalOnAvailableEndpoint not exposed (OnAvailableEndpointCondition)

   CompositeMeterRegistryConfiguration:
      Did not match:
         - NoneNestedConditions 1 matched 1 did not; NestedCondition on CompositeMeterRegistryConfiguration.MultipleNonPrimaryMeterRegistriesCondition.SingleInjectableMeterRegistry @ConditionalOnSingleCandidate (types: io.micrometer.core.instrument.MeterRegistry; SearchStrategy: all) found a single bean 'simpleMeterRegistry'; NestedCondition on CompositeMeterRegistryConfiguration.MultipleNonPrimaryMeterRegistriesCondition.NoMeterRegistryCondition @ConditionalOnMissingBean (types: io.micrometer.core.instrument.MeterRegistry; SearchStrategy: all) found beans of type 'io.micrometer.core.instrument.MeterRegistry' simpleMeterRegistry (CompositeMeterRegistryConfiguration.MultipleNonPrimaryMeterRegistriesCondition)

   ConditionsReportEndpointAutoConfiguration:
      Did not match:
         - @ConditionalOnAvailableEndpoint not exposed (OnAvailableEndpointCondition)

   ConfigurationPropertiesReportEndpointAutoConfiguration:
      Did not match:
         - @ConditionalOnAvailableEndpoint not exposed (OnAvailableEndpointCondition)

   DataJpaRepositoriesAutoConfiguration#entityManagerFactoryBootstrapExecutorCustomizer:
      Did not match:
         - @ConditionalOnProperty (spring.data.jpa.repositories.bootstrap-mode=deferred) did not find property 'spring.data.jpa.repositories.bootstrap-mode' (OnPropertyCondition)

   DataSourceAutoConfiguration.EmbeddedDatabaseConfiguration:
      Did not match:
         - EmbeddedDataSource spring.datasource.url is set (DataSourceAutoConfiguration.EmbeddedDatabaseCondition)

   DataSourceCheckpointRestoreConfiguration:
      Did not match:
         - @ConditionalOnClass did not find required class 'org.crac.Resource' (OnClassCondition)

   DataSourceConfiguration.Dbcp2:
      Did not match:
         - @ConditionalOnClass did not find required class 'org.apache.commons.dbcp2.BasicDataSource' (OnClassCondition)

   DataSourceConfiguration.Generic:
      Did not match:
         - @ConditionalOnProperty (spring.datasource.type) did not find property 'spring.datasource.type' (OnPropertyCondition)

   DataSourceConfiguration.OracleUcp:
      Did not match:
         - @ConditionalOnClass did not find required classes 'oracle.ucp.jdbc.PoolDataSourceImpl', 'oracle.jdbc.OracleConnection' (OnClassCondition)

   DataSourceConfiguration.Tomcat:
      Did not match:
         - @ConditionalOnClass did not find required class 'org.apache.tomcat.jdbc.pool.DataSource' (OnClassCondition)

   DataSourceJmxConfiguration:
      Did not match:
         - @ConditionalOnBooleanProperty (spring.jmx.enabled=true) found different value in property 'spring.jmx.enabled' (OnPropertyCondition)

   DataSourcePoolMetadataProvidersConfiguration.CommonsDbcp2PoolDataSourceMetadataProviderConfiguration:
      Did not match:
         - @ConditionalOnClass did not find required class 'org.apache.commons.dbcp2.BasicDataSource' (OnClassCondition)

   DataSourcePoolMetadataProvidersConfiguration.OracleUcpPoolDataSourceMetadataProviderConfiguration:
      Did not match:
         - @ConditionalOnClass did not find required classes 'oracle.ucp.jdbc.PoolDataSource', 'oracle.jdbc.OracleConnection' (OnClassCondition)

   DataSourcePoolMetadataProvidersConfiguration.TomcatDataSourcePoolMetadataProviderConfiguration:
      Did not match:
         - @ConditionalOnClass did not find required class 'org.apache.tomcat.jdbc.pool.DataSource' (OnClassCondition)

   DataSourceTransactionManagerAutoConfiguration.JdbcTransactionManagerConfiguration#transactionManager:
      Did not match:
         - @ConditionalOnMissingBean (types: org.springframework.transaction.TransactionManager; SearchStrategy: all) found beans of type 'org.springframework.transaction.TransactionManager' transactionManager (OnBeanCondition)

   DatadogMetricsExportAutoConfiguration:
      Did not match:
         - @ConditionalOnClass did not find required class 'io.micrometer.datadog.DatadogMeterRegistry' (OnClassCondition)

   DevToolsDataSourceAutoConfiguration:
      Did not match:
         - Devtools devtools is disabled for current context. (OnEnabledDevToolsCondition)
      Matched:
         - @ConditionalOnClass found required class 'javax.sql.DataSource' (OnClassCondition)

   DevToolsR2dbcAutoConfiguration:
      Did not match:
         - @ConditionalOnClass did not find required class 'io.r2dbc.spi.ConnectionFactory' (OnClassCondition)

   DispatcherServletAutoConfiguration.DispatcherServletConfiguration#multipartResolver:
      Did not match:
         - @ConditionalOnBean (types: org.springframework.web.multipart.MultipartResolver; SearchStrategy: all) did not find any beans of type org.springframework.web.multipart.MultipartResolver (OnBeanCondition)

   DynatraceMetricsExportAutoConfiguration:
      Did not match:
         - @ConditionalOnClass did not find required class 'io.micrometer.dynatrace.DynatraceMeterRegistry' (OnClassCondition)

   ElasticMetricsExportAutoConfiguration:
      Did not match:
         - @ConditionalOnClass did not find required class 'io.micrometer.elastic.ElasticMeterRegistry' (OnClassCondition)

   EnvironmentEndpointAutoConfiguration:
      Did not match:
         - @ConditionalOnAvailableEndpoint not exposed (OnAvailableEndpointCondition)

   GangliaMetricsExportAutoConfiguration:
      Did not match:
         - @ConditionalOnClass did not find required class 'io.micrometer.ganglia.GangliaMeterRegistry' (OnClassCondition)

   GraphiteMetricsExportAutoConfiguration:
      Did not match:
         - @ConditionalOnClass did not find required class 'io.micrometer.graphite.GraphiteMeterRegistry' (OnClassCondition)

   GsonHttpMessageConvertersConfiguration:
      Did not match:
         - @ConditionalOnClass did not find required class 'com.google.gson.Gson' (OnClassCondition)

   HealthContributorRegistryAutoConfiguration.ReactiveHealthContributorRegistryConfiguration:
      Did not match:
         - @ConditionalOnClass did not find required class 'reactor.core.publisher.Flux' (OnClassCondition)

   HealthEndpointReactiveWebExtensionConfiguration:
      Did not match:
         - did not find reactive web application classes (OnWebApplicationCondition)

   HeapDumpWebEndpointAutoConfiguration:
      Did not match:
         - @ConditionalOnAvailableEndpoint the configured access for endpoint 'heapdump' is NONE (OnAvailableEndpointCondition)

   HibernateMetricsAutoConfiguration:
      Did not match:
         - @ConditionalOnClass did not find required class 'org.hibernate.orm.micrometer.HibernateMetrics' (OnClassCondition)

   HttpExchangesEndpointAutoConfiguration:
      Did not match:
         - @ConditionalOnAvailableEndpoint not exposed (OnAvailableEndpointCondition)

   HumioMetricsExportAutoConfiguration:
      Did not match:
         - @ConditionalOnClass did not find required class 'io.micrometer.humio.HumioMeterRegistry' (OnClassCondition)

   InfluxMetricsExportAutoConfiguration:
      Did not match:
         - @ConditionalOnClass did not find required class 'io.micrometer.influx.InfluxMeterRegistry' (OnClassCondition)

   InfoContributorAutoConfiguration#buildInfoContributor:
      Did not match:
         - @ConditionalOnSingleCandidate (types: org.springframework.boot.info.BuildProperties; SearchStrategy: all) did not find any beans (OnBeanCondition)
      Matched:
         - @ConditionalOnEnabledInfoContributor management.info.defaults.enabled is considered true (OnEnabledInfoContributorCondition)

   InfoContributorAutoConfiguration#envInfoContributor:
      Did not match:
         - @ConditionalOnEnabledInfoContributor management.info.env.enabled is not true (OnEnabledInfoContributorCondition)

   InfoContributorAutoConfiguration#gitInfoContributor:
      Did not match:
         - @ConditionalOnSingleCandidate (types: org.springframework.boot.info.GitProperties; SearchStrategy: all) did not find any beans (OnBeanCondition)
      Matched:
         - @ConditionalOnEnabledInfoContributor management.info.defaults.enabled is considered true (OnEnabledInfoContributorCondition)

   InfoContributorAutoConfiguration#javaInfoContributor:
      Did not match:
         - @ConditionalOnEnabledInfoContributor management.info.java.enabled is not true (OnEnabledInfoContributorCondition)

   InfoContributorAutoConfiguration#osInfoContributor:
      Did not match:
         - @ConditionalOnEnabledInfoContributor management.info.os.enabled is not true (OnEnabledInfoContributorCondition)

   InfoContributorAutoConfiguration#processInfoContributor:
      Did not match:
         - @ConditionalOnEnabledInfoContributor management.info.process.enabled is not true (OnEnabledInfoContributorCondition)

   InfoContributorAutoConfiguration#sslInfo:
      Did not match:
         - @ConditionalOnEnabledInfoContributor management.info.ssl.enabled is not true (OnEnabledInfoContributorCondition)
      Matched:
         - @ConditionalOnMissingBean (types: org.springframework.boot.info.SslInfo; SearchStrategy: all) did not find any beans (OnBeanCondition)

   InfoContributorAutoConfiguration#sslInfoContributor:
      Did not match:
         - @ConditionalOnEnabledInfoContributor management.info.ssl.enabled is not true (OnEnabledInfoContributorCondition)

   Jackson2HttpMessageConvertersConfiguration.MappingJackson2HttpMessageConverterConfiguration:
      Did not match:
         - AnyNestedCondition 0 matched 2 did not; NestedCondition on Jackson2HttpMessageConvertersConfiguration.PreferJackson2OrJacksonUnavailableCondition.JacksonUnavailable @ConditionalOnMissingBean (types: org.springframework.boot.http.converter.autoconfigure.JacksonHttpMessageConvertersConfiguration$JacksonJsonHttpMessageConvertersCustomizer; SearchStrategy: all) found beans of type 'org.springframework.boot.http.converter.autoconfigure.JacksonHttpMessageConvertersConfiguration$JacksonJsonHttpMessageConvertersCustomizer' jacksonJsonHttpMessageConvertersCustomizer; NestedCondition on Jackson2HttpMessageConvertersConfiguration.PreferJackson2OrJacksonUnavailableCondition.Jackson2Preferred @ConditionalOnProperty (spring.http.converters.preferred-json-mapper=jackson2) did not find property 'spring.http.converters.preferred-json-mapper' (Jackson2HttpMessageConvertersConfiguration.PreferJackson2OrJacksonUnavailableCondition)
      Matched:
         - @ConditionalOnClass found required class 'com.fasterxml.jackson.databind.ObjectMapper' (OnClassCondition)

   Jackson2HttpMessageConvertersConfiguration.MappingJackson2XmlHttpMessageConverterConfiguration:
      Did not match:
         - @ConditionalOnClass did not find required class 'com.fasterxml.jackson.dataformat.xml.XmlMapper' (OnClassCondition)

   JacksonAutoConfiguration.CborConfiguration:
      Did not match:
         - @ConditionalOnClass did not find required class 'tools.jackson.dataformat.cbor.CBORMapper' (OnClassCondition)

   JacksonAutoConfiguration.XmlConfiguration:
      Did not match:
         - @ConditionalOnClass did not find required class 'tools.jackson.dataformat.xml.XmlMapper' (OnClassCondition)

   JacksonHttpMessageConvertersConfiguration.JacksonXmlHttpMessageConverterConfiguration:
      Did not match:
         - @ConditionalOnClass did not find required class 'tools.jackson.dataformat.xml.XmlMapper' (OnClassCondition)

   JmxAutoConfiguration:
      Did not match:
         - @ConditionalOnBooleanProperty (spring.jmx.enabled=true) found different value in property 'spring.jmx.enabled' (OnPropertyCondition)
      Matched:
         - @ConditionalOnClass found required class 'org.springframework.jmx.export.MBeanExporter' (OnClassCondition)

   JmxEndpointAutoConfiguration:
      Did not match:
         - @ConditionalOnBooleanProperty (spring.jmx.enabled=true) found different value in property 'spring.jmx.enabled' (OnPropertyCondition)

   JmxMetricsExportAutoConfiguration:
      Did not match:
         - @ConditionalOnClass did not find required class 'io.micrometer.jmx.JmxMeterRegistry' (OnClassCondition)

   JndiDataSourceAutoConfiguration:
      Did not match:
         - @ConditionalOnProperty (spring.datasource.jndi-name) did not find property 'spring.datasource.jndi-name' (OnPropertyCondition)
      Matched:
         - @ConditionalOnClass found required classes 'javax.sql.DataSource', 'org.springframework.jdbc.datasource.embedded.EmbeddedDatabaseType' (OnClassCondition)

   JndiJtaConfiguration:
      Did not match:
         - @ConditionalOnJndi JNDI environment is not available (OnJndiCondition)
      Matched:
         - @ConditionalOnClass found required class 'org.springframework.transaction.jta.JtaTransactionManager' (OnClassCondition)

   JsonbHttpMessageConvertersConfiguration:
      Did not match:
         - @ConditionalOnClass did not find required class 'jakarta.json.bind.Jsonb' (OnClassCondition)

   JvmMetricsAutoConfiguration.VirtualThreadMetricsConfiguration:
      Did not match:
         - @ConditionalOnClass did not find required class 'io.micrometer.java21.instrument.binder.jdk.VirtualThreadMetrics' (OnClassCondition)

   KairosMetricsExportAutoConfiguration:
      Did not match:
         - @ConditionalOnClass did not find required class 'io.micrometer.kairos.KairosMeterRegistry' (OnClassCondition)

   KotlinSerializationHttpMessageConvertersConfiguration:
      Did not match:
         - @ConditionalOnClass did not find required classes 'kotlinx.serialization.Serializable', 'kotlinx.serialization.json.Json' (OnClassCondition)

   LazyConnectionDataSourceConfiguration:
      Did not match:
         - @ConditionalOnProperty (spring.datasource.connection-fetch=lazy) did not find property 'spring.datasource.connection-fetch' (OnPropertyCondition)

   LiquibaseAutoConfiguration.CustomizerConfiguration#springLiquibaseCustomizer:
      Did not match:
         - @ConditionalOnBean (types: liquibase.integration.spring.Customizer; SearchStrategy: all) did not find any beans of type liquibase.integration.spring.Customizer (OnBeanCondition)

   LiquibaseEndpointAutoConfiguration:
      Did not match:
         - @ConditionalOnAvailableEndpoint not exposed (OnAvailableEndpointCondition)
      Matched:
         - @ConditionalOnClass found required classes 'liquibase.integration.spring.SpringLiquibase', 'org.springframework.boot.liquibase.actuate.endpoint.LiquibaseEndpoint', 'org.springframework.boot.actuate.autoconfigure.endpoint.condition.ConditionalOnAvailableEndpoint' (OnClassCondition)

   LocalDevToolsAutoConfiguration:
      Did not match:
         - Initialized Restarter Condition initialized without URLs (OnInitializedRestarterCondition)

   Log4J2MetricsAutoConfiguration:
      Did not match:
         - @ConditionalOnClass did not find required class 'org.apache.logging.log4j.core.LoggerContext' (OnClassCondition)

   LogFileWebEndpointAutoConfiguration:
      Did not match:
         - @ConditionalOnAvailableEndpoint not exposed (OnAvailableEndpointCondition)

   LoggersEndpointAutoConfiguration:
      Did not match:
         - @ConditionalOnAvailableEndpoint not exposed (OnAvailableEndpointCondition)

   ManagementContextAutoConfiguration.DifferentManagementContextConfiguration:
      Did not match:
         - Management Port actual port type (SAME) did not match required type (DIFFERENT) (OnManagementPortCondition)

   ManagementWebSecurityAutoConfiguration:
      Did not match:
         - AllNestedConditions 1 matched 1 did not; NestedCondition on DefaultWebSecurityCondition.Beans @ConditionalOnMissingBean (types: org.springframework.security.web.SecurityFilterChain; SearchStrategy: all) found beans of type 'org.springframework.security.web.SecurityFilterChain' filterChain; NestedCondition on DefaultWebSecurityCondition.Classes @ConditionalOnClass found required classes 'org.springframework.security.web.SecurityFilterChain', 'org.springframework.security.config.annotation.web.builders.HttpSecurity' (DefaultWebSecurityCondition)
      Matched:
         - @ConditionalOnClass found required classes 'org.springframework.security.web.util.matcher.RequestMatcher', 'org.springframework.boot.actuate.autoconfigure.endpoint.web.WebEndpointAutoConfiguration' (OnClassCondition)
         - found 'session' scope (OnWebApplicationCondition)

   MappingsEndpointAutoConfiguration:
      Did not match:
         - @ConditionalOnAvailableEndpoint not exposed (OnAvailableEndpointCondition)

   MessageSourceAutoConfiguration:
      Did not match:
         - ResourceBundle did not find bundle with basename messages (MessageSourceAutoConfiguration.ResourceBundleCondition)

   MetricsAspectsAutoConfiguration:
      Did not match:
         - @ConditionalOnBooleanProperty (management.observations.annotations.enabled=true) did not find property 'management.observations.annotations.enabled' (OnPropertyCondition)
      Matched:
         - @ConditionalOnClass found required classes 'io.micrometer.core.instrument.MeterRegistry', 'org.aspectj.weaver.Advice' (OnClassCondition)

   MultipleOpenApiSupportConfiguration:
      Did not match:
         - AnyNestedCondition 0 matched 2 did not; NestedCondition on MultipleOpenApiSupportCondition.OnActuatorDifferentPort found non-matching nested conditions Management Port actual port type (SAME) did not match required type (DIFFERENT), @ConditionalOnProperty (springdoc.show-actuator) did not find property 'springdoc.show-actuator'; NestedCondition on MultipleOpenApiSupportCondition.OnMultipleOpenApiSupportCondition AnyNestedCondition 0 matched 3 did not; NestedCondition on MultipleOpenApiGroupsCondition.OnListGroupedOpenApiBean @ConditionalOnBean (types: org.springdoc.core.models.GroupedOpenApi; SearchStrategy: all) did not find any beans of type org.springdoc.core.models.GroupedOpenApi; NestedCondition on MultipleOpenApiGroupsCondition.OnGroupConfigProperty @ConditionalOnProperty (springdoc.group-configs[0].group) did not find property 'springdoc.group-configs[0].group'; NestedCondition on MultipleOpenApiGroupsCondition.OnGroupedOpenApiBean @ConditionalOnBean (types: org.springdoc.core.models.GroupedOpenApi; SearchStrategy: all) did not find any beans of type org.springdoc.core.models.GroupedOpenApi (MultipleOpenApiSupportCondition)
      Matched:
         - found 'session' scope (OnWebApplicationCondition)
         - @ConditionalOnProperty (springdoc.api-docs.enabled) matched (OnPropertyCondition)

   MultipleOpenApiSupportConfiguration.SpringDocWebMvcActuatorDifferentConfiguration:
      Did not match:
         - @ConditionalOnClass did not find required class 'org.springframework.boot.actuate.endpoint.web.servlet.WebMvcEndpointHandlerMapping' (OnClassCondition)
         - Ancestor org.springdoc.webmvc.core.configuration.MultipleOpenApiSupportConfiguration did not match (ConditionEvaluationReport.AncestorsMatchedCondition)

   NewRelicMetricsExportAutoConfiguration:
      Did not match:
         - @ConditionalOnClass did not find required class 'io.micrometer.newrelic.NewRelicMeterRegistry' (OnClassCondition)

   NoOpMeterRegistryConfiguration:
      Did not match:
         - @ConditionalOnMissingBean (types: io.micrometer.core.instrument.MeterRegistry; SearchStrategy: all) found beans of type 'io.micrometer.core.instrument.MeterRegistry' simpleMeterRegistry (OnBeanCondition)

   ObservationAutoConfiguration.ObservedAspectConfiguration:
      Did not match:
         - @ConditionalOnBooleanProperty (management.observations.annotations.enabled=true) did not find property 'management.observations.annotations.enabled' (OnPropertyCondition)
      Matched:
         - @ConditionalOnClass found required class 'org.aspectj.weaver.Advice' (OnClassCondition)

   OtlpMetricsExportAutoConfiguration:
      Did not match:
         - @ConditionalOnClass did not find required class 'io.micrometer.registry.otlp.OtlpMeterRegistry' (OnClassCondition)

   ProjectInfoAutoConfiguration#buildProperties:
      Did not match:
         - @ConditionalOnResource did not find resource '${spring.info.build.location:classpath:META-INF/build-info.properties}' (OnResourceCondition)

   ProjectInfoAutoConfiguration#gitProperties:
      Did not match:
         - GitResource did not find git info at classpath:git.properties (ProjectInfoAutoConfiguration.GitResourceAvailableCondition)

   PrometheusMetricsExportAutoConfiguration:
      Did not match:
         - @ConditionalOnClass did not find required class 'io.micrometer.prometheusmetrics.PrometheusMeterRegistry' (OnClassCondition)

   RSocketSecurityAutoConfiguration:
      Did not match:
         - @ConditionalOnClass did not find required class 'org.springframework.boot.rsocket.server.RSocketServerCustomizer' (OnClassCondition)

   ReactiveManagementWebSecurityAutoConfiguration:
      Did not match:
         - @ConditionalOnWebApplication did not find reactive web application classes (OnWebApplicationCondition)

   ReactiveUserDetailsServiceAutoConfiguration:
      Did not match:
         - AnyNestedCondition 0 matched 2 did not; NestedCondition on ReactiveUserDetailsServiceAutoConfiguration.RSocketEnabledOrReactiveWebApplication.ReactiveWebApplicationCondition did not find reactive web application classes; NestedCondition on ReactiveUserDetailsServiceAutoConfiguration.RSocketEnabledOrReactiveWebApplication.RSocketSecurityEnabledCondition @ConditionalOnBean (types: org.springframework.messaging.rsocket.annotation.support.RSocketMessageHandler; SearchStrategy: all) did not find any beans of type org.springframework.messaging.rsocket.annotation.support.RSocketMessageHandler (ReactiveUserDetailsServiceAutoConfiguration.RSocketEnabledOrReactiveWebApplication)
      Matched:
         - @ConditionalOnClass found required class 'org.springframework.security.authentication.ReactiveAuthenticationManager' (OnClassCondition)
         - AnyNestedCondition 1 matched 2 did not; NestedCondition on MissingAlternativeUserDetailsManagerOrUserPropertiesConfigured.PasswordConfigured @ConditionalOnProperty (spring.security.user.password) did not find property 'spring.security.user.password'; NestedCondition on MissingAlternativeUserDetailsManagerOrUserPropertiesConfigured.NameConfigured @ConditionalOnProperty (spring.security.user.name) did not find property 'spring.security.user.name'; NestedCondition on MissingAlternativeUserDetailsManagerOrUserPropertiesConfigured.MissingAlternative @ConditionalOnMissingClass did not find unwanted classes 'org.springframework.security.oauth2.client.registration.ClientRegistrationRepository', 'org.springframework.security.oauth2.server.resource.introspection.OpaqueTokenIntrospector', 'org.springframework.security.saml2.provider.service.registration.RelyingPartyRegistrationRepository' (MissingAlternativeUserDetailsManagerOrUserPropertiesConfigured)

   ReactiveWebSecurityAutoConfiguration:
      Did not match:
         - @ConditionalOnClass did not find required class 'reactor.core.publisher.Flux' (OnClassCondition)

   RemoteDevToolsAutoConfiguration:
      Did not match:
         - @ConditionalOnProperty (spring.devtools.remote.secret) did not find property 'spring.devtools.remote.secret' (OnPropertyCondition)
      Matched:
         - @ConditionalOnClass found required classes 'jakarta.servlet.Filter', 'org.springframework.http.server.ServerHttpRequest', 'org.springframework.boot.web.server.autoconfigure.ServerProperties' (OnClassCondition)

   SbomEndpointAutoConfiguration:
      Did not match:
         - @ConditionalOnAvailableEndpoint not exposed (OnAvailableEndpointCondition)

   ScheduledTasksEndpointAutoConfiguration:
      Did not match:
         - @ConditionalOnAvailableEndpoint not exposed (OnAvailableEndpointCondition)

   SecurityAutoConfiguration.SecurityDataConfiguration:
      Did not match:
         - @ConditionalOnClass did not find required class 'org.springframework.security.data.repository.query.SecurityEvaluationContextExtension' (OnClassCondition)

   SecurityRequestMatchersManagementContextConfiguration.JerseyRequestMatcherConfiguration:
      Did not match:
         - @ConditionalOnClass did not find required class 'org.glassfish.jersey.server.ResourceConfig' (OnClassCondition)

   ServletHttpExchangesAutoConfiguration:
      Did not match:
         - @ConditionalOnBean (types: org.springframework.boot.actuate.web.exchanges.HttpExchangeRepository; SearchStrategy: all) did not find any beans of type org.springframework.boot.actuate.web.exchanges.HttpExchangeRepository (OnBeanCondition)
      Matched:
         - found 'session' scope (OnWebApplicationCondition)
         - @ConditionalOnBooleanProperty (management.httpexchanges.recording.enabled=true) matched (OnPropertyCondition)

   ServletManagementContextAutoConfiguration.ApplicationContextFilterConfiguration:
      Did not match:
         - @ConditionalOnBooleanProperty (management.server.add-application-context-header=true) did not find property 'management.server.add-application-context-header' (OnPropertyCondition)

   ServletMappingsAutoConfiguration:
      Did not match:
         - @ConditionalOnAvailableEndpoint not exposed (OnAvailableEndpointCondition)
      Matched:
         - @ConditionalOnClass found required classes 'org.springframework.boot.actuate.autoconfigure.endpoint.condition.ConditionalOnAvailableEndpoint', 'org.springframework.boot.actuate.web.mappings.MappingsEndpoint' (OnClassCondition)
         - found 'session' scope (OnWebApplicationCondition)

   ServletWebSecurityAutoConfiguration.SecurityFilterChainConfiguration:
      Did not match:
         - AllNestedConditions 1 matched 1 did not; NestedCondition on DefaultWebSecurityCondition.Beans @ConditionalOnMissingBean (types: org.springframework.security.web.SecurityFilterChain; SearchStrategy: all) found beans of type 'org.springframework.security.web.SecurityFilterChain' filterChain; NestedCondition on DefaultWebSecurityCondition.Classes @ConditionalOnClass found required classes 'org.springframework.security.web.SecurityFilterChain', 'org.springframework.security.config.annotation.web.builders.HttpSecurity' (DefaultWebSecurityCondition)

   ServletWebServerConfiguration#forwardedHeaderFilter:
      Did not match:
         - @ConditionalOnProperty (server.forward-headers-strategy=framework) did not find property 'server.forward-headers-strategy' (OnPropertyCondition)

   ShutdownEndpointAutoConfiguration:
      Did not match:
         - @ConditionalOnAvailableEndpoint the configured access for endpoint 'shutdown' is NONE (OnAvailableEndpointCondition)

   SpringApplicationAdminJmxAutoConfiguration:
      Did not match:
         - @ConditionalOnBooleanProperty (spring.application.admin.enabled=true) did not find property 'spring.application.admin.enabled' (OnPropertyCondition)

   SpringDocConfiguration#propertiesResolverForSchema:
      Did not match:
         - @ConditionalOnProperty (springdoc.api-docs.resolve-schema-properties) did not find property 'springdoc.api-docs.resolve-schema-properties' (OnPropertyCondition)

   SpringDocConfiguration#propertyCustomizingConverter:
      Did not match:
         - @ConditionalOnBean (types: org.springdoc.core.customizers.PropertyCustomizer; SearchStrategy: all) did not find any beans of type org.springdoc.core.customizers.PropertyCustomizer (OnBeanCondition)

   SpringDocConfiguration#springdocBeanFactoryPostProcessor:
      Did not match:
         - AnyNestedCondition 0 matched 2 did not; NestedCondition on CacheOrGroupedOpenApiCondition.OnCacheDisabled found non-matching nested conditions @ConditionalOnProperty (springdoc.cache.disabled) did not find property 'springdoc.cache.disabled'; NestedCondition on CacheOrGroupedOpenApiCondition.OnMultipleOpenApiSupportCondition AnyNestedCondition 0 matched 2 did not; NestedCondition on MultipleOpenApiSupportCondition.OnActuatorDifferentPort found non-matching nested conditions Management Port actual port type (SAME) did not match required type (DIFFERENT), @ConditionalOnProperty (springdoc.show-actuator) did not find property 'springdoc.show-actuator'; NestedCondition on MultipleOpenApiSupportCondition.OnMultipleOpenApiSupportCondition AnyNestedCondition 0 matched 3 did not; NestedCondition on MultipleOpenApiGroupsCondition.OnListGroupedOpenApiBean @ConditionalOnBean (types: org.springdoc.core.models.GroupedOpenApi; SearchStrategy: all) did not find any beans of type org.springdoc.core.models.GroupedOpenApi; NestedCondition on MultipleOpenApiGroupsCondition.OnGroupConfigProperty @ConditionalOnProperty (springdoc.group-configs[0].group) did not find property 'springdoc.group-configs[0].group'; NestedCondition on MultipleOpenApiGroupsCondition.OnGroupedOpenApiBean @ConditionalOnBean (types: org.springdoc.core.models.GroupedOpenApi; SearchStrategy: all) did not find any beans of type org.springdoc.core.models.GroupedOpenApi (CacheOrGroupedOpenApiCondition)
      Matched:
         - @ConditionalOnClass found required class 'org.springframework.boot.context.properties.bind.BindResult' (OnClassCondition)

   SpringDocConfiguration#springdocBeanFactoryPostProcessor2:
      Did not match:
         - @ConditionalOnMissingClass found unwanted class 'org.springframework.boot.context.properties.bind.BindResult' (OnClassCondition)

   SpringDocConfiguration.SpringDocActuatorConfiguration:
      Did not match:
         - @ConditionalOnProperty (springdoc.show-actuator) did not find property 'springdoc.show-actuator' (OnPropertyCondition)
      Matched:
         - @ConditionalOnClass found required class 'org.springframework.boot.actuate.autoconfigure.endpoint.web.WebEndpointProperties' (OnClassCondition)

   SpringDocConfiguration.SpringDocRepositoryRestConfiguration:
      Did not match:
         - @ConditionalOnClass did not find required class 'org.springframework.data.rest.core.config.RepositoryRestConfiguration' (OnClassCondition)

   SpringDocConfiguration.SpringDocSpringDataWebPropertiesProvider:
      Did not match:
         - @ConditionalOnClass did not find required class 'org.springframework.boot.autoconfigure.data.web.SpringDataWebProperties' (OnClassCondition)

   SpringDocConfiguration.SpringDocWebFluxSupportConfiguration:
      Did not match:
         - @ConditionalOnClass did not find required class 'reactor.core.publisher.Flux' (OnClassCondition)

   SpringDocDataRestConfiguration:
      Did not match:
         - @ConditionalOnClass did not find required class 'org.springframework.data.rest.core.config.RepositoryRestConfiguration' (OnClassCondition)

   SpringDocFunctionCatalogConfiguration:
      Did not match:
         - @ConditionalOnClass did not find required class 'org.springframework.cloud.function.web.function.FunctionEndpointInitializer' (OnClassCondition)

   SpringDocGroovyConfiguration:
      Did not match:
         - @ConditionalOnClass did not find required class 'groovy.lang.MetaClass' (OnClassCondition)

   SpringDocHateoasConfiguration:
      Did not match:
         - @ConditionalOnClass did not find required class 'org.springframework.hateoas.server.LinkRelationProvider' (OnClassCondition)

   SpringDocJacksonKotlinModuleConfiguration:
      Did not match:
         - @ConditionalOnClass did not find required class 'com.fasterxml.jackson.module.kotlin.KotlinModule' (OnClassCondition)

   SpringDocJavadocConfiguration:
      Did not match:
         - @ConditionalOnClass did not find required class 'com.github.therapi.runtimejavadoc.CommentFormatter' (OnClassCondition)

   SpringDocKotlinConfiguration:
      Did not match:
         - @ConditionalOnClass did not find required class 'kotlin.coroutines.Continuation' (OnClassCondition)

   SpringDocKotlinxConfiguration:
      Did not match:
         - @ConditionalOnClass did not find required class 'kotlinx.coroutines.flow.Flow' (OnClassCondition)

   SpringDocSecurityConfiguration.SpringDocSecurityOAuth2ClientConfiguration:
      Did not match:
         - @ConditionalOnClass did not find required class 'org.springframework.security.oauth2.client.annotation.RegisteredOAuth2AuthorizedClient' (OnClassCondition)

   SpringDocSecurityConfiguration.SpringDocSecurityOAuth2Configuration:
      Did not match:
         - @ConditionalOnClass did not find required class 'org.springframework.security.oauth2.server.authorization.OAuth2AuthorizationService' (OnClassCondition)

   SpringDocSecurityConfiguration.SpringSecurityLoginEndpointConfiguration#springSecurityLoginEndpointCustomizer:
      Did not match:
         - @ConditionalOnProperty (springdoc.show-login-endpoint) did not find property 'springdoc.show-login-endpoint' (OnPropertyCondition)

   SpringDocSortConfiguration#dataRestDelegatingMethodParameterCustomizer:
      Did not match:
         - @ConditionalOnMissingBean (types: org.springdoc.core.customizers.DataRestDelegatingMethodParameterCustomizer; SearchStrategy: all) found beans of type 'org.springdoc.core.customizers.DataRestDelegatingMethodParameterCustomizer' dataRestDelegatingMethodParameterCustomizer (OnBeanCondition)

   SpringDocWebMvcConfiguration.SpringDocWebMvcActuatorConfiguration:
      Did not match:
         - @ConditionalOnClass did not find required class 'org.springframework.boot.actuate.endpoint.web.servlet.WebMvcEndpointHandlerMapping' (OnClassCondition)

   StackdriverMetricsExportAutoConfiguration:
      Did not match:
         - @ConditionalOnClass did not find required class 'io.micrometer.stackdriver.StackdriverMeterRegistry' (OnClassCondition)

   StartupEndpointAutoConfiguration:
      Did not match:
         - ApplicationStartup configured applicationStartup is of type class org.springframework.core.metrics.DefaultApplicationStartup, expected BufferingApplicationStartup. (StartupEndpointAutoConfiguration.ApplicationStartupCondition)

   StatsdMetricsExportAutoConfiguration:
      Did not match:
         - @ConditionalOnClass did not find required class 'io.micrometer.statsd.StatsdMeterRegistry' (OnClassCondition)

   SwaggerConfig#springWebProvider:
      Did not match:
         - @ConditionalOnMissingBean (types: org.springdoc.core.providers.SpringWebProvider; SearchStrategy: all) found beans of type 'org.springdoc.core.providers.SpringWebProvider' springWebProvider (OnBeanCondition)

   SwaggerConfig#swaggerUiHome:
      Did not match:
         - @ConditionalOnProperty (springdoc.swagger-ui.use-root-path=true) did not find property 'springdoc.swagger-ui.use-root-path' (OnPropertyCondition)

   SwaggerConfig.SwaggerActuatorWelcomeConfiguration:
      Did not match:
         - @ConditionalOnClass did not find required class 'org.springframework.boot.actuate.endpoint.web.servlet.WebMvcEndpointHandlerMapping' (OnClassCondition)

   TaskExecutorConfigurations.AsyncConfigurerWrapperConfiguration:
      Did not match:
         - @ConditionalOnBean (types: org.springframework.scheduling.annotation.AsyncConfigurer; SearchStrategy: all) did not find any beans of type org.springframework.scheduling.annotation.AsyncConfigurer (OnBeanCondition)

   TaskExecutorConfigurations.SimpleAsyncTaskExecutorBuilderConfiguration#simpleAsyncTaskExecutorBuilderVirtualThreads:
      Did not match:
         - @ConditionalOnMissingBean (types: org.springframework.boot.task.SimpleAsyncTaskExecutorBuilder; SearchStrategy: all) found beans of type 'org.springframework.boot.task.SimpleAsyncTaskExecutorBuilder' simpleAsyncTaskExecutorBuilder (OnBeanCondition)

   TaskExecutorConfigurations.TaskExecutorConfiguration#applicationTaskExecutorVirtualThreads:
      Did not match:
         - @ConditionalOnThreading did not find VIRTUAL (OnThreadingCondition)

   TaskExecutorConfigurations.TaskExecutorContextPropagationConfiguration:
      Did not match:
         - @ConditionalOnClass did not find required class 'io.micrometer.context.ContextSnapshot' (OnClassCondition)

   TaskSchedulingAutoConfiguration#scheduledBeanLazyInitializationExcludeFilter:
      Did not match:
         - @ConditionalOnBean (names: org.springframework.scheduling.config.internalScheduledAnnotationProcessor; SearchStrategy: all) did not find any beans named org.springframework.scheduling.config.internalScheduledAnnotationProcessor (OnBeanCondition)

   TaskSchedulingConfigurations.SimpleAsyncTaskSchedulerBuilderConfiguration#simpleAsyncTaskSchedulerBuilderVirtualThreads:
      Did not match:
         - @ConditionalOnMissingBean (types: org.springframework.boot.task.SimpleAsyncTaskSchedulerBuilder; SearchStrategy: all) found beans of type 'org.springframework.boot.task.SimpleAsyncTaskSchedulerBuilder' simpleAsyncTaskSchedulerBuilder (OnBeanCondition)

   TaskSchedulingConfigurations.TaskSchedulerConfiguration:
      Did not match:
         - @ConditionalOnBean (names: org.springframework.scheduling.config.internalScheduledAnnotationProcessor; SearchStrategy: all) did not find any beans named org.springframework.scheduling.config.internalScheduledAnnotationProcessor (OnBeanCondition)

   TemplateEngineConfigurations.ReactiveTemplateEngineConfiguration:
      Did not match:
         - did not find reactive web application classes (OnWebApplicationCondition)

   ThreadDumpEndpointAutoConfiguration:
      Did not match:
         - @ConditionalOnAvailableEndpoint not exposed (OnAvailableEndpointCondition)

   ThymeleafAutoConfiguration.DataAttributeDialectConfiguration:
      Did not match:
         - @ConditionalOnClass did not find required class 'com.github.mxab.thymeleaf.extras.dataattribute.dialect.DataAttributeDialect' (OnClassCondition)

   ThymeleafAutoConfiguration.ThymeleafWebFluxConfiguration:
      Did not match:
         - did not find reactive web application classes (OnWebApplicationCondition)

   ThymeleafAutoConfiguration.ThymeleafWebLayoutConfiguration:
      Did not match:
         - @ConditionalOnClass did not find required class 'nz.net.ultraq.thymeleaf.layoutdialect.LayoutDialect' (OnClassCondition)

   TomcatReactiveManagementContextAutoConfiguration:
      Did not match:
         - @ConditionalOnWebApplication did not find reactive web application classes (OnWebApplicationCondition)

   TomcatReactiveWebServerAutoConfiguration:
      Did not match:
         - @ConditionalOnWebApplication did not find reactive web application classes (OnWebApplicationCondition)

   TomcatServletManagementContextAutoConfiguration:
      Did not match:
         - Management Port actual port type (SAME) did not match required type (DIFFERENT) (OnManagementPortCondition)
      Matched:
         - @ConditionalOnClass found required class 'org.springframework.boot.actuate.autoconfigure.web.server.ManagementContextFactory' (OnClassCondition)
         - found 'session' scope (OnWebApplicationCondition)

   TomcatServletWebServerAutoConfiguration#tomcatForwardedHeaderFilterCustomizer:
      Did not match:
         - @ConditionalOnProperty (server.forward-headers-strategy=framework) did not find property 'server.forward-headers-strategy' (OnPropertyCondition)

   TomcatWebServerConfiguration:
      Did not match:
         - Application is deployed as a WAR file. (OnWarDeploymentCondition)

   TransactionAutoConfiguration#transactionalOperator:
      Did not match:
         - @ConditionalOnSingleCandidate (types: org.springframework.transaction.ReactiveTransactionManager; SearchStrategy: all) did not find any beans (OnBeanCondition)

   TransactionAutoConfiguration.AspectJTransactionManagementConfiguration:
      Did not match:
         - @ConditionalOnBean (types: org.springframework.transaction.aspectj.AbstractTransactionAspect; SearchStrategy: all) did not find any beans of type org.springframework.transaction.aspectj.AbstractTransactionAspect (OnBeanCondition)

   TransactionAutoConfiguration.EnableTransactionManagementConfiguration.JdkDynamicAutoProxyConfiguration:
      Did not match:
         - @ConditionalOnBooleanProperty (spring.aop.proxy-target-class=false) did not find property 'spring.aop.proxy-target-class' (OnPropertyCondition)

   UserDetailsServiceAutoConfiguration:
      Did not match:
         - @ConditionalOnMissingBean (types: org.springframework.security.authentication.AuthenticationManager,org.springframework.security.authentication.AuthenticationProvider,org.springframework.security.core.userdetails.UserDetailsService,org.springframework.security.authentication.AuthenticationManagerResolver,org.springframework.security.oauth2.jwt.JwtDecoder; SearchStrategy: all) found beans of type 'org.springframework.security.authentication.AuthenticationManager' authenticationManager and found beans of type 'org.springframework.security.core.userdetails.UserDetailsService' customUserDetailsService and found beans of type 'org.springframework.security.authentication.AuthenticationProvider' authenticationProvider (OnBeanCondition)
      Matched:
         - @ConditionalOnClass found required class 'org.springframework.security.authentication.AuthenticationManager' (OnClassCondition)
         - found 'session' scope (OnWebApplicationCondition)
         - AnyNestedCondition 1 matched 2 did not; NestedCondition on MissingAlternativeUserDetailsManagerOrUserPropertiesConfigured.PasswordConfigured @ConditionalOnProperty (spring.security.user.password) did not find property 'spring.security.user.password'; NestedCondition on MissingAlternativeUserDetailsManagerOrUserPropertiesConfigured.NameConfigured @ConditionalOnProperty (spring.security.user.name) did not find property 'spring.security.user.name'; NestedCondition on MissingAlternativeUserDetailsManagerOrUserPropertiesConfigured.MissingAlternative @ConditionalOnMissingClass did not find unwanted classes 'org.springframework.security.oauth2.client.registration.ClientRegistrationRepository', 'org.springframework.security.oauth2.server.resource.introspection.OpaqueTokenIntrospector', 'org.springframework.security.saml2.provider.service.registration.RelyingPartyRegistrationRepository' (MissingAlternativeUserDetailsManagerOrUserPropertiesConfigured)

   WebMvcAutoConfiguration#hiddenHttpMethodFilter:
      Did not match:
         - @ConditionalOnBooleanProperty (spring.mvc.hiddenmethod.filter.enabled=true) did not find property 'spring.mvc.hiddenmethod.filter.enabled' (OnPropertyCondition)

   WebMvcAutoConfiguration.ProblemDetailsErrorHandlingConfiguration:
      Did not match:
         - @ConditionalOnBooleanProperty (spring.mvc.problemdetails.enabled=true) did not find property 'spring.mvc.problemdetails.enabled' (OnPropertyCondition)

   WebMvcAutoConfiguration.WebMvcAutoConfigurationAdapter#beanNameViewResolver:
      Did not match:
         - @ConditionalOnMissingBean (types: org.springframework.web.servlet.view.BeanNameViewResolver; SearchStrategy: all) found beans of type 'org.springframework.web.servlet.view.BeanNameViewResolver' beanNameViewResolver (OnBeanCondition)

   WebMvcEndpointManagementContextConfiguration.HealthConfiguration#managementHealthEndpointWebMvcHandlerMapping:
      Did not match:
         - Management Port actual port type (SAME) did not match required type (DIFFERENT) (OnManagementPortCondition)

   WebMvcMappingsAutoConfiguration:
      Did not match:
         - @ConditionalOnAvailableEndpoint not exposed (OnAvailableEndpointCondition)
      Matched:
         - @ConditionalOnClass found required classes 'org.springframework.boot.actuate.autoconfigure.endpoint.condition.ConditionalOnAvailableEndpoint', 'org.springframework.web.servlet.DispatcherServlet', 'org.springframework.boot.actuate.web.mappings.MappingsEndpoint' (OnClassCondition)
         - found 'session' scope (OnWebApplicationCondition)

   XADataSourceAutoConfiguration:
      Did not match:
         - @ConditionalOnBean (types: org.springframework.boot.jdbc.XADataSourceWrapper; SearchStrategy: all) did not find any beans of type org.springframework.boot.jdbc.XADataSourceWrapper (OnBeanCondition)
      Matched:
         - @ConditionalOnClass found required classes 'javax.sql.DataSource', 'jakarta.transaction.TransactionManager', 'org.springframework.jdbc.datasource.embedded.EmbeddedDatabaseType' (OnClassCondition)


Exclusions:
-----------

    None


Unconditional classes:
----------------------

    org.springframework.boot.health.autoconfigure.registry.HealthContributorRegistryAutoConfiguration

    org.springframework.boot.autoconfigure.context.ConfigurationPropertiesAutoConfiguration

    org.springframework.boot.autoconfigure.ssl.SslAutoConfiguration

    org.springframework.boot.actuate.autoconfigure.info.InfoContributorAutoConfiguration

    org.springframework.boot.autoconfigure.context.PropertyPlaceholderAutoConfiguration

    org.springframework.boot.autoconfigure.context.LifecycleAutoConfiguration

    org.springdoc.core.configuration.SpringDocSpecPropertiesConfiguration

    org.springframework.boot.actuate.autoconfigure.endpoint.EndpointAutoConfiguration

    org.springframework.boot.autoconfigure.availability.ApplicationAvailabilityAutoConfiguration

    org.springframework.boot.health.autoconfigure.contributor.HealthContributorAutoConfiguration

    org.springframework.boot.autoconfigure.info.ProjectInfoAutoConfiguration

    org.springframework.boot.actuate.autoconfigure.web.server.ManagementContextAutoConfiguration



2026-10-09T09:11:05.842+05:30  INFO 46205 --- [leave-management-system] [           main] c.l.l.r.LeaveRequestRepositoryTest       : Started LeaveRequestRepositoryTest in 7.15 seconds (process running for 7.59)
2026-10-09T09:11:05.869+05:30 DEBUG 46205 --- [leave-management-system] [           main] o.s.b.a.ApplicationAvailabilityBean      : Application availability state LivenessState changed to CORRECT
2026-10-09T09:11:05.870+05:30 DEBUG 46205 --- [leave-management-system] [           main] o.s.boot.devtools.restart.Restarter      : Creating new Restarter for thread Thread[#3,main,5,main]
2026-10-09T09:11:05.870+05:30 DEBUG 46205 --- [leave-management-system] [           main] o.s.b.a.ApplicationAvailabilityBean      : Application availability state ReadinessState changed to ACCEPTING_TRAFFIC
Mockito is currently self-attaching to enable the inline-mock-maker. This will no longer work in future releases of the JDK. Please add Mockito as an agent to your build as described in Mockito's documentation: https://javadoc.io/doc/org.mockito/mockito-core/latest/org.mockito/org/mockito/Mockito.html#0.3
Java HotSpot(TM) 64-Bit Server VM warning: Sharing is only supported for boot loader classes because bootstrap classpath has been appended
WARNING: A Java agent has been loaded dynamically (/Users/desireddymohithreddy/.m2/repository/net/bytebuddy/byte-buddy-agent/1.18.10/byte-buddy-agent-1.18.10.jar)
WARNING: If a serviceability tool is in use, please run with -XX:+EnableDynamicAgentLoading to hide this warning
WARNING: If a serviceability tool is not in use, please run with -Djdk.instrument.traceUsage for more information
WARNING: Dynamic loading of agents will be disallowed by default in a future release
2026-10-09T09:11:06.157+05:30 DEBUG 46205 --- [leave-management-system] [           main] org.hibernate.SQL                        : 
    insert 
    into
        employees
        (department_id, employee_code, first_name, last_name, manager_id, phone, salary, status, user_id, id) 
    values
        (?, ?, ?, ?, ?, ?, ?, ?, ?, default)
Hibernate: 
    insert 
    into
        employees
        (department_id, employee_code, first_name, last_name, manager_id, phone, salary, status, user_id, id) 
    values
        (?, ?, ?, ?, ?, ?, ?, ?, ?, default)
2026-10-09T09:11:06.171+05:30 DEBUG 46205 --- [leave-management-system] [           main] org.hibernate.SQL                        : 
    insert 
    into
        leave_types
        (active, default_days, description, name, id) 
    values
        (?, ?, ?, ?, default)
Hibernate: 
    insert 
    into
        leave_types
        (active, default_days, description, name, id) 
    values
        (?, ?, ?, ?, default)
2026-10-09T09:11:06.174+05:30 DEBUG 46205 --- [leave-management-system] [           main] org.hibernate.SQL                        : 
    insert 
    into
        leave_requests
        (applied_at, employee_id, end_date, leave_type_id, reason, rejection_reason, start_date, status, version, id) 
    values
        (?, ?, ?, ?, ?, ?, ?, ?, ?, default)
Hibernate: 
    insert 
    into
        leave_requests
        (applied_at, employee_id, end_date, leave_type_id, reason, rejection_reason, start_date, status, version, id) 
    values
        (?, ?, ?, ?, ?, ?, ?, ?, ?, default)
2026-10-09T09:11:06.206+05:30 DEBUG 46205 --- [leave-management-system] [           main] org.hibernate.SQL                        : 
    select
        lr1_0.id,
        lr1_0.applied_at,
        lr1_0.employee_id,
        lr1_0.end_date,
        lr1_0.leave_type_id,
        lr1_0.reason,
        lr1_0.rejection_reason,
        lr1_0.start_date,
        lr1_0.status,
        lr1_0.version 
    from
        leave_requests lr1_0 
    where
        lr1_0.employee_id=?
Hibernate: 
    select
        lr1_0.id,
        lr1_0.applied_at,
        lr1_0.employee_id,
        lr1_0.end_date,
        lr1_0.leave_type_id,
        lr1_0.reason,
        lr1_0.rejection_reason,
        lr1_0.start_date,
        lr1_0.status,
        lr1_0.version 
    from
        leave_requests lr1_0 
    where
        lr1_0.employee_id=?
2026-10-09T09:11:06.218+05:30 DEBUG 46205 --- [leave-management-system] [           main] org.hibernate.SQL                        : 
    update
        leave_requests 
    set
        applied_at=?,
        employee_id=?,
        end_date=?,
        leave_type_id=?,
        reason=?,
        rejection_reason=?,
        start_date=?,
        status=?,
        version=? 
    where
        id=? 
        and version=?
Hibernate: 
    update
        leave_requests 
    set
        applied_at=?,
        employee_id=?,
        end_date=?,
        leave_type_id=?,
        reason=?,
        rejection_reason=?,
        start_date=?,
        status=?,
        version=? 
    where
        id=? 
        and version=?
2026-10-09T09:11:06.219+05:30 DEBUG 46205 --- [leave-management-system] [           main] org.hibernate.SQL                        : 
    select
        count(lr1_0.id)>0 
    from
        leave_requests lr1_0 
    where
        lr1_0.employee_id=? 
        and lr1_0.status in (?, ?) 
        and lr1_0.start_date<=? 
        and lr1_0.end_date>=?
Hibernate: 
    select
        count(lr1_0.id)>0 
    from
        leave_requests lr1_0 
    where
        lr1_0.employee_id=? 
        and lr1_0.status in (?, ?) 
        and lr1_0.start_date<=? 
        and lr1_0.end_date>=?
2026-10-09T09:11:06.221+05:30 DEBUG 46205 --- [leave-management-system] [           main] org.hibernate.SQL                        : 
    update
        leave_requests 
    set
        applied_at=?,
        employee_id=?,
        end_date=?,
        leave_type_id=?,
        reason=?,
        rejection_reason=?,
        start_date=?,
        status=?,
        version=? 
    where
        id=? 
        and version=?
Hibernate: 
    update
        leave_requests 
    set
        applied_at=?,
        employee_id=?,
        end_date=?,
        leave_type_id=?,
        reason=?,
        rejection_reason=?,
        start_date=?,
        status=?,
        version=? 
    where
        id=? 
        and version=?
2026-10-09T09:11:06.222+05:30 DEBUG 46205 --- [leave-management-system] [           main] org.hibernate.SQL                        : 
    select
        count(lr1_0.id)>0 
    from
        leave_requests lr1_0 
    where
        lr1_0.employee_id=? 
        and lr1_0.status in (?, ?) 
        and lr1_0.start_date<=? 
        and lr1_0.end_date>=?
Hibernate: 
    select
        count(lr1_0.id)>0 
    from
        leave_requests lr1_0 
    where
        lr1_0.employee_id=? 
        and lr1_0.status in (?, ?) 
        and lr1_0.start_date<=? 
        and lr1_0.end_date>=?
2026-10-09T09:11:06.229+05:30 DEBUG 46205 --- [leave-management-system] [           main] org.hibernate.SQL                        : 
    insert 
    into
        employees
        (department_id, employee_code, first_name, last_name, manager_id, phone, salary, status, user_id, id) 
    values
        (?, ?, ?, ?, ?, ?, ?, ?, ?, default)
Hibernate: 
    insert 
    into
        employees
        (department_id, employee_code, first_name, last_name, manager_id, phone, salary, status, user_id, id) 
    values
        (?, ?, ?, ?, ?, ?, ?, ?, ?, default)
2026-10-09T09:11:06.230+05:30 DEBUG 46205 --- [leave-management-system] [           main] org.hibernate.SQL                        : 
    insert 
    into
        leave_types
        (active, default_days, description, name, id) 
    values
        (?, ?, ?, ?, default)
Hibernate: 
    insert 
    into
        leave_types
        (active, default_days, description, name, id) 
    values
        (?, ?, ?, ?, default)
2026-10-09T09:11:06.230+05:30 DEBUG 46205 --- [leave-management-system] [           main] org.hibernate.SQL                        : 
    insert 
    into
        leave_requests
        (applied_at, employee_id, end_date, leave_type_id, reason, rejection_reason, start_date, status, version, id) 
    values
        (?, ?, ?, ?, ?, ?, ?, ?, ?, default)
Hibernate: 
    insert 
    into
        leave_requests
        (applied_at, employee_id, end_date, leave_type_id, reason, rejection_reason, start_date, status, version, id) 
    values
        (?, ?, ?, ?, ?, ?, ?, ?, ?, default)
2026-10-09T09:11:06.231+05:30 DEBUG 46205 --- [leave-management-system] [           main] org.hibernate.SQL                        : 
    select
        count(lr1_0.id)>0 
    from
        leave_requests lr1_0 
    where
        lr1_0.employee_id=? 
        and lr1_0.status in (?, ?) 
        and lr1_0.start_date<=? 
        and lr1_0.end_date>=?
Hibernate: 
    select
        count(lr1_0.id)>0 
    from
        leave_requests lr1_0 
    where
        lr1_0.employee_id=? 
        and lr1_0.status in (?, ?) 
        and lr1_0.start_date<=? 
        and lr1_0.end_date>=?
2026-10-09T09:11:06.233+05:30 DEBUG 46205 --- [leave-management-system] [           main] org.hibernate.SQL                        : 
    select
        count(lr1_0.id)>0 
    from
        leave_requests lr1_0 
    where
        lr1_0.employee_id=? 
        and lr1_0.status in (?, ?) 
        and lr1_0.start_date<=? 
        and lr1_0.end_date>=?
Hibernate: 
    select
        count(lr1_0.id)>0 
    from
        leave_requests lr1_0 
    where
        lr1_0.employee_id=? 
        and lr1_0.status in (?, ?) 
        and lr1_0.start_date<=? 
        and lr1_0.end_date>=?
2026-10-09T09:11:06.233+05:30 DEBUG 46205 --- [leave-management-system] [           main] org.hibernate.SQL                        : 
    select
        count(lr1_0.id)>0 
    from
        leave_requests lr1_0 
    where
        lr1_0.employee_id=? 
        and lr1_0.status in (?, ?) 
        and lr1_0.start_date<=? 
        and lr1_0.end_date>=?
Hibernate: 
    select
        count(lr1_0.id)>0 
    from
        leave_requests lr1_0 
    where
        lr1_0.employee_id=? 
        and lr1_0.status in (?, ?) 
        and lr1_0.start_date<=? 
        and lr1_0.end_date>=?
2026-10-09T09:11:06.234+05:30 DEBUG 46205 --- [leave-management-system] [           main] org.hibernate.SQL                        : 
    select
        count(lr1_0.id)>0 
    from
        leave_requests lr1_0 
    where
        lr1_0.employee_id=? 
        and lr1_0.status in (?, ?) 
        and lr1_0.start_date<=? 
        and lr1_0.end_date>=?
Hibernate: 
    select
        count(lr1_0.id)>0 
    from
        leave_requests lr1_0 
    where
        lr1_0.employee_id=? 
        and lr1_0.status in (?, ?) 
        and lr1_0.start_date<=? 
        and lr1_0.end_date>=?
2026-10-09T09:11:06.234+05:30 DEBUG 46205 --- [leave-management-system] [           main] org.hibernate.SQL                        : 
    select
        count(lr1_0.id)>0 
    from
        leave_requests lr1_0 
    where
        lr1_0.employee_id=? 
        and lr1_0.status in (?, ?) 
        and lr1_0.start_date<=? 
        and lr1_0.end_date>=?
Hibernate: 
    select
        count(lr1_0.id)>0 
    from
        leave_requests lr1_0 
    where
        lr1_0.employee_id=? 
        and lr1_0.status in (?, ?) 
        and lr1_0.start_date<=? 
        and lr1_0.end_date>=?
2026-10-09T09:11:06.235+05:30 DEBUG 46205 --- [leave-management-system] [           main] org.hibernate.SQL                        : 
    select
        count(lr1_0.id)>0 
    from
        leave_requests lr1_0 
    where
        lr1_0.employee_id=? 
        and lr1_0.status in (?, ?) 
        and lr1_0.start_date<=? 
        and lr1_0.end_date>=?
Hibernate: 
    select
        count(lr1_0.id)>0 
    from
        leave_requests lr1_0 
    where
        lr1_0.employee_id=? 
        and lr1_0.status in (?, ?) 
        and lr1_0.start_date<=? 
        and lr1_0.end_date>=?
2026-10-09T09:11:06.236+05:30 DEBUG 46205 --- [leave-management-system] [           main] org.hibernate.SQL                        : 
    select
        count(lr1_0.id)>0 
    from
        leave_requests lr1_0 
    where
        lr1_0.employee_id=? 
        and lr1_0.status in (?, ?) 
        and lr1_0.start_date<=? 
        and lr1_0.end_date>=?
Hibernate: 
    select
        count(lr1_0.id)>0 
    from
        leave_requests lr1_0 
    where
        lr1_0.employee_id=? 
        and lr1_0.status in (?, ?) 
        and lr1_0.start_date<=? 
        and lr1_0.end_date>=?
2026-10-09T09:11:06.236+05:30 DEBUG 46205 --- [leave-management-system] [           main] org.hibernate.SQL                        : 
    select
        count(lr1_0.id)>0 
    from
        leave_requests lr1_0 
    where
        lr1_0.employee_id=? 
        and lr1_0.status in (?, ?) 
        and lr1_0.start_date<=? 
        and lr1_0.end_date>=?
Hibernate: 
    select
        count(lr1_0.id)>0 
    from
        leave_requests lr1_0 
    where
        lr1_0.employee_id=? 
        and lr1_0.status in (?, ?) 
        and lr1_0.start_date<=? 
        and lr1_0.end_date>=?
2026-10-09T09:11:06.237+05:30 DEBUG 46205 --- [leave-management-system] [           main] org.hibernate.SQL                        : 
    select
        count(lr1_0.id)>0 
    from
        leave_requests lr1_0 
    where
        lr1_0.employee_id=? 
        and lr1_0.status in (?, ?) 
        and lr1_0.start_date<=? 
        and lr1_0.end_date>=?
Hibernate: 
    select
        count(lr1_0.id)>0 
    from
        leave_requests lr1_0 
    where
        lr1_0.employee_id=? 
        and lr1_0.status in (?, ?) 
        and lr1_0.start_date<=? 
        and lr1_0.end_date>=?
2026-10-09T09:11:06.241+05:30  INFO 46205 --- [leave-management-system] [           main] t.c.s.AnnotationConfigContextLoaderUtils : Could not detect default configuration classes for test class [com.leave_management_system.leave_management_system.controller.LeaveRequestControllerIntegrationTest]: LeaveRequestControllerIntegrationTest does not declare any static, non-private, non-final, nested classes annotated with @Configuration.
2026-10-09T09:11:06.242+05:30 DEBUG 46205 --- [leave-management-system] [           main] .b.t.c.SpringBootTestContextBootstrapper : Using ContextCustomizerFactory implementations for test class [LeaveRequestControllerIntegrationTest]: [SpringBootTestRandomPortContextCustomizerFactory, ImportsContextCustomizerFactory, PropertyMappingContextCustomizerFactory, ExcludeFilterContextCustomizerFactory, TypeExcludeFiltersContextCustomizerFactory, DisableReactorResourceFactoryGlobalResourcesContextCustomizerFactory, DuplicateJsonObjectContextCustomizerFactory, OnFailureConditionReportContextCustomizerFactory, OverrideAutoConfigurationContextCustomizerFactory, BeanOverrideContextCustomizerFactory, MockServerContainerContextCustomizerFactory, DynamicPropertiesContextCustomizerFactory]
2026-10-09T09:11:06.242+05:30 DEBUG 46205 --- [leave-management-system] [           main] .b.t.c.SpringBootTestContextBootstrapper : Using ContextCustomizers for test class [LeaveRequestControllerIntegrationTest]: [SpringBootTestRandomPortContextCustomizer, PropertyMappingContextCustomizer, ExcludeFilterContextCustomizer, DuplicateJsonObjectContextCustomizer, OnFailureConditionReportContextCustomizer, DynamicPropertiesContextCustomizer]
2026-10-09T09:11:06.248+05:30  INFO 46205 --- [leave-management-system] [           main] .b.t.c.SpringBootTestContextBootstrapper : Found @SpringBootConfiguration com.leave_management_system.leave_management_system.LeaveManagementSystemApplication for test class com.leave_management_system.leave_management_system.controller.LeaveRequestControllerIntegrationTest
2026-10-09T09:11:06.249+05:30  INFO 46205 --- [leave-management-system] [           main] t.c.s.AnnotationConfigContextLoaderUtils : Could not detect default configuration classes for test class [com.leave_management_system.leave_management_system.controller.LeaveRequestControllerIntegrationTest]: LeaveRequestControllerIntegrationTest does not declare any static, non-private, non-final, nested classes annotated with @Configuration.
2026-10-09T09:11:06.249+05:30 DEBUG 46205 --- [leave-management-system] [           main] .b.t.c.SpringBootTestContextBootstrapper : Using ContextCustomizerFactory implementations for test class [LeaveRequestControllerIntegrationTest]: [SpringBootTestRandomPortContextCustomizerFactory, ImportsContextCustomizerFactory, PropertyMappingContextCustomizerFactory, ExcludeFilterContextCustomizerFactory, TypeExcludeFiltersContextCustomizerFactory, DisableReactorResourceFactoryGlobalResourcesContextCustomizerFactory, DuplicateJsonObjectContextCustomizerFactory, OnFailureConditionReportContextCustomizerFactory, OverrideAutoConfigurationContextCustomizerFactory, BeanOverrideContextCustomizerFactory, MockServerContainerContextCustomizerFactory, DynamicPropertiesContextCustomizerFactory]
2026-10-09T09:11:06.249+05:30 DEBUG 46205 --- [leave-management-system] [           main] .b.t.c.SpringBootTestContextBootstrapper : Using ContextCustomizers for test class [LeaveRequestControllerIntegrationTest]: [SpringBootTestRandomPortContextCustomizer, PropertyMappingContextCustomizer, ExcludeFilterContextCustomizer, DuplicateJsonObjectContextCustomizer, OnFailureConditionReportContextCustomizer, DynamicPropertiesContextCustomizer]
2026-10-09T09:11:06.249+05:30  INFO 46205 --- [leave-management-system] [           main] .b.t.c.SpringBootTestContextBootstrapper : Found @SpringBootConfiguration com.leave_management_system.leave_management_system.LeaveManagementSystemApplication for test class com.leave_management_system.leave_management_system.controller.LeaveRequestControllerIntegrationTest
2026-10-09T09:11:06.249+05:30 DEBUG 46205 --- [leave-management-system] [           main] .b.t.c.SpringBootTestContextBootstrapper : Neither @ContextConfiguration nor @ContextHierarchy found for test class [LeaveRequestControllerIntegrationTest]: using SpringBootContextLoader
2026-10-09T09:11:06.250+05:30 DEBUG 46205 --- [leave-management-system] [           main] .b.t.c.SpringBootTestContextBootstrapper : Using TestExecutionListeners for test class [LeaveRequestControllerIntegrationTest]: [ServletTestExecutionListener, DirtiesContextBeforeModesTestExecutionListener, ApplicationEventsTestExecutionListener, BeanOverrideTestExecutionListener, DependencyInjectionTestExecutionListener, DirtiesContextTestExecutionListener, CommonCachesTestExecutionListener, TransactionalTestExecutionListener, SqlScriptsTestExecutionListener, EventPublishingTestExecutionListener, WithSecurityContextTestExecutionListener, ReactorContextTestExecutionListener, MockitoResetTestExecutionListener]
2026-10-09T09:11:06.257+05:30  INFO 46205 --- [leave-management-system] [           main] o.s.b.t.m.w.SpringBootMockServletContext : Initializing Spring TestDispatcherServlet ''
2026-10-09T09:11:06.257+05:30  INFO 46205 --- [leave-management-system] [           main] o.s.t.web.servlet.TestDispatcherServlet  : Initializing Servlet ''
2026-10-09T09:11:06.258+05:30  INFO 46205 --- [leave-management-system] [           main] o.s.t.web.servlet.TestDispatcherServlet  : Completed initialization in 1 ms
2026-10-09T09:11:06.270+05:30 DEBUG 46205 --- [leave-management-system] [           main] s.w.s.m.m.a.RequestMappingHandlerMapping : Mapped to com.leave_management_system.leave_management_system.controller.LeaveRequestController#getLeaveRequests(Long, LeaveStatus, LocalDate, LocalDate, Long, Pageable)
2026-10-09T09:11:06.299+05:30 DEBUG 46205 --- [leave-management-system] [           main] org.hibernate.SQL                        : 
    select
        lr1_0.id,
        lr1_0.applied_at,
        lr1_0.employee_id,
        lr1_0.end_date,
        lr1_0.leave_type_id,
        lr1_0.reason,
        lr1_0.rejection_reason,
        lr1_0.start_date,
        lr1_0.status,
        lr1_0.version 
    from
        leave_requests lr1_0 
    where
        1=1 
    offset
        ? rows 
    fetch
        first ? rows only
Hibernate: 
    select
        lr1_0.id,
        lr1_0.applied_at,
        lr1_0.employee_id,
        lr1_0.end_date,
        lr1_0.leave_type_id,
        lr1_0.reason,
        lr1_0.rejection_reason,
        lr1_0.start_date,
        lr1_0.status,
        lr1_0.version 
    from
        leave_requests lr1_0 
    where
        1=1 
    offset
        ? rows 
    fetch
        first ? rows only
2026-10-09T09:11:06.318+05:30 DEBUG 46205 --- [leave-management-system] [           main] m.m.a.RequestResponseBodyMethodProcessor : Using 'application/json', given [*/*] and supported [application/json, application/*+json, application/yaml]
2026-10-09T09:11:06.319+05:30 DEBUG 46205 --- [leave-management-system] [           main] m.m.a.RequestResponseBodyMethodProcessor : Writing [Page 1 of 0 containing UNKNOWN instances]
2026-10-09T09:11:06.333+05:30  WARN 46205 --- [leave-management-system] [           main] ration$PageModule$WarningLoggingModifier : Serializing PageImpl instances as-is is not supported, meaning that there is no guarantee about the stability of the resulting JSON structure!
	For a stable JSON structure, please use Spring Data's PagedModel (globally via @EnableSpringDataWebSupport(pageSerializationMode = VIA_DTO))
	or Spring HATEOAS and Spring Data's PagedResourcesAssembler as documented in https://docs.spring.io/spring-data/commons/reference/repositories/core-extensions.html#core.web.pageables.

2026-10-09T09:11:06.341+05:30  INFO 46205 --- [leave-management-system] [           main] o.s.b.t.m.w.SpringBootMockServletContext : Initializing Spring TestDispatcherServlet ''
2026-10-09T09:11:06.341+05:30  INFO 46205 --- [leave-management-system] [           main] o.s.t.web.servlet.TestDispatcherServlet  : Initializing Servlet ''
2026-10-09T09:11:06.341+05:30  INFO 46205 --- [leave-management-system] [           main] o.s.t.web.servlet.TestDispatcherServlet  : Completed initialization in 0 ms
2026-10-09T09:11:06.345+05:30 DEBUG 46205 --- [leave-management-system] [           main] s.w.s.m.m.a.RequestMappingHandlerMapping : Mapped to com.leave_management_system.leave_management_system.controller.DepartmentController#createDepartment(DepartmentRequestDTO)
2026-10-09T09:11:06.354+05:30 DEBUG 46205 --- [leave-management-system] [           main] m.m.a.RequestResponseBodyMethodProcessor : Read "application/json" to [com.leave_management_system.leave_management_system.dto.DepartmentRequestDTO@75798d55]
2026-10-09T09:11:06.362+05:30 DEBUG 46205 --- [leave-management-system] [           main] org.hibernate.SQL                        : 
    select
        d1_0.id 
    from
        departments d1_0 
    where
        d1_0.name=? 
    fetch
        first ? rows only
Hibernate: 
    select
        d1_0.id 
    from
        departments d1_0 
    where
        d1_0.name=? 
    fetch
        first ? rows only
2026-10-09T09:11:06.363+05:30 DEBUG 46205 --- [leave-management-system] [           main] org.hibernate.SQL                        : 
    insert 
    into
        departments
        (manager_id, name, id) 
    values
        (?, ?, default)
Hibernate: 
    insert 
    into
        departments
        (manager_id, name, id) 
    values
        (?, ?, default)
2026-10-09T09:11:06.365+05:30 DEBUG 46205 --- [leave-management-system] [           main] m.m.a.RequestResponseBodyMethodProcessor : Using 'application/json', given [*/*] and supported [application/json, application/*+json, application/yaml]
2026-10-09T09:11:06.365+05:30 DEBUG 46205 --- [leave-management-system] [           main] m.m.a.RequestResponseBodyMethodProcessor : Writing [com.leave_management_system.leave_management_system.dto.DepartmentResponseDTO@5fecb385]
2026-10-09T09:11:06.379+05:30 DEBUG 46205 --- [leave-management-system] [           main] s.w.s.m.m.a.RequestMappingHandlerMapping : Mapped to com.leave_management_system.leave_management_system.controller.EmployeeController#createEmployee(EmployeeRequestDTO)
2026-10-09T09:11:06.380+05:30 DEBUG 46205 --- [leave-management-system] [           main] m.m.a.RequestResponseBodyMethodProcessor : Read "application/json" to [com.leave_management_system.leave_management_system.dto.EmployeeRequestDTO@768f925a]
2026-10-09T09:11:06.387+05:30 DEBUG 46205 --- [leave-management-system] [           main] org.hibernate.SQL                        : 
    select
        u1_0.id 
    from
        users u1_0 
    where
        u1_0.email=? 
    fetch
        first ? rows only
Hibernate: 
    select
        u1_0.id 
    from
        users u1_0 
    where
        u1_0.email=? 
    fetch
        first ? rows only
2026-10-09T09:11:06.388+05:30 DEBUG 46205 --- [leave-management-system] [           main] org.hibernate.SQL                        : 
    select
        r1_0.id,
        r1_0.name 
    from
        roles r1_0 
    where
        r1_0.name=?
Hibernate: 
    select
        r1_0.id,
        r1_0.name 
    from
        roles r1_0 
    where
        r1_0.name=?
2026-10-09T09:11:06.393+05:30 DEBUG 46205 --- [leave-management-system] [           main] org.hibernate.SQL                        : 
    select
        p1_0.role_id,
        p1_1.id,
        p1_1.active,
        p1_1.description,
        p1_1.name 
    from
        role_permissions p1_0 
    join
        permissions p1_1 
            on p1_1.id=p1_0.permission_id 
    where
        p1_0.role_id=?
Hibernate: 
    select
        p1_0.role_id,
        p1_1.id,
        p1_1.active,
        p1_1.description,
        p1_1.name 
    from
        role_permissions p1_0 
    join
        permissions p1_1 
            on p1_1.id=p1_0.permission_id 
    where
        p1_0.role_id=?
2026-10-09T09:11:06.395+05:30 DEBUG 46205 --- [leave-management-system] [           main] org.hibernate.SQL                        : 
    insert 
    into
        users
        (active, email, password, id) 
    values
        (?, ?, ?, default)
Hibernate: 
    insert 
    into
        users
        (active, email, password, id) 
    values
        (?, ?, ?, default)
2026-10-09T09:11:06.397+05:30 DEBUG 46205 --- [leave-management-system] [           main] org.hibernate.SQL                        : 
    insert 
    into
        employees
        (department_id, employee_code, first_name, last_name, manager_id, phone, salary, status, user_id, id) 
    values
        (?, ?, ?, ?, ?, ?, ?, ?, ?, default)
Hibernate: 
    insert 
    into
        employees
        (department_id, employee_code, first_name, last_name, manager_id, phone, salary, status, user_id, id) 
    values
        (?, ?, ?, ?, ?, ?, ?, ?, ?, default)
2026-10-09T09:11:06.401+05:30 DEBUG 46205 --- [leave-management-system] [           main] org.hibernate.SQL                        : 
    select
        u1_0.id,
        u1_0.active,
        u1_0.email,
        u1_0.password 
    from
        users u1_0 
    where
        u1_0.email=?
Hibernate: 
    select
        u1_0.id,
        u1_0.active,
        u1_0.email,
        u1_0.password 
    from
        users u1_0 
    where
        u1_0.email=?
2026-10-09T09:11:06.402+05:30 DEBUG 46205 --- [leave-management-system] [           main] org.hibernate.SQL                        : 
    insert 
    into
        audit_logs
        (action, entity_id, entity_type, ip_address, new_value, old_value, timestamp, user_id, id) 
    values
        (?, ?, ?, ?, ?, ?, ?, ?, default)
Hibernate: 
    insert 
    into
        audit_logs
        (action, entity_id, entity_type, ip_address, new_value, old_value, timestamp, user_id, id) 
    values
        (?, ?, ?, ?, ?, ?, ?, ?, default)
2026-10-09T09:11:06.403+05:30 DEBUG 46205 --- [leave-management-system] [           main] m.m.a.RequestResponseBodyMethodProcessor : Using 'application/json', given [*/*] and supported [application/json, application/*+json, application/yaml]
2026-10-09T09:11:06.403+05:30 DEBUG 46205 --- [leave-management-system] [           main] m.m.a.RequestResponseBodyMethodProcessor : Writing [com.leave_management_system.leave_management_system.dto.EmployeeResponseDTO@54a7c671]
2026-10-09T09:11:06.405+05:30 DEBUG 46205 --- [leave-management-system] [           main] s.w.s.m.m.a.RequestMappingHandlerMapping : Mapped to com.leave_management_system.leave_management_system.controller.LeaveTypeController#createLeaveType(LeaveTypeRequestDTO)
2026-10-09T09:11:06.405+05:30 DEBUG 46205 --- [leave-management-system] [           main] m.m.a.RequestResponseBodyMethodProcessor : Read "application/json" to [com.leave_management_system.leave_management_system.dto.LeaveTypeRequestDTO@7025cd74]
2026-10-09T09:11:06.409+05:30 DEBUG 46205 --- [leave-management-system] [           main] org.hibernate.SQL                        : 
    select
        lt1_0.id,
        lt1_0.active,
        lt1_0.default_days,
        lt1_0.description,
        lt1_0.name 
    from
        leave_types lt1_0 
    where
        lt1_0.name=?
Hibernate: 
    select
        lt1_0.id,
        lt1_0.active,
        lt1_0.default_days,
        lt1_0.description,
        lt1_0.name 
    from
        leave_types lt1_0 
    where
        lt1_0.name=?
2026-10-09T09:11:06.410+05:30 DEBUG 46205 --- [leave-management-system] [           main] org.hibernate.SQL                        : 
    insert 
    into
        leave_types
        (active, default_days, description, name, id) 
    values
        (?, ?, ?, ?, default)
Hibernate: 
    insert 
    into
        leave_types
        (active, default_days, description, name, id) 
    values
        (?, ?, ?, ?, default)
2026-10-09T09:11:06.411+05:30 DEBUG 46205 --- [leave-management-system] [           main] o.s.w.s.m.m.a.HttpEntityMethodProcessor  : Using 'application/json', given [*/*] and supported [application/json, application/*+json, application/yaml]
2026-10-09T09:11:06.411+05:30 DEBUG 46205 --- [leave-management-system] [           main] o.s.w.s.m.m.a.HttpEntityMethodProcessor  : Writing [com.leave_management_system.leave_management_system.dto.LeaveTypeResponseDTO@64f9b819]
2026-10-09T09:11:06.413+05:30 DEBUG 46205 --- [leave-management-system] [           main] s.w.s.m.m.a.RequestMappingHandlerMapping : Mapped to com.leave_management_system.leave_management_system.controller.LeaveBalanceController#createLeaveBalance(LeaveBalanceRequestDTO)
2026-10-09T09:11:06.413+05:30 DEBUG 46205 --- [leave-management-system] [           main] m.m.a.RequestResponseBodyMethodProcessor : Read "application/json" to [com.leave_management_system.leave_management_system.dto.LeaveBalanceRequestDTO@5379a77a]
2026-10-09T09:11:06.417+05:30 DEBUG 46205 --- [leave-management-system] [           main] org.hibernate.SQL                        : 
    select
        lb1_0.id 
    from
        leave_balances lb1_0 
    where
        lb1_0.employee_id=? 
        and lb1_0.leave_type_id=? 
    fetch
        first ? rows only
Hibernate: 
    select
        lb1_0.id 
    from
        leave_balances lb1_0 
    where
        lb1_0.employee_id=? 
        and lb1_0.leave_type_id=? 
    fetch
        first ? rows only
2026-10-09T09:11:06.418+05:30 DEBUG 46205 --- [leave-management-system] [           main] org.hibernate.SQL                        : 
    insert 
    into
        leave_balances
        (available, employee_id, leave_type_id, total, used, version, year, id) 
    values
        (?, ?, ?, ?, ?, ?, ?, default)
Hibernate: 
    insert 
    into
        leave_balances
        (available, employee_id, leave_type_id, total, used, version, year, id) 
    values
        (?, ?, ?, ?, ?, ?, ?, default)
2026-10-09T09:11:06.420+05:30 DEBUG 46205 --- [leave-management-system] [           main] org.hibernate.SQL                        : 
    select
        u1_0.id,
        u1_0.active,
        u1_0.email,
        u1_0.password 
    from
        users u1_0 
    where
        u1_0.email=?
Hibernate: 
    select
        u1_0.id,
        u1_0.active,
        u1_0.email,
        u1_0.password 
    from
        users u1_0 
    where
        u1_0.email=?
2026-10-09T09:11:06.420+05:30 DEBUG 46205 --- [leave-management-system] [           main] org.hibernate.SQL                        : 
    insert 
    into
        audit_logs
        (action, entity_id, entity_type, ip_address, new_value, old_value, timestamp, user_id, id) 
    values
        (?, ?, ?, ?, ?, ?, ?, ?, default)
Hibernate: 
    insert 
    into
        audit_logs
        (action, entity_id, entity_type, ip_address, new_value, old_value, timestamp, user_id, id) 
    values
        (?, ?, ?, ?, ?, ?, ?, ?, default)
2026-10-09T09:11:06.421+05:30 DEBUG 46205 --- [leave-management-system] [           main] o.s.w.s.m.m.a.HttpEntityMethodProcessor  : Using 'application/json', given [*/*] and supported [application/json, application/*+json, application/yaml]
2026-10-09T09:11:06.421+05:30 DEBUG 46205 --- [leave-management-system] [           main] o.s.w.s.m.m.a.HttpEntityMethodProcessor  : Writing [com.leave_management_system.leave_management_system.dto.LeaveBalanceResponseDTO@5a6057bf]
2026-10-09T09:11:06.423+05:30 DEBUG 46205 --- [leave-management-system] [           main] s.w.s.m.m.a.RequestMappingHandlerMapping : Mapped to com.leave_management_system.leave_management_system.controller.LeaveRequestController#createLeaveRequest(LeaveRequestDTO)
2026-10-09T09:11:06.424+05:30 DEBUG 46205 --- [leave-management-system] [           main] m.m.a.RequestResponseBodyMethodProcessor : Read "application/json" to [com.leave_management_system.leave_management_system.dto.LeaveRequestDTO@1fa07f1b]
2026-10-09T09:11:06.428+05:30 DEBUG 46205 --- [leave-management-system] [           main] org.hibernate.SQL                        : 
    select
        count(lr1_0.id)>0 
    from
        leave_requests lr1_0 
    where
        lr1_0.employee_id=? 
        and lr1_0.status in (?, ?) 
        and lr1_0.start_date<=? 
        and lr1_0.end_date>=?
Hibernate: 
    select
        count(lr1_0.id)>0 
    from
        leave_requests lr1_0 
    where
        lr1_0.employee_id=? 
        and lr1_0.status in (?, ?) 
        and lr1_0.start_date<=? 
        and lr1_0.end_date>=?
2026-10-09T09:11:06.430+05:30 DEBUG 46205 --- [leave-management-system] [           main] org.hibernate.SQL                        : 
    select
        lb1_0.id,
        lb1_0.available,
        lb1_0.employee_id,
        lb1_0.leave_type_id,
        lb1_0.total,
        lb1_0.used,
        lb1_0.version,
        lb1_0.year 
    from
        leave_balances lb1_0 
    where
        lb1_0.employee_id=? 
        and lb1_0.leave_type_id=?
Hibernate: 
    select
        lb1_0.id,
        lb1_0.available,
        lb1_0.employee_id,
        lb1_0.leave_type_id,
        lb1_0.total,
        lb1_0.used,
        lb1_0.version,
        lb1_0.year 
    from
        leave_balances lb1_0 
    where
        lb1_0.employee_id=? 
        and lb1_0.leave_type_id=?
2026-10-09T09:11:06.431+05:30 DEBUG 46205 --- [leave-management-system] [           main] org.hibernate.SQL                        : 
    insert 
    into
        leave_requests
        (applied_at, employee_id, end_date, leave_type_id, reason, rejection_reason, start_date, status, version, id) 
    values
        (?, ?, ?, ?, ?, ?, ?, ?, ?, default)
Hibernate: 
    insert 
    into
        leave_requests
        (applied_at, employee_id, end_date, leave_type_id, reason, rejection_reason, start_date, status, version, id) 
    values
        (?, ?, ?, ?, ?, ?, ?, ?, ?, default)
2026-10-09T09:11:06.434+05:30 DEBUG 46205 --- [leave-management-system] [           main] org.hibernate.SQL                        : 
    select
        u1_0.id,
        u1_0.active,
        u1_0.email,
        u1_0.password 
    from
        users u1_0 
    where
        u1_0.email=?
Hibernate: 
    select
        u1_0.id,
        u1_0.active,
        u1_0.email,
        u1_0.password 
    from
        users u1_0 
    where
        u1_0.email=?
2026-10-09T09:11:06.435+05:30 DEBUG 46205 --- [leave-management-system] [           main] org.hibernate.SQL                        : 
    insert 
    into
        audit_logs
        (action, entity_id, entity_type, ip_address, new_value, old_value, timestamp, user_id, id) 
    values
        (?, ?, ?, ?, ?, ?, ?, ?, default)
Hibernate: 
    insert 
    into
        audit_logs
        (action, entity_id, entity_type, ip_address, new_value, old_value, timestamp, user_id, id) 
    values
        (?, ?, ?, ?, ?, ?, ?, ?, default)
2026-10-09T09:11:06.435+05:30 DEBUG 46205 --- [leave-management-system] [           main] m.m.a.RequestResponseBodyMethodProcessor : Using 'application/json', given [*/*] and supported [application/json, application/*+json, application/yaml]
2026-10-09T09:11:06.436+05:30 DEBUG 46205 --- [leave-management-system] [           main] m.m.a.RequestResponseBodyMethodProcessor : Writing [com.leave_management_system.leave_management_system.dto.LeaveResponseDTO@1ffb6ee8]
2026-10-09T09:11:06.437+05:30 DEBUG 46205 --- [leave-management-system] [           main] s.w.s.m.m.a.RequestMappingHandlerMapping : Mapped to com.leave_management_system.leave_management_system.controller.LeaveRequestController#approveLeaveRequest(Long)
2026-10-09T09:11:06.440+05:30 DEBUG 46205 --- [leave-management-system] [           main] org.hibernate.SQL                        : 
    select
        lb1_0.id,
        lb1_0.available,
        lb1_0.employee_id,
        lb1_0.leave_type_id,
        lb1_0.total,
        lb1_0.used,
        lb1_0.version,
        lb1_0.year 
    from
        leave_balances lb1_0 
    where
        lb1_0.employee_id=? 
        and lb1_0.leave_type_id=?
Hibernate: 
    select
        lb1_0.id,
        lb1_0.available,
        lb1_0.employee_id,
        lb1_0.leave_type_id,
        lb1_0.total,
        lb1_0.used,
        lb1_0.version,
        lb1_0.year 
    from
        leave_balances lb1_0 
    where
        lb1_0.employee_id=? 
        and lb1_0.leave_type_id=?
2026-10-09T09:11:06.441+05:30 DEBUG 46205 --- [leave-management-system] [           main] org.hibernate.SQL                        : 
    select
        u1_0.id,
        u1_0.active,
        u1_0.email,
        u1_0.password 
    from
        users u1_0 
    where
        u1_0.email=?
Hibernate: 
    select
        u1_0.id,
        u1_0.active,
        u1_0.email,
        u1_0.password 
    from
        users u1_0 
    where
        u1_0.email=?
2026-10-09T09:11:06.442+05:30 DEBUG 46205 --- [leave-management-system] [           main] org.hibernate.SQL                        : 
    insert 
    into
        audit_logs
        (action, entity_id, entity_type, ip_address, new_value, old_value, timestamp, user_id, id) 
    values
        (?, ?, ?, ?, ?, ?, ?, ?, default)
Hibernate: 
    insert 
    into
        audit_logs
        (action, entity_id, entity_type, ip_address, new_value, old_value, timestamp, user_id, id) 
    values
        (?, ?, ?, ?, ?, ?, ?, ?, default)
2026-10-09T09:11:06.442+05:30 DEBUG 46205 --- [leave-management-system] [           main] m.m.a.RequestResponseBodyMethodProcessor : Using 'application/json', given [*/*] and supported [application/json, application/*+json, application/yaml]
2026-10-09T09:11:06.442+05:30 DEBUG 46205 --- [leave-management-system] [           main] m.m.a.RequestResponseBodyMethodProcessor : Writing [com.leave_management_system.leave_management_system.dto.LeaveResponseDTO@27bda972]
2026-10-09T09:11:06.446+05:30  INFO 46205 --- [leave-management-system] [           main] o.s.b.t.m.w.SpringBootMockServletContext : Initializing Spring TestDispatcherServlet ''
2026-10-09T09:11:06.446+05:30  INFO 46205 --- [leave-management-system] [           main] o.s.t.web.servlet.TestDispatcherServlet  : Initializing Servlet ''
2026-10-09T09:11:06.447+05:30  INFO 46205 --- [leave-management-system] [           main] o.s.t.web.servlet.TestDispatcherServlet  : Completed initialization in 1 ms
2026-10-09T09:11:06.447+05:30 DEBUG 46205 --- [leave-management-system] [           main] s.w.s.m.m.a.RequestMappingHandlerMapping : Mapped to com.leave_management_system.leave_management_system.controller.LeaveRequestController#createLeaveRequest(LeaveRequestDTO)
2026-10-09T09:11:06.448+05:30 DEBUG 46205 --- [leave-management-system] [           main] m.m.a.RequestResponseBodyMethodProcessor : Read "application/json" to [com.leave_management_system.leave_management_system.dto.LeaveRequestDTO@43487032]
2026-10-09T09:11:06.450+05:30 DEBUG 46205 --- [leave-management-system] [           main] .m.m.a.ExceptionHandlerExceptionResolver : Using @ExceptionHandler com.leave_management_system.leave_management_system.exception.GlobalExceptionHandler#handleValidationException(MethodArgumentNotValidException)
2026-10-09T09:11:06.452+05:30 DEBUG 46205 --- [leave-management-system] [           main] o.s.w.s.m.m.a.HttpEntityMethodProcessor  : Using 'application/json', given [*/*] and supported [application/json, application/*+json, application/yaml]
2026-10-09T09:11:06.452+05:30 DEBUG 46205 --- [leave-management-system] [           main] o.s.w.s.m.m.a.HttpEntityMethodProcessor  : Writing [com.leave_management_system.leave_management_system.dto.ErrorResponseDTO@3f682e1f]
2026-10-09T09:11:06.453+05:30 DEBUG 46205 --- [leave-management-system] [           main] .m.m.a.ExceptionHandlerExceptionResolver : Resolved [org.springframework.web.bind.MethodArgumentNotValidException: Validation failed for argument [0] in public com.leave_management_system.leave_management_system.dto.LeaveResponseDTO com.leave_management_system.leave_management_system.controller.LeaveRequestController.createLeaveRequest(com.leave_management_system.leave_management_system.dto.LeaveRequestDTO): [Field error in object 'leaveRequestDTO' on field 'startDate': rejected value [2026-10-08]; codes [FutureOrPresent.leaveRequestDTO.startDate,FutureOrPresent.startDate,FutureOrPresent.java.time.LocalDate,FutureOrPresent]; arguments [org.springframework.context.support.DefaultMessageSourceResolvable: codes [leaveRequestDTO.startDate,startDate]; arguments []; default message [startDate]]; default message [Start date cannot be in the past]] ]
2026-10-09T09:11:06.455+05:30  INFO 46205 --- [leave-management-system] [           main] t.c.s.AnnotationConfigContextLoaderUtils : Could not detect default configuration classes for test class [com.leave_management_system.leave_management_system.controller.EmployeeControllerIntegrationTest]: EmployeeControllerIntegrationTest does not declare any static, non-private, non-final, nested classes annotated with @Configuration.
2026-10-09T09:11:06.455+05:30 DEBUG 46205 --- [leave-management-system] [           main] .b.t.c.SpringBootTestContextBootstrapper : Using ContextCustomizerFactory implementations for test class [EmployeeControllerIntegrationTest]: [SpringBootTestRandomPortContextCustomizerFactory, ImportsContextCustomizerFactory, PropertyMappingContextCustomizerFactory, ExcludeFilterContextCustomizerFactory, TypeExcludeFiltersContextCustomizerFactory, DisableReactorResourceFactoryGlobalResourcesContextCustomizerFactory, DuplicateJsonObjectContextCustomizerFactory, OnFailureConditionReportContextCustomizerFactory, OverrideAutoConfigurationContextCustomizerFactory, BeanOverrideContextCustomizerFactory, MockServerContainerContextCustomizerFactory, DynamicPropertiesContextCustomizerFactory]
2026-10-09T09:11:06.455+05:30 DEBUG 46205 --- [leave-management-system] [           main] .b.t.c.SpringBootTestContextBootstrapper : Using ContextCustomizers for test class [EmployeeControllerIntegrationTest]: [SpringBootTestRandomPortContextCustomizer, PropertyMappingContextCustomizer, ExcludeFilterContextCustomizer, DuplicateJsonObjectContextCustomizer, OnFailureConditionReportContextCustomizer, DynamicPropertiesContextCustomizer]
2026-10-09T09:11:06.455+05:30  INFO 46205 --- [leave-management-system] [           main] .b.t.c.SpringBootTestContextBootstrapper : Found @SpringBootConfiguration com.leave_management_system.leave_management_system.LeaveManagementSystemApplication for test class com.leave_management_system.leave_management_system.controller.EmployeeControllerIntegrationTest
2026-10-09T09:11:06.456+05:30  INFO 46205 --- [leave-management-system] [           main] t.c.s.AnnotationConfigContextLoaderUtils : Could not detect default configuration classes for test class [com.leave_management_system.leave_management_system.controller.EmployeeControllerIntegrationTest]: EmployeeControllerIntegrationTest does not declare any static, non-private, non-final, nested classes annotated with @Configuration.
2026-10-09T09:11:06.456+05:30 DEBUG 46205 --- [leave-management-system] [           main] .b.t.c.SpringBootTestContextBootstrapper : Using ContextCustomizerFactory implementations for test class [EmployeeControllerIntegrationTest]: [SpringBootTestRandomPortContextCustomizerFactory, ImportsContextCustomizerFactory, PropertyMappingContextCustomizerFactory, ExcludeFilterContextCustomizerFactory, TypeExcludeFiltersContextCustomizerFactory, DisableReactorResourceFactoryGlobalResourcesContextCustomizerFactory, DuplicateJsonObjectContextCustomizerFactory, OnFailureConditionReportContextCustomizerFactory, OverrideAutoConfigurationContextCustomizerFactory, BeanOverrideContextCustomizerFactory, MockServerContainerContextCustomizerFactory, DynamicPropertiesContextCustomizerFactory]
2026-10-09T09:11:06.456+05:30 DEBUG 46205 --- [leave-management-system] [           main] .b.t.c.SpringBootTestContextBootstrapper : Using ContextCustomizers for test class [EmployeeControllerIntegrationTest]: [SpringBootTestRandomPortContextCustomizer, PropertyMappingContextCustomizer, ExcludeFilterContextCustomizer, DuplicateJsonObjectContextCustomizer, OnFailureConditionReportContextCustomizer, DynamicPropertiesContextCustomizer]
2026-10-09T09:11:06.456+05:30  INFO 46205 --- [leave-management-system] [           main] .b.t.c.SpringBootTestContextBootstrapper : Found @SpringBootConfiguration com.leave_management_system.leave_management_system.LeaveManagementSystemApplication for test class com.leave_management_system.leave_management_system.controller.EmployeeControllerIntegrationTest
2026-10-09T09:11:06.456+05:30 DEBUG 46205 --- [leave-management-system] [           main] .b.t.c.SpringBootTestContextBootstrapper : Neither @ContextConfiguration nor @ContextHierarchy found for test class [EmployeeControllerIntegrationTest]: using SpringBootContextLoader
2026-10-09T09:11:06.456+05:30 DEBUG 46205 --- [leave-management-system] [           main] .b.t.c.SpringBootTestContextBootstrapper : Using TestExecutionListeners for test class [EmployeeControllerIntegrationTest]: [ServletTestExecutionListener, DirtiesContextBeforeModesTestExecutionListener, ApplicationEventsTestExecutionListener, BeanOverrideTestExecutionListener, DependencyInjectionTestExecutionListener, DirtiesContextTestExecutionListener, CommonCachesTestExecutionListener, TransactionalTestExecutionListener, SqlScriptsTestExecutionListener, EventPublishingTestExecutionListener, WithSecurityContextTestExecutionListener, ReactorContextTestExecutionListener, MockitoResetTestExecutionListener]
2026-10-09T09:11:06.458+05:30  INFO 46205 --- [leave-management-system] [           main] o.s.b.t.m.w.SpringBootMockServletContext : Initializing Spring TestDispatcherServlet ''
2026-10-09T09:11:06.458+05:30  INFO 46205 --- [leave-management-system] [           main] o.s.t.web.servlet.TestDispatcherServlet  : Initializing Servlet ''
2026-10-09T09:11:06.458+05:30  INFO 46205 --- [leave-management-system] [           main] o.s.t.web.servlet.TestDispatcherServlet  : Completed initialization in 0 ms
2026-10-09T09:11:06.459+05:30 DEBUG 46205 --- [leave-management-system] [           main] s.w.s.m.m.a.RequestMappingHandlerMapping : Mapped to com.leave_management_system.leave_management_system.controller.EmployeeController#createEmployee(EmployeeRequestDTO)
2026-10-09T09:11:06.459+05:30 DEBUG 46205 --- [leave-management-system] [           main] m.m.a.RequestResponseBodyMethodProcessor : Read "application/json" to [com.leave_management_system.leave_management_system.dto.EmployeeRequestDTO@334021dd]
2026-10-09T09:11:06.460+05:30 DEBUG 46205 --- [leave-management-system] [           main] .m.m.a.ExceptionHandlerExceptionResolver : Using @ExceptionHandler com.leave_management_system.leave_management_system.exception.GlobalExceptionHandler#handleValidationException(MethodArgumentNotValidException)
2026-10-09T09:11:06.460+05:30 DEBUG 46205 --- [leave-management-system] [           main] o.s.w.s.m.m.a.HttpEntityMethodProcessor  : Using 'application/json', given [*/*] and supported [application/json, application/*+json, application/yaml]
2026-10-09T09:11:06.460+05:30 DEBUG 46205 --- [leave-management-system] [           main] o.s.w.s.m.m.a.HttpEntityMethodProcessor  : Writing [com.leave_management_system.leave_management_system.dto.ErrorResponseDTO@38d454fa]
2026-10-09T09:11:06.460+05:30 DEBUG 46205 --- [leave-management-system] [           main] .m.m.a.ExceptionHandlerExceptionResolver : Resolved [org.springframework.web.bind.MethodArgumentNotValidException: Validation failed for argument [0] in public com.leave_management_system.leave_management_system.dto.EmployeeResponseDTO com.leave_management_system.leave_management_system.controller.EmployeeController.createEmployee(com.leave_management_system.leave_management_system.dto.EmployeeRequestDTO) with 7 errors: [Field error in object 'employeeRequestDTO' on field 'salary': rejected value [null]; codes [NotNull.employeeRequestDTO.salary,NotNull.salary,NotNull.java.math.BigDecimal,NotNull]; arguments [org.springframework.context.support.DefaultMessageSourceResolvable: codes [employeeRequestDTO.salary,salary]; arguments []; default message [salary]]; default message [Salary is required]] [Field error in object 'employeeRequestDTO' on field 'firstName': rejected value [null]; codes [NotBlank.employeeRequestDTO.firstName,NotBlank.firstName,NotBlank.java.lang.String,NotBlank]; arguments [org.springframework.context.support.DefaultMessageSourceResolvable: codes [employeeRequestDTO.firstName,firstName]; arguments []; default message [firstName]]; default message [First name is required]] [Field error in object 'employeeRequestDTO' on field 'employeeCode': rejected value [null]; codes [NotBlank.employeeRequestDTO.employeeCode,NotBlank.employeeCode,NotBlank.java.lang.String,NotBlank]; arguments [org.springframework.context.support.DefaultMessageSourceResolvable: codes [employeeRequestDTO.employeeCode,employeeCode]; arguments []; default message [employeeCode]]; default message [Employee code is required]] [Field error in object 'employeeRequestDTO' on field 'departmentId': rejected value [null]; codes [NotNull.employeeRequestDTO.departmentId,NotNull.departmentId,NotNull.java.lang.Long,NotNull]; arguments [org.springframework.context.support.DefaultMessageSourceResolvable: codes [employeeRequestDTO.departmentId,departmentId]; arguments []; default message [departmentId]]; default message [Department ID is required]] [Field error in object 'employeeRequestDTO' on field 'lastName': rejected value [null]; codes [NotBlank.employeeRequestDTO.lastName,NotBlank.lastName,NotBlank.java.lang.String,NotBlank]; arguments [org.springframework.context.support.DefaultMessageSourceResolvable: codes [employeeRequestDTO.lastName,lastName]; arguments []; default message [lastName]]; default message [Last name is required]] [Field error in object 'employeeRequestDTO' on field 'status': rejected value [null]; codes [NotBlank.employeeRequestDTO.status,NotBlank.status,NotBlank.java.lang.String,NotBlank]; arguments [org.springframework.context.support.DefaultMessageSourceResolvable: codes [employeeRequestDTO.status,status]; arguments []; default message [status]]; default message [Status is required]] [Field error in object 'employeeRequestDTO' on field 'email': rejected value [null]; codes [NotBlank.employeeRequestDTO.email,NotBlank.email,NotBlank.java.lang.String,NotBlank]; arguments [org.springframework.context.support.DefaultMessageSourceResolvable: codes [employeeRequestDTO.email,email]; arguments []; default message [email]]; default message [Email is required]] ]
2026-10-09T09:11:06.462+05:30  INFO 46205 --- [leave-management-system] [           main] o.s.b.t.m.w.SpringBootMockServletContext : Initializing Spring TestDispatcherServlet ''
2026-10-09T09:11:06.462+05:30  INFO 46205 --- [leave-management-system] [           main] o.s.t.web.servlet.TestDispatcherServlet  : Initializing Servlet ''
2026-10-09T09:11:06.463+05:30  INFO 46205 --- [leave-management-system] [           main] o.s.t.web.servlet.TestDispatcherServlet  : Completed initialization in 1 ms
2026-10-09T09:11:06.464+05:30 DEBUG 46205 --- [leave-management-system] [           main] s.w.s.m.m.a.RequestMappingHandlerMapping : Mapped to com.leave_management_system.leave_management_system.controller.EmployeeController#createEmployee(EmployeeRequestDTO)
2026-10-09T09:11:06.464+05:30 DEBUG 46205 --- [leave-management-system] [           main] m.m.a.RequestResponseBodyMethodProcessor : Read "application/json" to [com.leave_management_system.leave_management_system.dto.EmployeeRequestDTO@70aeaa13]
2026-10-09T09:11:06.465+05:30 DEBUG 46205 --- [leave-management-system] [           main] .m.m.a.ExceptionHandlerExceptionResolver : Using @ExceptionHandler com.leave_management_system.leave_management_system.exception.GlobalExceptionHandler#handleAccessDeniedException(AccessDeniedException)
2026-10-09T09:11:06.465+05:30 DEBUG 46205 --- [leave-management-system] [           main] o.s.w.s.m.m.a.HttpEntityMethodProcessor  : Using 'application/json', given [*/*] and supported [application/json, application/*+json, application/yaml]
2026-10-09T09:11:06.465+05:30 DEBUG 46205 --- [leave-management-system] [           main] o.s.w.s.m.m.a.HttpEntityMethodProcessor  : Writing [com.leave_management_system.leave_management_system.dto.ErrorResponseDTO@232b7e94]
2026-10-09T09:11:06.465+05:30 DEBUG 46205 --- [leave-management-system] [           main] .m.m.a.ExceptionHandlerExceptionResolver : Resolved [org.springframework.security.authorization.AuthorizationDeniedException: Access Denied]
2026-10-09T09:11:06.468+05:30  INFO 46205 --- [leave-management-system] [           main] o.s.b.t.m.w.SpringBootMockServletContext : Initializing Spring TestDispatcherServlet ''
2026-10-09T09:11:06.468+05:30  INFO 46205 --- [leave-management-system] [           main] o.s.t.web.servlet.TestDispatcherServlet  : Initializing Servlet ''
2026-10-09T09:11:06.469+05:30  INFO 46205 --- [leave-management-system] [           main] o.s.t.web.servlet.TestDispatcherServlet  : Completed initialization in 0 ms
2026-10-09T09:11:06.469+05:30 DEBUG 46205 --- [leave-management-system] [           main] s.w.s.m.m.a.RequestMappingHandlerMapping : Mapped to com.leave_management_system.leave_management_system.controller.DepartmentController#createDepartment(DepartmentRequestDTO)
2026-10-09T09:11:06.469+05:30 DEBUG 46205 --- [leave-management-system] [           main] m.m.a.RequestResponseBodyMethodProcessor : Read "application/json" to [com.leave_management_system.leave_management_system.dto.DepartmentRequestDTO@d90ac77]
2026-10-09T09:11:06.470+05:30 DEBUG 46205 --- [leave-management-system] [           main] org.hibernate.SQL                        : 
    select
        d1_0.id 
    from
        departments d1_0 
    where
        d1_0.name=? 
    fetch
        first ? rows only
Hibernate: 
    select
        d1_0.id 
    from
        departments d1_0 
    where
        d1_0.name=? 
    fetch
        first ? rows only
2026-10-09T09:11:06.470+05:30 DEBUG 46205 --- [leave-management-system] [           main] org.hibernate.SQL                        : 
    insert 
    into
        departments
        (manager_id, name, id) 
    values
        (?, ?, default)
Hibernate: 
    insert 
    into
        departments
        (manager_id, name, id) 
    values
        (?, ?, default)
2026-10-09T09:11:06.470+05:30 DEBUG 46205 --- [leave-management-system] [           main] m.m.a.RequestResponseBodyMethodProcessor : Using 'application/json', given [*/*] and supported [application/json, application/*+json, application/yaml]
2026-10-09T09:11:06.471+05:30 DEBUG 46205 --- [leave-management-system] [           main] m.m.a.RequestResponseBodyMethodProcessor : Writing [com.leave_management_system.leave_management_system.dto.DepartmentResponseDTO@7d78caff]
2026-10-09T09:11:06.471+05:30 DEBUG 46205 --- [leave-management-system] [           main] s.w.s.m.m.a.RequestMappingHandlerMapping : Mapped to com.leave_management_system.leave_management_system.controller.EmployeeController#createEmployee(EmployeeRequestDTO)
2026-10-09T09:11:06.471+05:30 DEBUG 46205 --- [leave-management-system] [           main] m.m.a.RequestResponseBodyMethodProcessor : Read "application/json" to [com.leave_management_system.leave_management_system.dto.EmployeeRequestDTO@351b9520]
2026-10-09T09:11:06.472+05:30 DEBUG 46205 --- [leave-management-system] [           main] org.hibernate.SQL                        : 
    select
        u1_0.id 
    from
        users u1_0 
    where
        u1_0.email=? 
    fetch
        first ? rows only
Hibernate: 
    select
        u1_0.id 
    from
        users u1_0 
    where
        u1_0.email=? 
    fetch
        first ? rows only
2026-10-09T09:11:06.472+05:30 DEBUG 46205 --- [leave-management-system] [           main] org.hibernate.SQL                        : 
    select
        r1_0.id,
        r1_0.name 
    from
        roles r1_0 
    where
        r1_0.name=?
Hibernate: 
    select
        r1_0.id,
        r1_0.name 
    from
        roles r1_0 
    where
        r1_0.name=?
2026-10-09T09:11:06.473+05:30 DEBUG 46205 --- [leave-management-system] [           main] org.hibernate.SQL                        : 
    select
        p1_0.role_id,
        p1_1.id,
        p1_1.active,
        p1_1.description,
        p1_1.name 
    from
        role_permissions p1_0 
    join
        permissions p1_1 
            on p1_1.id=p1_0.permission_id 
    where
        p1_0.role_id=?
Hibernate: 
    select
        p1_0.role_id,
        p1_1.id,
        p1_1.active,
        p1_1.description,
        p1_1.name 
    from
        role_permissions p1_0 
    join
        permissions p1_1 
            on p1_1.id=p1_0.permission_id 
    where
        p1_0.role_id=?
2026-10-09T09:11:06.473+05:30 DEBUG 46205 --- [leave-management-system] [           main] org.hibernate.SQL                        : 
    insert 
    into
        users
        (active, email, password, id) 
    values
        (?, ?, ?, default)
Hibernate: 
    insert 
    into
        users
        (active, email, password, id) 
    values
        (?, ?, ?, default)
2026-10-09T09:11:06.474+05:30 DEBUG 46205 --- [leave-management-system] [           main] org.hibernate.SQL                        : 
    insert 
    into
        employees
        (department_id, employee_code, first_name, last_name, manager_id, phone, salary, status, user_id, id) 
    values
        (?, ?, ?, ?, ?, ?, ?, ?, ?, default)
Hibernate: 
    insert 
    into
        employees
        (department_id, employee_code, first_name, last_name, manager_id, phone, salary, status, user_id, id) 
    values
        (?, ?, ?, ?, ?, ?, ?, ?, ?, default)
2026-10-09T09:11:06.474+05:30 DEBUG 46205 --- [leave-management-system] [           main] org.hibernate.SQL                        : 
    select
        u1_0.id,
        u1_0.active,
        u1_0.email,
        u1_0.password 
    from
        users u1_0 
    where
        u1_0.email=?
Hibernate: 
    select
        u1_0.id,
        u1_0.active,
        u1_0.email,
        u1_0.password 
    from
        users u1_0 
    where
        u1_0.email=?
2026-10-09T09:11:06.474+05:30 DEBUG 46205 --- [leave-management-system] [           main] org.hibernate.SQL                        : 
    insert 
    into
        audit_logs
        (action, entity_id, entity_type, ip_address, new_value, old_value, timestamp, user_id, id) 
    values
        (?, ?, ?, ?, ?, ?, ?, ?, default)
Hibernate: 
    insert 
    into
        audit_logs
        (action, entity_id, entity_type, ip_address, new_value, old_value, timestamp, user_id, id) 
    values
        (?, ?, ?, ?, ?, ?, ?, ?, default)
2026-10-09T09:11:06.475+05:30 DEBUG 46205 --- [leave-management-system] [           main] m.m.a.RequestResponseBodyMethodProcessor : Using 'application/json', given [*/*] and supported [application/json, application/*+json, application/yaml]
2026-10-09T09:11:06.475+05:30 DEBUG 46205 --- [leave-management-system] [           main] m.m.a.RequestResponseBodyMethodProcessor : Writing [com.leave_management_system.leave_management_system.dto.EmployeeResponseDTO@692b6703]
2026-10-09T09:11:06.475+05:30 DEBUG 46205 --- [leave-management-system] [           main] s.w.s.m.m.a.RequestMappingHandlerMapping : Mapped to com.leave_management_system.leave_management_system.controller.EmployeeController#createEmployee(EmployeeRequestDTO)
2026-10-09T09:11:06.475+05:30 DEBUG 46205 --- [leave-management-system] [           main] m.m.a.RequestResponseBodyMethodProcessor : Read "application/json" to [com.leave_management_system.leave_management_system.dto.EmployeeRequestDTO@346ee7b6]
2026-10-09T09:11:06.476+05:30 DEBUG 46205 --- [leave-management-system] [           main] org.hibernate.SQL                        : 
    select
        u1_0.id 
    from
        users u1_0 
    where
        u1_0.email=? 
    fetch
        first ? rows only
Hibernate: 
    select
        u1_0.id 
    from
        users u1_0 
    where
        u1_0.email=? 
    fetch
        first ? rows only
2026-10-09T09:11:06.476+05:30 DEBUG 46205 --- [leave-management-system] [           main] .m.m.a.ExceptionHandlerExceptionResolver : Using @ExceptionHandler com.leave_management_system.leave_management_system.exception.GlobalExceptionHandler#handleDuplicateResourceException(DuplicateResourceException)
2026-10-09T09:11:06.476+05:30 DEBUG 46205 --- [leave-management-system] [           main] o.s.w.s.m.m.a.HttpEntityMethodProcessor  : Using 'application/json', given [*/*] and supported [application/json, application/*+json, application/yaml]
2026-10-09T09:11:06.476+05:30 DEBUG 46205 --- [leave-management-system] [           main] o.s.w.s.m.m.a.HttpEntityMethodProcessor  : Writing [com.leave_management_system.leave_management_system.dto.ErrorResponseDTO@51f2d03c]
2026-10-09T09:11:06.476+05:30 DEBUG 46205 --- [leave-management-system] [           main] .m.m.a.ExceptionHandlerExceptionResolver : Resolved [com.leave_management_system.leave_management_system.exception.DuplicateResourceException: Email already exists]
2026-10-09T09:11:06.478+05:30  INFO 46205 --- [leave-management-system] [           main] o.s.b.t.m.w.SpringBootMockServletContext : Initializing Spring TestDispatcherServlet ''
2026-10-09T09:11:06.478+05:30  INFO 46205 --- [leave-management-system] [           main] o.s.t.web.servlet.TestDispatcherServlet  : Initializing Servlet ''
2026-10-09T09:11:06.478+05:30  INFO 46205 --- [leave-management-system] [           main] o.s.t.web.servlet.TestDispatcherServlet  : Completed initialization in 0 ms
2026-10-09T09:11:06.479+05:30 DEBUG 46205 --- [leave-management-system] [           main] s.w.s.m.m.a.RequestMappingHandlerMapping : Mapped to com.leave_management_system.leave_management_system.controller.EmployeeController#getAllEmployees(String, Pageable)
2026-10-09T09:11:06.482+05:30 DEBUG 46205 --- [leave-management-system] [           main] org.hibernate.SQL                        : 
    select
        e1_0.id,
        e1_0.department_id,
        e1_0.employee_code,
        e1_0.first_name,
        e1_0.last_name,
        e1_0.manager_id,
        e1_0.phone,
        e1_0.salary,
        e1_0.status,
        e1_0.user_id 
    from
        employees e1_0 
    join
        users u1_0 
            on u1_0.id=e1_0.user_id 
    where
        lower(e1_0.first_name) like lower(('%'||?||'%')) escape '' 
        or lower(e1_0.last_name) like lower(('%'||?||'%')) escape '' 
        or lower(u1_0.email) like lower(('%'||?||'%')) escape '' 
    fetch
        first ? rows only
Hibernate: 
    select
        e1_0.id,
        e1_0.department_id,
        e1_0.employee_code,
        e1_0.first_name,
        e1_0.last_name,
        e1_0.manager_id,
        e1_0.phone,
        e1_0.salary,
        e1_0.status,
        e1_0.user_id 
    from
        employees e1_0 
    join
        users u1_0 
            on u1_0.id=e1_0.user_id 
    where
        lower(e1_0.first_name) like lower(('%'||?||'%')) escape '' 
        or lower(e1_0.last_name) like lower(('%'||?||'%')) escape '' 
        or lower(u1_0.email) like lower(('%'||?||'%')) escape '' 
    fetch
        first ? rows only
2026-10-09T09:11:06.484+05:30 DEBUG 46205 --- [leave-management-system] [           main] m.m.a.RequestResponseBodyMethodProcessor : Using 'application/json', given [*/*] and supported [application/json, application/*+json, application/yaml]
2026-10-09T09:11:06.484+05:30 DEBUG 46205 --- [leave-management-system] [           main] m.m.a.RequestResponseBodyMethodProcessor : Writing [Page 1 of 0 containing UNKNOWN instances]
2026-10-09T09:11:06.486+05:30  INFO 46205 --- [leave-management-system] [           main] o.s.b.t.m.w.SpringBootMockServletContext : Initializing Spring TestDispatcherServlet ''
2026-10-09T09:11:06.486+05:30  INFO 46205 --- [leave-management-system] [           main] o.s.t.web.servlet.TestDispatcherServlet  : Initializing Servlet ''
2026-10-09T09:11:06.487+05:30  INFO 46205 --- [leave-management-system] [           main] o.s.t.web.servlet.TestDispatcherServlet  : Completed initialization in 1 ms
2026-10-09T09:11:06.487+05:30 DEBUG 46205 --- [leave-management-system] [           main] s.w.s.m.m.a.RequestMappingHandlerMapping : Mapped to com.leave_management_system.leave_management_system.controller.DepartmentController#createDepartment(DepartmentRequestDTO)
2026-10-09T09:11:06.487+05:30 DEBUG 46205 --- [leave-management-system] [           main] m.m.a.RequestResponseBodyMethodProcessor : Read "application/json" to [com.leave_management_system.leave_management_system.dto.DepartmentRequestDTO@4894d5ce]
2026-10-09T09:11:06.488+05:30 DEBUG 46205 --- [leave-management-system] [           main] org.hibernate.SQL                        : 
    select
        d1_0.id 
    from
        departments d1_0 
    where
        d1_0.name=? 
    fetch
        first ? rows only
Hibernate: 
    select
        d1_0.id 
    from
        departments d1_0 
    where
        d1_0.name=? 
    fetch
        first ? rows only
2026-10-09T09:11:06.488+05:30 DEBUG 46205 --- [leave-management-system] [           main] org.hibernate.SQL                        : 
    insert 
    into
        departments
        (manager_id, name, id) 
    values
        (?, ?, default)
Hibernate: 
    insert 
    into
        departments
        (manager_id, name, id) 
    values
        (?, ?, default)
2026-10-09T09:11:06.488+05:30 DEBUG 46205 --- [leave-management-system] [           main] m.m.a.RequestResponseBodyMethodProcessor : Using 'application/json', given [*/*] and supported [application/json, application/*+json, application/yaml]
2026-10-09T09:11:06.488+05:30 DEBUG 46205 --- [leave-management-system] [           main] m.m.a.RequestResponseBodyMethodProcessor : Writing [com.leave_management_system.leave_management_system.dto.DepartmentResponseDTO@2a19df5a]
2026-10-09T09:11:06.489+05:30 DEBUG 46205 --- [leave-management-system] [           main] s.w.s.m.m.a.RequestMappingHandlerMapping : Mapped to com.leave_management_system.leave_management_system.controller.EmployeeController#createEmployee(EmployeeRequestDTO)
2026-10-09T09:11:06.489+05:30 DEBUG 46205 --- [leave-management-system] [           main] m.m.a.RequestResponseBodyMethodProcessor : Read "application/json" to [com.leave_management_system.leave_management_system.dto.EmployeeRequestDTO@558e3324]
2026-10-09T09:11:06.490+05:30 DEBUG 46205 --- [leave-management-system] [           main] org.hibernate.SQL                        : 
    select
        u1_0.id 
    from
        users u1_0 
    where
        u1_0.email=? 
    fetch
        first ? rows only
Hibernate: 
    select
        u1_0.id 
    from
        users u1_0 
    where
        u1_0.email=? 
    fetch
        first ? rows only
2026-10-09T09:11:06.490+05:30 DEBUG 46205 --- [leave-management-system] [           main] org.hibernate.SQL                        : 
    select
        r1_0.id,
        r1_0.name 
    from
        roles r1_0 
    where
        r1_0.name=?
Hibernate: 
    select
        r1_0.id,
        r1_0.name 
    from
        roles r1_0 
    where
        r1_0.name=?
2026-10-09T09:11:06.491+05:30 DEBUG 46205 --- [leave-management-system] [           main] org.hibernate.SQL                        : 
    select
        p1_0.role_id,
        p1_1.id,
        p1_1.active,
        p1_1.description,
        p1_1.name 
    from
        role_permissions p1_0 
    join
        permissions p1_1 
            on p1_1.id=p1_0.permission_id 
    where
        p1_0.role_id=?
Hibernate: 
    select
        p1_0.role_id,
        p1_1.id,
        p1_1.active,
        p1_1.description,
        p1_1.name 
    from
        role_permissions p1_0 
    join
        permissions p1_1 
            on p1_1.id=p1_0.permission_id 
    where
        p1_0.role_id=?
2026-10-09T09:11:06.491+05:30 DEBUG 46205 --- [leave-management-system] [           main] org.hibernate.SQL                        : 
    insert 
    into
        users
        (active, email, password, id) 
    values
        (?, ?, ?, default)
Hibernate: 
    insert 
    into
        users
        (active, email, password, id) 
    values
        (?, ?, ?, default)
2026-10-09T09:11:06.492+05:30 DEBUG 46205 --- [leave-management-system] [           main] org.hibernate.SQL                        : 
    insert 
    into
        employees
        (department_id, employee_code, first_name, last_name, manager_id, phone, salary, status, user_id, id) 
    values
        (?, ?, ?, ?, ?, ?, ?, ?, ?, default)
Hibernate: 
    insert 
    into
        employees
        (department_id, employee_code, first_name, last_name, manager_id, phone, salary, status, user_id, id) 
    values
        (?, ?, ?, ?, ?, ?, ?, ?, ?, default)
2026-10-09T09:11:06.492+05:30 DEBUG 46205 --- [leave-management-system] [           main] org.hibernate.SQL                        : 
    select
        u1_0.id,
        u1_0.active,
        u1_0.email,
        u1_0.password 
    from
        users u1_0 
    where
        u1_0.email=?
Hibernate: 
    select
        u1_0.id,
        u1_0.active,
        u1_0.email,
        u1_0.password 
    from
        users u1_0 
    where
        u1_0.email=?
2026-10-09T09:11:06.492+05:30 DEBUG 46205 --- [leave-management-system] [           main] org.hibernate.SQL                        : 
    insert 
    into
        audit_logs
        (action, entity_id, entity_type, ip_address, new_value, old_value, timestamp, user_id, id) 
    values
        (?, ?, ?, ?, ?, ?, ?, ?, default)
Hibernate: 
    insert 
    into
        audit_logs
        (action, entity_id, entity_type, ip_address, new_value, old_value, timestamp, user_id, id) 
    values
        (?, ?, ?, ?, ?, ?, ?, ?, default)
2026-10-09T09:11:06.493+05:30 DEBUG 46205 --- [leave-management-system] [           main] m.m.a.RequestResponseBodyMethodProcessor : Using 'application/json', given [*/*] and supported [application/json, application/*+json, application/yaml]
2026-10-09T09:11:06.493+05:30 DEBUG 46205 --- [leave-management-system] [           main] m.m.a.RequestResponseBodyMethodProcessor : Writing [com.leave_management_system.leave_management_system.dto.EmployeeResponseDTO@77fc7d]
2026-10-09T09:11:06.495+05:30  INFO 46205 --- [leave-management-system] [           main] t.c.s.AnnotationConfigContextLoaderUtils : Could not detect default configuration classes for test class [com.leave_management_system.leave_management_system.controller.RolePermissionControllerIntegrationTest]: RolePermissionControllerIntegrationTest does not declare any static, non-private, non-final, nested classes annotated with @Configuration.
2026-10-09T09:11:06.495+05:30 DEBUG 46205 --- [leave-management-system] [           main] .b.t.c.SpringBootTestContextBootstrapper : Using ContextCustomizerFactory implementations for test class [RolePermissionControllerIntegrationTest]: [SpringBootTestRandomPortContextCustomizerFactory, ImportsContextCustomizerFactory, PropertyMappingContextCustomizerFactory, ExcludeFilterContextCustomizerFactory, TypeExcludeFiltersContextCustomizerFactory, DisableReactorResourceFactoryGlobalResourcesContextCustomizerFactory, DuplicateJsonObjectContextCustomizerFactory, OnFailureConditionReportContextCustomizerFactory, OverrideAutoConfigurationContextCustomizerFactory, BeanOverrideContextCustomizerFactory, MockServerContainerContextCustomizerFactory, DynamicPropertiesContextCustomizerFactory]
2026-10-09T09:11:06.496+05:30 DEBUG 46205 --- [leave-management-system] [           main] .b.t.c.SpringBootTestContextBootstrapper : Using ContextCustomizers for test class [RolePermissionControllerIntegrationTest]: [SpringBootTestRandomPortContextCustomizer, PropertyMappingContextCustomizer, ExcludeFilterContextCustomizer, DuplicateJsonObjectContextCustomizer, OnFailureConditionReportContextCustomizer, DynamicPropertiesContextCustomizer]
2026-10-09T09:11:06.496+05:30  INFO 46205 --- [leave-management-system] [           main] .b.t.c.SpringBootTestContextBootstrapper : Found @SpringBootConfiguration com.leave_management_system.leave_management_system.LeaveManagementSystemApplication for test class com.leave_management_system.leave_management_system.controller.RolePermissionControllerIntegrationTest
2026-10-09T09:11:06.496+05:30  INFO 46205 --- [leave-management-system] [           main] t.c.s.AnnotationConfigContextLoaderUtils : Could not detect default configuration classes for test class [com.leave_management_system.leave_management_system.controller.RolePermissionControllerIntegrationTest]: RolePermissionControllerIntegrationTest does not declare any static, non-private, non-final, nested classes annotated with @Configuration.
2026-10-09T09:11:06.496+05:30 DEBUG 46205 --- [leave-management-system] [           main] .b.t.c.SpringBootTestContextBootstrapper : Using ContextCustomizerFactory implementations for test class [RolePermissionControllerIntegrationTest]: [SpringBootTestRandomPortContextCustomizerFactory, ImportsContextCustomizerFactory, PropertyMappingContextCustomizerFactory, ExcludeFilterContextCustomizerFactory, TypeExcludeFiltersContextCustomizerFactory, DisableReactorResourceFactoryGlobalResourcesContextCustomizerFactory, DuplicateJsonObjectContextCustomizerFactory, OnFailureConditionReportContextCustomizerFactory, OverrideAutoConfigurationContextCustomizerFactory, BeanOverrideContextCustomizerFactory, MockServerContainerContextCustomizerFactory, DynamicPropertiesContextCustomizerFactory]
2026-10-09T09:11:06.496+05:30 DEBUG 46205 --- [leave-management-system] [           main] .b.t.c.SpringBootTestContextBootstrapper : Using ContextCustomizers for test class [RolePermissionControllerIntegrationTest]: [SpringBootTestRandomPortContextCustomizer, PropertyMappingContextCustomizer, ExcludeFilterContextCustomizer, DuplicateJsonObjectContextCustomizer, OnFailureConditionReportContextCustomizer, DynamicPropertiesContextCustomizer]
2026-10-09T09:11:06.496+05:30  INFO 46205 --- [leave-management-system] [           main] .b.t.c.SpringBootTestContextBootstrapper : Found @SpringBootConfiguration com.leave_management_system.leave_management_system.LeaveManagementSystemApplication for test class com.leave_management_system.leave_management_system.controller.RolePermissionControllerIntegrationTest
2026-10-09T09:11:06.496+05:30 DEBUG 46205 --- [leave-management-system] [           main] .b.t.c.SpringBootTestContextBootstrapper : Neither @ContextConfiguration nor @ContextHierarchy found for test class [RolePermissionControllerIntegrationTest]: using SpringBootContextLoader
2026-10-09T09:11:06.496+05:30 DEBUG 46205 --- [leave-management-system] [           main] .b.t.c.SpringBootTestContextBootstrapper : Using TestExecutionListeners for test class [RolePermissionControllerIntegrationTest]: [ServletTestExecutionListener, DirtiesContextBeforeModesTestExecutionListener, ApplicationEventsTestExecutionListener, BeanOverrideTestExecutionListener, DependencyInjectionTestExecutionListener, DirtiesContextTestExecutionListener, CommonCachesTestExecutionListener, TransactionalTestExecutionListener, SqlScriptsTestExecutionListener, EventPublishingTestExecutionListener, WithSecurityContextTestExecutionListener, ReactorContextTestExecutionListener, MockitoResetTestExecutionListener]
2026-10-09T09:11:06.502+05:30  INFO 46205 --- [leave-management-system] [           main] o.s.b.t.m.w.SpringBootMockServletContext : Initializing Spring TestDispatcherServlet ''
2026-10-09T09:11:06.502+05:30  INFO 46205 --- [leave-management-system] [           main] o.s.t.web.servlet.TestDispatcherServlet  : Initializing Servlet ''
2026-10-09T09:11:06.502+05:30  INFO 46205 --- [leave-management-system] [           main] o.s.t.web.servlet.TestDispatcherServlet  : Completed initialization in 0 ms
2026-10-09T09:11:06.503+05:30 DEBUG 46205 --- [leave-management-system] [           main] org.hibernate.SQL                        : 
    select
        r1_0.id,
        r1_0.name 
    from
        roles r1_0 
    where
        r1_0.name=?
Hibernate: 
    select
        r1_0.id,
        r1_0.name 
    from
        roles r1_0 
    where
        r1_0.name=?
2026-10-09T09:11:06.503+05:30 DEBUG 46205 --- [leave-management-system] [           main] org.hibernate.SQL                        : 
    select
        p1_0.role_id,
        p1_1.id,
        p1_1.active,
        p1_1.description,
        p1_1.name 
    from
        role_permissions p1_0 
    join
        permissions p1_1 
            on p1_1.id=p1_0.permission_id 
    where
        p1_0.role_id=?
Hibernate: 
    select
        p1_0.role_id,
        p1_1.id,
        p1_1.active,
        p1_1.description,
        p1_1.name 
    from
        role_permissions p1_0 
    join
        permissions p1_1 
            on p1_1.id=p1_0.permission_id 
    where
        p1_0.role_id=?
2026-10-09T09:11:06.504+05:30 DEBUG 46205 --- [leave-management-system] [           main] org.hibernate.SQL                        : 
    select
        r1_0.id,
        r1_0.name 
    from
        roles r1_0 
    where
        r1_0.name=?
Hibernate: 
    select
        r1_0.id,
        r1_0.name 
    from
        roles r1_0 
    where
        r1_0.name=?
2026-10-09T09:11:06.504+05:30 DEBUG 46205 --- [leave-management-system] [           main] org.hibernate.SQL                        : 
    select
        p1_0.role_id,
        p1_1.id,
        p1_1.active,
        p1_1.description,
        p1_1.name 
    from
        role_permissions p1_0 
    join
        permissions p1_1 
            on p1_1.id=p1_0.permission_id 
    where
        p1_0.role_id=?
Hibernate: 
    select
        p1_0.role_id,
        p1_1.id,
        p1_1.active,
        p1_1.description,
        p1_1.name 
    from
        role_permissions p1_0 
    join
        permissions p1_1 
            on p1_1.id=p1_0.permission_id 
    where
        p1_0.role_id=?
2026-10-09T09:11:06.506+05:30 DEBUG 46205 --- [leave-management-system] [           main] org.hibernate.SQL                        : 
    select
        p1_0.id,
        p1_0.active,
        p1_0.description,
        p1_0.name 
    from
        permissions p1_0 
    where
        p1_0.name=?
Hibernate: 
    select
        p1_0.id,
        p1_0.active,
        p1_0.description,
        p1_0.name 
    from
        permissions p1_0 
    where
        p1_0.name=?
2026-10-09T09:11:06.506+05:30 DEBUG 46205 --- [leave-management-system] [           main] org.hibernate.SQL                        : 
    select
        p1_0.id,
        p1_0.active,
        p1_0.description,
        p1_0.name 
    from
        permissions p1_0 
    where
        p1_0.name=?
Hibernate: 
    select
        p1_0.id,
        p1_0.active,
        p1_0.description,
        p1_0.name 
    from
        permissions p1_0 
    where
        p1_0.name=?
2026-10-09T09:11:06.507+05:30 DEBUG 46205 --- [leave-management-system] [           main] org.hibernate.SQL                        : 
    insert 
    into
        users
        (active, email, password, id) 
    values
        (?, ?, ?, default)
Hibernate: 
    insert 
    into
        users
        (active, email, password, id) 
    values
        (?, ?, ?, default)
2026-10-09T09:11:06.516+05:30 DEBUG 46205 --- [leave-management-system] [           main] org.hibernate.SQL                        : 
    select
        r1_0.id,
        r1_0.name 
    from
        roles r1_0 
    where
        r1_0.name=?
Hibernate: 
    select
        r1_0.id,
        r1_0.name 
    from
        roles r1_0 
    where
        r1_0.name=?
2026-10-09T09:11:06.516+05:30 DEBUG 46205 --- [leave-management-system] [           main] org.hibernate.SQL                        : 
    select
        p1_0.role_id,
        p1_1.id,
        p1_1.active,
        p1_1.description,
        p1_1.name 
    from
        role_permissions p1_0 
    join
        permissions p1_1 
            on p1_1.id=p1_0.permission_id 
    where
        p1_0.role_id=?
Hibernate: 
    select
        p1_0.role_id,
        p1_1.id,
        p1_1.active,
        p1_1.description,
        p1_1.name 
    from
        role_permissions p1_0 
    join
        permissions p1_1 
            on p1_1.id=p1_0.permission_id 
    where
        p1_0.role_id=?
2026-10-09T09:11:06.517+05:30 DEBUG 46205 --- [leave-management-system] [           main] org.hibernate.SQL                        : 
    insert 
    into
        users
        (active, email, password, id) 
    values
        (?, ?, ?, default)
Hibernate: 
    insert 
    into
        users
        (active, email, password, id) 
    values
        (?, ?, ?, default)
2026-10-09T09:11:06.533+05:30 DEBUG 46205 --- [leave-management-system] [           main] org.hibernate.SQL                        : 
    select
        u1_0.id,
        u1_0.active,
        u1_0.email,
        u1_0.password 
    from
        users u1_0 
    where
        u1_0.email=?
Hibernate: 
    select
        u1_0.id,
        u1_0.active,
        u1_0.email,
        u1_0.password 
    from
        users u1_0 
    where
        u1_0.email=?
2026-10-09T09:11:06.535+05:30 DEBUG 46205 --- [leave-management-system] [           main] s.w.s.m.m.a.RequestMappingHandlerMapping : Mapped to com.leave_management_system.leave_management_system.controller.RolePermissionController#replaceRolePermissions(Long, List)
2026-10-09T09:11:06.536+05:30 DEBUG 46205 --- [leave-management-system] [           main] m.m.a.RequestResponseBodyMethodProcessor : Read "application/json" to [[9, 17]]
2026-10-09T09:11:06.538+05:30 DEBUG 46205 --- [leave-management-system] [           main] org.hibernate.SQL                        : 
    select
        p1_0.id,
        p1_0.active,
        p1_0.description,
        p1_0.name 
    from
        permissions p1_0 
    where
        p1_0.id in (?, ?)
Hibernate: 
    select
        p1_0.id,
        p1_0.active,
        p1_0.description,
        p1_0.name 
    from
        permissions p1_0 
    where
        p1_0.id in (?, ?)
2026-10-09T09:11:06.540+05:30 DEBUG 46205 --- [leave-management-system] [           main] org.hibernate.SQL                        : 
    select
        u1_0.id,
        u1_0.active,
        u1_0.email,
        u1_0.password 
    from
        users u1_0 
    where
        u1_0.email=?
Hibernate: 
    select
        u1_0.id,
        u1_0.active,
        u1_0.email,
        u1_0.password 
    from
        users u1_0 
    where
        u1_0.email=?
2026-10-09T09:11:06.540+05:30 DEBUG 46205 --- [leave-management-system] [           main] org.hibernate.SQL                        : 
    insert 
    into
        audit_logs
        (action, entity_id, entity_type, ip_address, new_value, old_value, timestamp, user_id, id) 
    values
        (?, ?, ?, ?, ?, ?, ?, ?, default)
Hibernate: 
    insert 
    into
        audit_logs
        (action, entity_id, entity_type, ip_address, new_value, old_value, timestamp, user_id, id) 
    values
        (?, ?, ?, ?, ?, ?, ?, ?, default)
2026-10-09T09:11:06.542+05:30 DEBUG 46205 --- [leave-management-system] [           main] o.s.w.s.m.m.a.HttpEntityMethodProcessor  : Using 'application/json', given [*/*] and supported [application/json, application/*+json, application/yaml]
2026-10-09T09:11:06.542+05:30 DEBUG 46205 --- [leave-management-system] [           main] o.s.w.s.m.m.a.HttpEntityMethodProcessor  : Writing [[com.leave_management_system.leave_management_system.dto.PermissionResponseDTO@36cd8553, com.leave_m (truncated)...]
2026-10-09T09:11:06.573+05:30  INFO 46205 --- [leave-management-system] [           main] o.s.b.t.m.w.SpringBootMockServletContext : Initializing Spring TestDispatcherServlet ''
2026-10-09T09:11:06.573+05:30  INFO 46205 --- [leave-management-system] [           main] o.s.t.web.servlet.TestDispatcherServlet  : Initializing Servlet ''
2026-10-09T09:11:06.574+05:30  INFO 46205 --- [leave-management-system] [           main] o.s.t.web.servlet.TestDispatcherServlet  : Completed initialization in 1 ms
2026-10-09T09:11:06.574+05:30 DEBUG 46205 --- [leave-management-system] [           main] org.hibernate.SQL                        : 
    select
        r1_0.id,
        r1_0.name 
    from
        roles r1_0 
    where
        r1_0.name=?
Hibernate: 
    select
        r1_0.id,
        r1_0.name 
    from
        roles r1_0 
    where
        r1_0.name=?
2026-10-09T09:11:06.574+05:30 DEBUG 46205 --- [leave-management-system] [           main] org.hibernate.SQL                        : 
    select
        p1_0.role_id,
        p1_1.id,
        p1_1.active,
        p1_1.description,
        p1_1.name 
    from
        role_permissions p1_0 
    join
        permissions p1_1 
            on p1_1.id=p1_0.permission_id 
    where
        p1_0.role_id=?
Hibernate: 
    select
        p1_0.role_id,
        p1_1.id,
        p1_1.active,
        p1_1.description,
        p1_1.name 
    from
        role_permissions p1_0 
    join
        permissions p1_1 
            on p1_1.id=p1_0.permission_id 
    where
        p1_0.role_id=?
2026-10-09T09:11:06.576+05:30 DEBUG 46205 --- [leave-management-system] [           main] org.hibernate.SQL                        : 
    select
        r1_0.id,
        r1_0.name 
    from
        roles r1_0 
    where
        r1_0.name=?
Hibernate: 
    select
        r1_0.id,
        r1_0.name 
    from
        roles r1_0 
    where
        r1_0.name=?
2026-10-09T09:11:06.576+05:30 DEBUG 46205 --- [leave-management-system] [           main] org.hibernate.SQL                        : 
    select
        p1_0.role_id,
        p1_1.id,
        p1_1.active,
        p1_1.description,
        p1_1.name 
    from
        role_permissions p1_0 
    join
        permissions p1_1 
            on p1_1.id=p1_0.permission_id 
    where
        p1_0.role_id=?
Hibernate: 
    select
        p1_0.role_id,
        p1_1.id,
        p1_1.active,
        p1_1.description,
        p1_1.name 
    from
        role_permissions p1_0 
    join
        permissions p1_1 
            on p1_1.id=p1_0.permission_id 
    where
        p1_0.role_id=?
2026-10-09T09:11:06.576+05:30 DEBUG 46205 --- [leave-management-system] [           main] org.hibernate.SQL                        : 
    select
        p1_0.id,
        p1_0.active,
        p1_0.description,
        p1_0.name 
    from
        permissions p1_0 
    where
        p1_0.name=?
Hibernate: 
    select
        p1_0.id,
        p1_0.active,
        p1_0.description,
        p1_0.name 
    from
        permissions p1_0 
    where
        p1_0.name=?
2026-10-09T09:11:06.577+05:30 DEBUG 46205 --- [leave-management-system] [           main] org.hibernate.SQL                        : 
    select
        p1_0.id,
        p1_0.active,
        p1_0.description,
        p1_0.name 
    from
        permissions p1_0 
    where
        p1_0.name=?
Hibernate: 
    select
        p1_0.id,
        p1_0.active,
        p1_0.description,
        p1_0.name 
    from
        permissions p1_0 
    where
        p1_0.name=?
2026-10-09T09:11:06.577+05:30 DEBUG 46205 --- [leave-management-system] [           main] org.hibernate.SQL                        : 
    insert 
    into
        users
        (active, email, password, id) 
    values
        (?, ?, ?, default)
Hibernate: 
    insert 
    into
        users
        (active, email, password, id) 
    values
        (?, ?, ?, default)
2026-10-09T09:11:06.578+05:30 DEBUG 46205 --- [leave-management-system] [           main] org.hibernate.SQL                        : 
    select
        r1_0.id,
        r1_0.name 
    from
        roles r1_0 
    where
        r1_0.name=?
Hibernate: 
    select
        r1_0.id,
        r1_0.name 
    from
        roles r1_0 
    where
        r1_0.name=?
2026-10-09T09:11:06.578+05:30 DEBUG 46205 --- [leave-management-system] [           main] org.hibernate.SQL                        : 
    select
        p1_0.role_id,
        p1_1.id,
        p1_1.active,
        p1_1.description,
        p1_1.name 
    from
        role_permissions p1_0 
    join
        permissions p1_1 
            on p1_1.id=p1_0.permission_id 
    where
        p1_0.role_id=?
Hibernate: 
    select
        p1_0.role_id,
        p1_1.id,
        p1_1.active,
        p1_1.description,
        p1_1.name 
    from
        role_permissions p1_0 
    join
        permissions p1_1 
            on p1_1.id=p1_0.permission_id 
    where
        p1_0.role_id=?
2026-10-09T09:11:06.578+05:30 DEBUG 46205 --- [leave-management-system] [           main] org.hibernate.SQL                        : 
    insert 
    into
        users
        (active, email, password, id) 
    values
        (?, ?, ?, default)
Hibernate: 
    insert 
    into
        users
        (active, email, password, id) 
    values
        (?, ?, ?, default)
2026-10-09T09:11:06.580+05:30 DEBUG 46205 --- [leave-management-system] [           main] org.hibernate.SQL                        : 
    select
        u1_0.id,
        u1_0.active,
        u1_0.email,
        u1_0.password 
    from
        users u1_0 
    where
        u1_0.email=?
Hibernate: 
    select
        u1_0.id,
        u1_0.active,
        u1_0.email,
        u1_0.password 
    from
        users u1_0 
    where
        u1_0.email=?
2026-10-09T09:11:06.581+05:30 DEBUG 46205 --- [leave-management-system] [           main] s.w.s.m.m.a.RequestMappingHandlerMapping : Mapped to com.leave_management_system.leave_management_system.controller.RolePermissionController#removePermissionFromRole(Long, Long)
2026-10-09T09:11:06.582+05:30 DEBUG 46205 --- [leave-management-system] [           main] org.hibernate.SQL                        : 
    select
        u1_0.id,
        u1_0.active,
        u1_0.email,
        u1_0.password 
    from
        users u1_0 
    where
        u1_0.email=?
Hibernate: 
    select
        u1_0.id,
        u1_0.active,
        u1_0.email,
        u1_0.password 
    from
        users u1_0 
    where
        u1_0.email=?
2026-10-09T09:11:06.582+05:30 DEBUG 46205 --- [leave-management-system] [           main] org.hibernate.SQL                        : 
    insert 
    into
        audit_logs
        (action, entity_id, entity_type, ip_address, new_value, old_value, timestamp, user_id, id) 
    values
        (?, ?, ?, ?, ?, ?, ?, ?, default)
Hibernate: 
    insert 
    into
        audit_logs
        (action, entity_id, entity_type, ip_address, new_value, old_value, timestamp, user_id, id) 
    values
        (?, ?, ?, ?, ?, ?, ?, ?, default)
2026-10-09T09:11:06.583+05:30 DEBUG 46205 --- [leave-management-system] [           main] o.s.w.s.m.m.a.HttpEntityMethodProcessor  : Using 'application/json', given [*/*] and supported [application/json, application/*+json, application/yaml]
2026-10-09T09:11:06.583+05:30 DEBUG 46205 --- [leave-management-system] [           main] o.s.w.s.m.m.a.HttpEntityMethodProcessor  : Writing [[com.leave_management_system.leave_management_system.dto.PermissionResponseDTO@3749e682, com.leave_m (truncated)...]
2026-10-09T09:11:06.586+05:30  INFO 46205 --- [leave-management-system] [           main] o.s.b.t.m.w.SpringBootMockServletContext : Initializing Spring TestDispatcherServlet ''
2026-10-09T09:11:06.586+05:30  INFO 46205 --- [leave-management-system] [           main] o.s.t.web.servlet.TestDispatcherServlet  : Initializing Servlet ''
2026-10-09T09:11:06.586+05:30  INFO 46205 --- [leave-management-system] [           main] o.s.t.web.servlet.TestDispatcherServlet  : Completed initialization in 0 ms
2026-10-09T09:11:06.587+05:30 DEBUG 46205 --- [leave-management-system] [           main] org.hibernate.SQL                        : 
    select
        r1_0.id,
        r1_0.name 
    from
        roles r1_0 
    where
        r1_0.name=?
Hibernate: 
    select
        r1_0.id,
        r1_0.name 
    from
        roles r1_0 
    where
        r1_0.name=?
2026-10-09T09:11:06.587+05:30 DEBUG 46205 --- [leave-management-system] [           main] org.hibernate.SQL                        : 
    select
        p1_0.role_id,
        p1_1.id,
        p1_1.active,
        p1_1.description,
        p1_1.name 
    from
        role_permissions p1_0 
    join
        permissions p1_1 
            on p1_1.id=p1_0.permission_id 
    where
        p1_0.role_id=?
Hibernate: 
    select
        p1_0.role_id,
        p1_1.id,
        p1_1.active,
        p1_1.description,
        p1_1.name 
    from
        role_permissions p1_0 
    join
        permissions p1_1 
            on p1_1.id=p1_0.permission_id 
    where
        p1_0.role_id=?
2026-10-09T09:11:06.588+05:30 DEBUG 46205 --- [leave-management-system] [           main] org.hibernate.SQL                        : 
    select
        r1_0.id,
        r1_0.name 
    from
        roles r1_0 
    where
        r1_0.name=?
Hibernate: 
    select
        r1_0.id,
        r1_0.name 
    from
        roles r1_0 
    where
        r1_0.name=?
2026-10-09T09:11:06.588+05:30 DEBUG 46205 --- [leave-management-system] [           main] org.hibernate.SQL                        : 
    select
        p1_0.role_id,
        p1_1.id,
        p1_1.active,
        p1_1.description,
        p1_1.name 
    from
        role_permissions p1_0 
    join
        permissions p1_1 
            on p1_1.id=p1_0.permission_id 
    where
        p1_0.role_id=?
Hibernate: 
    select
        p1_0.role_id,
        p1_1.id,
        p1_1.active,
        p1_1.description,
        p1_1.name 
    from
        role_permissions p1_0 
    join
        permissions p1_1 
            on p1_1.id=p1_0.permission_id 
    where
        p1_0.role_id=?
2026-10-09T09:11:06.588+05:30 DEBUG 46205 --- [leave-management-system] [           main] org.hibernate.SQL                        : 
    select
        p1_0.id,
        p1_0.active,
        p1_0.description,
        p1_0.name 
    from
        permissions p1_0 
    where
        p1_0.name=?
Hibernate: 
    select
        p1_0.id,
        p1_0.active,
        p1_0.description,
        p1_0.name 
    from
        permissions p1_0 
    where
        p1_0.name=?
2026-10-09T09:11:06.589+05:30 DEBUG 46205 --- [leave-management-system] [           main] org.hibernate.SQL                        : 
    select
        p1_0.id,
        p1_0.active,
        p1_0.description,
        p1_0.name 
    from
        permissions p1_0 
    where
        p1_0.name=?
Hibernate: 
    select
        p1_0.id,
        p1_0.active,
        p1_0.description,
        p1_0.name 
    from
        permissions p1_0 
    where
        p1_0.name=?
2026-10-09T09:11:06.589+05:30 DEBUG 46205 --- [leave-management-system] [           main] org.hibernate.SQL                        : 
    insert 
    into
        users
        (active, email, password, id) 
    values
        (?, ?, ?, default)
Hibernate: 
    insert 
    into
        users
        (active, email, password, id) 
    values
        (?, ?, ?, default)
2026-10-09T09:11:06.590+05:30 DEBUG 46205 --- [leave-management-system] [           main] org.hibernate.SQL                        : 
    select
        r1_0.id,
        r1_0.name 
    from
        roles r1_0 
    where
        r1_0.name=?
Hibernate: 
    select
        r1_0.id,
        r1_0.name 
    from
        roles r1_0 
    where
        r1_0.name=?
2026-10-09T09:11:06.590+05:30 DEBUG 46205 --- [leave-management-system] [           main] org.hibernate.SQL                        : 
    select
        p1_0.role_id,
        p1_1.id,
        p1_1.active,
        p1_1.description,
        p1_1.name 
    from
        role_permissions p1_0 
    join
        permissions p1_1 
            on p1_1.id=p1_0.permission_id 
    where
        p1_0.role_id=?
Hibernate: 
    select
        p1_0.role_id,
        p1_1.id,
        p1_1.active,
        p1_1.description,
        p1_1.name 
    from
        role_permissions p1_0 
    join
        permissions p1_1 
            on p1_1.id=p1_0.permission_id 
    where
        p1_0.role_id=?
2026-10-09T09:11:06.590+05:30 DEBUG 46205 --- [leave-management-system] [           main] org.hibernate.SQL                        : 
    insert 
    into
        users
        (active, email, password, id) 
    values
        (?, ?, ?, default)
Hibernate: 
    insert 
    into
        users
        (active, email, password, id) 
    values
        (?, ?, ?, default)
2026-10-09T09:11:06.592+05:30 DEBUG 46205 --- [leave-management-system] [           main] org.hibernate.SQL                        : 
    select
        u1_0.id,
        u1_0.active,
        u1_0.email,
        u1_0.password 
    from
        users u1_0 
    where
        u1_0.email=?
Hibernate: 
    select
        u1_0.id,
        u1_0.active,
        u1_0.email,
        u1_0.password 
    from
        users u1_0 
    where
        u1_0.email=?
2026-10-09T09:11:06.592+05:30 DEBUG 46205 --- [leave-management-system] [           main] s.w.s.m.m.a.RequestMappingHandlerMapping : Mapped to com.leave_management_system.leave_management_system.controller.RolePermissionController#getRolePermissions(Long)
2026-10-09T09:11:06.593+05:30 DEBUG 46205 --- [leave-management-system] [           main] o.s.w.s.m.m.a.HttpEntityMethodProcessor  : Using 'application/json', given [*/*] and supported [application/json, application/*+json, application/yaml]
2026-10-09T09:11:06.593+05:30 DEBUG 46205 --- [leave-management-system] [           main] o.s.w.s.m.m.a.HttpEntityMethodProcessor  : Writing [[com.leave_management_system.leave_management_system.dto.PermissionResponseDTO@2796d7f7, com.leave_m (truncated)...]
2026-10-09T09:11:06.596+05:30  INFO 46205 --- [leave-management-system] [           main] o.s.b.t.m.w.SpringBootMockServletContext : Initializing Spring TestDispatcherServlet ''
2026-10-09T09:11:06.596+05:30  INFO 46205 --- [leave-management-system] [           main] o.s.t.web.servlet.TestDispatcherServlet  : Initializing Servlet ''
2026-10-09T09:11:06.596+05:30  INFO 46205 --- [leave-management-system] [           main] o.s.t.web.servlet.TestDispatcherServlet  : Completed initialization in 0 ms
2026-10-09T09:11:06.596+05:30 DEBUG 46205 --- [leave-management-system] [           main] org.hibernate.SQL                        : 
    select
        r1_0.id,
        r1_0.name 
    from
        roles r1_0 
    where
        r1_0.name=?
Hibernate: 
    select
        r1_0.id,
        r1_0.name 
    from
        roles r1_0 
    where
        r1_0.name=?
2026-10-09T09:11:06.597+05:30 DEBUG 46205 --- [leave-management-system] [           main] org.hibernate.SQL                        : 
    select
        p1_0.role_id,
        p1_1.id,
        p1_1.active,
        p1_1.description,
        p1_1.name 
    from
        role_permissions p1_0 
    join
        permissions p1_1 
            on p1_1.id=p1_0.permission_id 
    where
        p1_0.role_id=?
Hibernate: 
    select
        p1_0.role_id,
        p1_1.id,
        p1_1.active,
        p1_1.description,
        p1_1.name 
    from
        role_permissions p1_0 
    join
        permissions p1_1 
            on p1_1.id=p1_0.permission_id 
    where
        p1_0.role_id=?
2026-10-09T09:11:06.598+05:30 DEBUG 46205 --- [leave-management-system] [           main] org.hibernate.SQL                        : 
    select
        r1_0.id,
        r1_0.name 
    from
        roles r1_0 
    where
        r1_0.name=?
Hibernate: 
    select
        r1_0.id,
        r1_0.name 
    from
        roles r1_0 
    where
        r1_0.name=?
2026-10-09T09:11:06.598+05:30 DEBUG 46205 --- [leave-management-system] [           main] org.hibernate.SQL                        : 
    select
        p1_0.role_id,
        p1_1.id,
        p1_1.active,
        p1_1.description,
        p1_1.name 
    from
        role_permissions p1_0 
    join
        permissions p1_1 
            on p1_1.id=p1_0.permission_id 
    where
        p1_0.role_id=?
Hibernate: 
    select
        p1_0.role_id,
        p1_1.id,
        p1_1.active,
        p1_1.description,
        p1_1.name 
    from
        role_permissions p1_0 
    join
        permissions p1_1 
            on p1_1.id=p1_0.permission_id 
    where
        p1_0.role_id=?
2026-10-09T09:11:06.598+05:30 DEBUG 46205 --- [leave-management-system] [           main] org.hibernate.SQL                        : 
    select
        p1_0.id,
        p1_0.active,
        p1_0.description,
        p1_0.name 
    from
        permissions p1_0 
    where
        p1_0.name=?
Hibernate: 
    select
        p1_0.id,
        p1_0.active,
        p1_0.description,
        p1_0.name 
    from
        permissions p1_0 
    where
        p1_0.name=?
2026-10-09T09:11:06.598+05:30 DEBUG 46205 --- [leave-management-system] [           main] org.hibernate.SQL                        : 
    select
        p1_0.id,
        p1_0.active,
        p1_0.description,
        p1_0.name 
    from
        permissions p1_0 
    where
        p1_0.name=?
Hibernate: 
    select
        p1_0.id,
        p1_0.active,
        p1_0.description,
        p1_0.name 
    from
        permissions p1_0 
    where
        p1_0.name=?
2026-10-09T09:11:06.599+05:30 DEBUG 46205 --- [leave-management-system] [           main] org.hibernate.SQL                        : 
    insert 
    into
        users
        (active, email, password, id) 
    values
        (?, ?, ?, default)
Hibernate: 
    insert 
    into
        users
        (active, email, password, id) 
    values
        (?, ?, ?, default)
2026-10-09T09:11:06.599+05:30 DEBUG 46205 --- [leave-management-system] [           main] org.hibernate.SQL                        : 
    select
        r1_0.id,
        r1_0.name 
    from
        roles r1_0 
    where
        r1_0.name=?
Hibernate: 
    select
        r1_0.id,
        r1_0.name 
    from
        roles r1_0 
    where
        r1_0.name=?
2026-10-09T09:11:06.600+05:30 DEBUG 46205 --- [leave-management-system] [           main] org.hibernate.SQL                        : 
    select
        p1_0.role_id,
        p1_1.id,
        p1_1.active,
        p1_1.description,
        p1_1.name 
    from
        role_permissions p1_0 
    join
        permissions p1_1 
            on p1_1.id=p1_0.permission_id 
    where
        p1_0.role_id=?
Hibernate: 
    select
        p1_0.role_id,
        p1_1.id,
        p1_1.active,
        p1_1.description,
        p1_1.name 
    from
        role_permissions p1_0 
    join
        permissions p1_1 
            on p1_1.id=p1_0.permission_id 
    where
        p1_0.role_id=?
2026-10-09T09:11:06.600+05:30 DEBUG 46205 --- [leave-management-system] [           main] org.hibernate.SQL                        : 
    insert 
    into
        users
        (active, email, password, id) 
    values
        (?, ?, ?, default)
Hibernate: 
    insert 
    into
        users
        (active, email, password, id) 
    values
        (?, ?, ?, default)
2026-10-09T09:11:06.600+05:30 DEBUG 46205 --- [leave-management-system] [           main] org.hibernate.SQL                        : 
    select
        p1_0.id,
        p1_0.active,
        p1_0.description,
        p1_0.name 
    from
        permissions p1_0 
    where
        p1_0.name=?
Hibernate: 
    select
        p1_0.id,
        p1_0.active,
        p1_0.description,
        p1_0.name 
    from
        permissions p1_0 
    where
        p1_0.name=?
2026-10-09T09:11:06.601+05:30 DEBUG 46205 --- [leave-management-system] [           main] org.hibernate.SQL                        : 
    select
        u1_0.id,
        u1_0.active,
        u1_0.email,
        u1_0.password 
    from
        users u1_0 
    where
        u1_0.email=?
Hibernate: 
    select
        u1_0.id,
        u1_0.active,
        u1_0.email,
        u1_0.password 
    from
        users u1_0 
    where
        u1_0.email=?
2026-10-09T09:11:06.602+05:30 DEBUG 46205 --- [leave-management-system] [           main] s.w.s.m.m.a.RequestMappingHandlerMapping : Mapped to com.leave_management_system.leave_management_system.controller.RolePermissionController#addPermissionToRole(Long, Long)
2026-10-09T09:11:06.603+05:30 DEBUG 46205 --- [leave-management-system] [           main] org.hibernate.SQL                        : 
    select
        u1_0.id,
        u1_0.active,
        u1_0.email,
        u1_0.password 
    from
        users u1_0 
    where
        u1_0.email=?
Hibernate: 
    select
        u1_0.id,
        u1_0.active,
        u1_0.email,
        u1_0.password 
    from
        users u1_0 
    where
        u1_0.email=?
2026-10-09T09:11:06.603+05:30 DEBUG 46205 --- [leave-management-system] [           main] org.hibernate.SQL                        : 
    insert 
    into
        audit_logs
        (action, entity_id, entity_type, ip_address, new_value, old_value, timestamp, user_id, id) 
    values
        (?, ?, ?, ?, ?, ?, ?, ?, default)
Hibernate: 
    insert 
    into
        audit_logs
        (action, entity_id, entity_type, ip_address, new_value, old_value, timestamp, user_id, id) 
    values
        (?, ?, ?, ?, ?, ?, ?, ?, default)
2026-10-09T09:11:06.604+05:30 DEBUG 46205 --- [leave-management-system] [           main] o.s.w.s.m.m.a.HttpEntityMethodProcessor  : Using 'application/json', given [*/*] and supported [application/json, application/*+json, application/yaml]
2026-10-09T09:11:06.604+05:30 DEBUG 46205 --- [leave-management-system] [           main] o.s.w.s.m.m.a.HttpEntityMethodProcessor  : Writing [[com.leave_management_system.leave_management_system.dto.PermissionResponseDTO@7a827acd, com.leave_m (truncated)...]
2026-10-09T09:11:06.607+05:30  INFO 46205 --- [leave-management-system] [           main] o.s.b.t.m.w.SpringBootMockServletContext : Initializing Spring TestDispatcherServlet ''
2026-10-09T09:11:06.607+05:30  INFO 46205 --- [leave-management-system] [           main] o.s.t.web.servlet.TestDispatcherServlet  : Initializing Servlet ''
2026-10-09T09:11:06.607+05:30  INFO 46205 --- [leave-management-system] [           main] o.s.t.web.servlet.TestDispatcherServlet  : Completed initialization in 0 ms
2026-10-09T09:11:06.607+05:30 DEBUG 46205 --- [leave-management-system] [           main] org.hibernate.SQL                        : 
    select
        r1_0.id,
        r1_0.name 
    from
        roles r1_0 
    where
        r1_0.name=?
Hibernate: 
    select
        r1_0.id,
        r1_0.name 
    from
        roles r1_0 
    where
        r1_0.name=?
2026-10-09T09:11:06.608+05:30 DEBUG 46205 --- [leave-management-system] [           main] org.hibernate.SQL                        : 
    select
        p1_0.role_id,
        p1_1.id,
        p1_1.active,
        p1_1.description,
        p1_1.name 
    from
        role_permissions p1_0 
    join
        permissions p1_1 
            on p1_1.id=p1_0.permission_id 
    where
        p1_0.role_id=?
Hibernate: 
    select
        p1_0.role_id,
        p1_1.id,
        p1_1.active,
        p1_1.description,
        p1_1.name 
    from
        role_permissions p1_0 
    join
        permissions p1_1 
            on p1_1.id=p1_0.permission_id 
    where
        p1_0.role_id=?
2026-10-09T09:11:06.608+05:30 DEBUG 46205 --- [leave-management-system] [           main] org.hibernate.SQL                        : 
    select
        r1_0.id,
        r1_0.name 
    from
        roles r1_0 
    where
        r1_0.name=?
Hibernate: 
    select
        r1_0.id,
        r1_0.name 
    from
        roles r1_0 
    where
        r1_0.name=?
2026-10-09T09:11:06.609+05:30 DEBUG 46205 --- [leave-management-system] [           main] org.hibernate.SQL                        : 
    select
        p1_0.role_id,
        p1_1.id,
        p1_1.active,
        p1_1.description,
        p1_1.name 
    from
        role_permissions p1_0 
    join
        permissions p1_1 
            on p1_1.id=p1_0.permission_id 
    where
        p1_0.role_id=?
Hibernate: 
    select
        p1_0.role_id,
        p1_1.id,
        p1_1.active,
        p1_1.description,
        p1_1.name 
    from
        role_permissions p1_0 
    join
        permissions p1_1 
            on p1_1.id=p1_0.permission_id 
    where
        p1_0.role_id=?
2026-10-09T09:11:06.609+05:30 DEBUG 46205 --- [leave-management-system] [           main] org.hibernate.SQL                        : 
    select
        p1_0.id,
        p1_0.active,
        p1_0.description,
        p1_0.name 
    from
        permissions p1_0 
    where
        p1_0.name=?
Hibernate: 
    select
        p1_0.id,
        p1_0.active,
        p1_0.description,
        p1_0.name 
    from
        permissions p1_0 
    where
        p1_0.name=?
2026-10-09T09:11:06.609+05:30 DEBUG 46205 --- [leave-management-system] [           main] org.hibernate.SQL                        : 
    select
        p1_0.id,
        p1_0.active,
        p1_0.description,
        p1_0.name 
    from
        permissions p1_0 
    where
        p1_0.name=?
Hibernate: 
    select
        p1_0.id,
        p1_0.active,
        p1_0.description,
        p1_0.name 
    from
        permissions p1_0 
    where
        p1_0.name=?
2026-10-09T09:11:06.609+05:30 DEBUG 46205 --- [leave-management-system] [           main] org.hibernate.SQL                        : 
    insert 
    into
        users
        (active, email, password, id) 
    values
        (?, ?, ?, default)
Hibernate: 
    insert 
    into
        users
        (active, email, password, id) 
    values
        (?, ?, ?, default)
2026-10-09T09:11:06.610+05:30 DEBUG 46205 --- [leave-management-system] [           main] org.hibernate.SQL                        : 
    select
        r1_0.id,
        r1_0.name 
    from
        roles r1_0 
    where
        r1_0.name=?
Hibernate: 
    select
        r1_0.id,
        r1_0.name 
    from
        roles r1_0 
    where
        r1_0.name=?
2026-10-09T09:11:06.610+05:30 DEBUG 46205 --- [leave-management-system] [           main] org.hibernate.SQL                        : 
    select
        p1_0.role_id,
        p1_1.id,
        p1_1.active,
        p1_1.description,
        p1_1.name 
    from
        role_permissions p1_0 
    join
        permissions p1_1 
            on p1_1.id=p1_0.permission_id 
    where
        p1_0.role_id=?
Hibernate: 
    select
        p1_0.role_id,
        p1_1.id,
        p1_1.active,
        p1_1.description,
        p1_1.name 
    from
        role_permissions p1_0 
    join
        permissions p1_1 
            on p1_1.id=p1_0.permission_id 
    where
        p1_0.role_id=?
2026-10-09T09:11:06.610+05:30 DEBUG 46205 --- [leave-management-system] [           main] org.hibernate.SQL                        : 
    insert 
    into
        users
        (active, email, password, id) 
    values
        (?, ?, ?, default)
Hibernate: 
    insert 
    into
        users
        (active, email, password, id) 
    values
        (?, ?, ?, default)
2026-10-09T09:11:06.612+05:30 DEBUG 46205 --- [leave-management-system] [           main] org.hibernate.SQL                        : 
    select
        u1_0.id,
        u1_0.active,
        u1_0.email,
        u1_0.password 
    from
        users u1_0 
    where
        u1_0.email=?
Hibernate: 
    select
        u1_0.id,
        u1_0.active,
        u1_0.email,
        u1_0.password 
    from
        users u1_0 
    where
        u1_0.email=?
2026-10-09T09:11:06.612+05:30 DEBUG 46205 --- [leave-management-system] [           main] s.w.s.m.m.a.RequestMappingHandlerMapping : Mapped to com.leave_management_system.leave_management_system.controller.RolePermissionController#getAllPermissions()
2026-10-09T09:11:06.613+05:30 DEBUG 46205 --- [leave-management-system] [           main] .m.m.a.ExceptionHandlerExceptionResolver : Using @ExceptionHandler com.leave_management_system.leave_management_system.exception.GlobalExceptionHandler#handleAccessDeniedException(AccessDeniedException)
2026-10-09T09:11:06.613+05:30 DEBUG 46205 --- [leave-management-system] [           main] o.s.w.s.m.m.a.HttpEntityMethodProcessor  : Using 'application/json', given [*/*] and supported [application/json, application/*+json, application/yaml]
2026-10-09T09:11:06.613+05:30 DEBUG 46205 --- [leave-management-system] [           main] o.s.w.s.m.m.a.HttpEntityMethodProcessor  : Writing [com.leave_management_system.leave_management_system.dto.ErrorResponseDTO@b49378e]
2026-10-09T09:11:06.613+05:30 DEBUG 46205 --- [leave-management-system] [           main] .m.m.a.ExceptionHandlerExceptionResolver : Resolved [org.springframework.security.authorization.AuthorizationDeniedException: Access Denied]
2026-10-09T09:11:06.615+05:30  INFO 46205 --- [leave-management-system] [           main] o.s.b.t.m.w.SpringBootMockServletContext : Initializing Spring TestDispatcherServlet ''
2026-10-09T09:11:06.615+05:30  INFO 46205 --- [leave-management-system] [           main] o.s.t.web.servlet.TestDispatcherServlet  : Initializing Servlet ''
2026-10-09T09:11:06.616+05:30  INFO 46205 --- [leave-management-system] [           main] o.s.t.web.servlet.TestDispatcherServlet  : Completed initialization in 1 ms
2026-10-09T09:11:06.616+05:30 DEBUG 46205 --- [leave-management-system] [           main] org.hibernate.SQL                        : 
    select
        r1_0.id,
        r1_0.name 
    from
        roles r1_0 
    where
        r1_0.name=?
Hibernate: 
    select
        r1_0.id,
        r1_0.name 
    from
        roles r1_0 
    where
        r1_0.name=?
2026-10-09T09:11:06.616+05:30 DEBUG 46205 --- [leave-management-system] [           main] org.hibernate.SQL                        : 
    select
        p1_0.role_id,
        p1_1.id,
        p1_1.active,
        p1_1.description,
        p1_1.name 
    from
        role_permissions p1_0 
    join
        permissions p1_1 
            on p1_1.id=p1_0.permission_id 
    where
        p1_0.role_id=?
Hibernate: 
    select
        p1_0.role_id,
        p1_1.id,
        p1_1.active,
        p1_1.description,
        p1_1.name 
    from
        role_permissions p1_0 
    join
        permissions p1_1 
            on p1_1.id=p1_0.permission_id 
    where
        p1_0.role_id=?
2026-10-09T09:11:06.617+05:30 DEBUG 46205 --- [leave-management-system] [           main] org.hibernate.SQL                        : 
    select
        r1_0.id,
        r1_0.name 
    from
        roles r1_0 
    where
        r1_0.name=?
Hibernate: 
    select
        r1_0.id,
        r1_0.name 
    from
        roles r1_0 
    where
        r1_0.name=?
2026-10-09T09:11:06.617+05:30 DEBUG 46205 --- [leave-management-system] [           main] org.hibernate.SQL                        : 
    select
        p1_0.role_id,
        p1_1.id,
        p1_1.active,
        p1_1.description,
        p1_1.name 
    from
        role_permissions p1_0 
    join
        permissions p1_1 
            on p1_1.id=p1_0.permission_id 
    where
        p1_0.role_id=?
Hibernate: 
    select
        p1_0.role_id,
        p1_1.id,
        p1_1.active,
        p1_1.description,
        p1_1.name 
    from
        role_permissions p1_0 
    join
        permissions p1_1 
            on p1_1.id=p1_0.permission_id 
    where
        p1_0.role_id=?
2026-10-09T09:11:06.618+05:30 DEBUG 46205 --- [leave-management-system] [           main] org.hibernate.SQL                        : 
    select
        p1_0.id,
        p1_0.active,
        p1_0.description,
        p1_0.name 
    from
        permissions p1_0 
    where
        p1_0.name=?
Hibernate: 
    select
        p1_0.id,
        p1_0.active,
        p1_0.description,
        p1_0.name 
    from
        permissions p1_0 
    where
        p1_0.name=?
2026-10-09T09:11:06.618+05:30 DEBUG 46205 --- [leave-management-system] [           main] org.hibernate.SQL                        : 
    select
        p1_0.id,
        p1_0.active,
        p1_0.description,
        p1_0.name 
    from
        permissions p1_0 
    where
        p1_0.name=?
Hibernate: 
    select
        p1_0.id,
        p1_0.active,
        p1_0.description,
        p1_0.name 
    from
        permissions p1_0 
    where
        p1_0.name=?
2026-10-09T09:11:06.618+05:30 DEBUG 46205 --- [leave-management-system] [           main] org.hibernate.SQL                        : 
    insert 
    into
        users
        (active, email, password, id) 
    values
        (?, ?, ?, default)
Hibernate: 
    insert 
    into
        users
        (active, email, password, id) 
    values
        (?, ?, ?, default)
2026-10-09T09:11:06.619+05:30 DEBUG 46205 --- [leave-management-system] [           main] org.hibernate.SQL                        : 
    select
        r1_0.id,
        r1_0.name 
    from
        roles r1_0 
    where
        r1_0.name=?
Hibernate: 
    select
        r1_0.id,
        r1_0.name 
    from
        roles r1_0 
    where
        r1_0.name=?
2026-10-09T09:11:06.619+05:30 DEBUG 46205 --- [leave-management-system] [           main] org.hibernate.SQL                        : 
    select
        p1_0.role_id,
        p1_1.id,
        p1_1.active,
        p1_1.description,
        p1_1.name 
    from
        role_permissions p1_0 
    join
        permissions p1_1 
            on p1_1.id=p1_0.permission_id 
    where
        p1_0.role_id=?
Hibernate: 
    select
        p1_0.role_id,
        p1_1.id,
        p1_1.active,
        p1_1.description,
        p1_1.name 
    from
        role_permissions p1_0 
    join
        permissions p1_1 
            on p1_1.id=p1_0.permission_id 
    where
        p1_0.role_id=?
2026-10-09T09:11:06.619+05:30 DEBUG 46205 --- [leave-management-system] [           main] org.hibernate.SQL                        : 
    insert 
    into
        users
        (active, email, password, id) 
    values
        (?, ?, ?, default)
Hibernate: 
    insert 
    into
        users
        (active, email, password, id) 
    values
        (?, ?, ?, default)
2026-10-09T09:11:06.621+05:30 DEBUG 46205 --- [leave-management-system] [           main] org.hibernate.SQL                        : 
    select
        u1_0.id,
        u1_0.active,
        u1_0.email,
        u1_0.password 
    from
        users u1_0 
    where
        u1_0.email=?
Hibernate: 
    select
        u1_0.id,
        u1_0.active,
        u1_0.email,
        u1_0.password 
    from
        users u1_0 
    where
        u1_0.email=?
2026-10-09T09:11:06.621+05:30 DEBUG 46205 --- [leave-management-system] [           main] s.w.s.m.m.a.RequestMappingHandlerMapping : Mapped to com.leave_management_system.leave_management_system.controller.RolePermissionController#getAllPermissions()
2026-10-09T09:11:06.622+05:30 DEBUG 46205 --- [leave-management-system] [           main] org.hibernate.SQL                        : 
    select
        p1_0.id,
        p1_0.active,
        p1_0.description,
        p1_0.name 
    from
        permissions p1_0
Hibernate: 
    select
        p1_0.id,
        p1_0.active,
        p1_0.description,
        p1_0.name 
    from
        permissions p1_0
2026-10-09T09:11:06.623+05:30 DEBUG 46205 --- [leave-management-system] [           main] o.s.w.s.m.m.a.HttpEntityMethodProcessor  : Using 'application/json', given [*/*] and supported [application/json, application/*+json, application/yaml]
2026-10-09T09:11:06.623+05:30 DEBUG 46205 --- [leave-management-system] [           main] o.s.w.s.m.m.a.HttpEntityMethodProcessor  : Writing [[com.leave_management_system.leave_management_system.dto.PermissionResponseDTO@4fc8f5ba, com.leave_m (truncated)...]
2026-10-09T09:11:06.626+05:30  INFO 46205 --- [leave-management-system] [           main] t.c.s.AnnotationConfigContextLoaderUtils : Could not detect default configuration classes for test class [com.leave_management_system.leave_management_system.controller.LeaveTypeControllerIntegrationTest]: LeaveTypeControllerIntegrationTest does not declare any static, non-private, non-final, nested classes annotated with @Configuration.
2026-10-09T09:11:06.626+05:30 DEBUG 46205 --- [leave-management-system] [           main] .b.t.c.SpringBootTestContextBootstrapper : Using ContextCustomizerFactory implementations for test class [LeaveTypeControllerIntegrationTest]: [SpringBootTestRandomPortContextCustomizerFactory, ImportsContextCustomizerFactory, PropertyMappingContextCustomizerFactory, ExcludeFilterContextCustomizerFactory, TypeExcludeFiltersContextCustomizerFactory, DisableReactorResourceFactoryGlobalResourcesContextCustomizerFactory, DuplicateJsonObjectContextCustomizerFactory, OnFailureConditionReportContextCustomizerFactory, OverrideAutoConfigurationContextCustomizerFactory, BeanOverrideContextCustomizerFactory, MockServerContainerContextCustomizerFactory, DynamicPropertiesContextCustomizerFactory]
2026-10-09T09:11:06.626+05:30 DEBUG 46205 --- [leave-management-system] [           main] .b.t.c.SpringBootTestContextBootstrapper : Using ContextCustomizers for test class [LeaveTypeControllerIntegrationTest]: [SpringBootTestRandomPortContextCustomizer, PropertyMappingContextCustomizer, ExcludeFilterContextCustomizer, DuplicateJsonObjectContextCustomizer, OnFailureConditionReportContextCustomizer, DynamicPropertiesContextCustomizer]
2026-10-09T09:11:06.626+05:30  INFO 46205 --- [leave-management-system] [           main] .b.t.c.SpringBootTestContextBootstrapper : Found @SpringBootConfiguration com.leave_management_system.leave_management_system.LeaveManagementSystemApplication for test class com.leave_management_system.leave_management_system.controller.LeaveTypeControllerIntegrationTest
2026-10-09T09:11:06.626+05:30  INFO 46205 --- [leave-management-system] [           main] t.c.s.AnnotationConfigContextLoaderUtils : Could not detect default configuration classes for test class [com.leave_management_system.leave_management_system.controller.LeaveTypeControllerIntegrationTest]: LeaveTypeControllerIntegrationTest does not declare any static, non-private, non-final, nested classes annotated with @Configuration.
2026-10-09T09:11:06.626+05:30 DEBUG 46205 --- [leave-management-system] [           main] .b.t.c.SpringBootTestContextBootstrapper : Using ContextCustomizerFactory implementations for test class [LeaveTypeControllerIntegrationTest]: [SpringBootTestRandomPortContextCustomizerFactory, ImportsContextCustomizerFactory, PropertyMappingContextCustomizerFactory, ExcludeFilterContextCustomizerFactory, TypeExcludeFiltersContextCustomizerFactory, DisableReactorResourceFactoryGlobalResourcesContextCustomizerFactory, DuplicateJsonObjectContextCustomizerFactory, OnFailureConditionReportContextCustomizerFactory, OverrideAutoConfigurationContextCustomizerFactory, BeanOverrideContextCustomizerFactory, MockServerContainerContextCustomizerFactory, DynamicPropertiesContextCustomizerFactory]
2026-10-09T09:11:06.626+05:30 DEBUG 46205 --- [leave-management-system] [           main] .b.t.c.SpringBootTestContextBootstrapper : Using ContextCustomizers for test class [LeaveTypeControllerIntegrationTest]: [SpringBootTestRandomPortContextCustomizer, PropertyMappingContextCustomizer, ExcludeFilterContextCustomizer, DuplicateJsonObjectContextCustomizer, OnFailureConditionReportContextCustomizer, DynamicPropertiesContextCustomizer]
2026-10-09T09:11:06.626+05:30  INFO 46205 --- [leave-management-system] [           main] .b.t.c.SpringBootTestContextBootstrapper : Found @SpringBootConfiguration com.leave_management_system.leave_management_system.LeaveManagementSystemApplication for test class com.leave_management_system.leave_management_system.controller.LeaveTypeControllerIntegrationTest
2026-10-09T09:11:06.627+05:30 DEBUG 46205 --- [leave-management-system] [           main] .b.t.c.SpringBootTestContextBootstrapper : Neither @ContextConfiguration nor @ContextHierarchy found for test class [LeaveTypeControllerIntegrationTest]: using SpringBootContextLoader
2026-10-09T09:11:06.627+05:30 DEBUG 46205 --- [leave-management-system] [           main] .b.t.c.SpringBootTestContextBootstrapper : Using TestExecutionListeners for test class [LeaveTypeControllerIntegrationTest]: [ServletTestExecutionListener, DirtiesContextBeforeModesTestExecutionListener, ApplicationEventsTestExecutionListener, BeanOverrideTestExecutionListener, DependencyInjectionTestExecutionListener, DirtiesContextTestExecutionListener, CommonCachesTestExecutionListener, TransactionalTestExecutionListener, SqlScriptsTestExecutionListener, EventPublishingTestExecutionListener, WithSecurityContextTestExecutionListener, ReactorContextTestExecutionListener, MockitoResetTestExecutionListener]
2026-10-09T09:11:06.628+05:30  INFO 46205 --- [leave-management-system] [           main] o.s.b.t.m.w.SpringBootMockServletContext : Initializing Spring TestDispatcherServlet ''
2026-10-09T09:11:06.628+05:30  INFO 46205 --- [leave-management-system] [           main] o.s.t.web.servlet.TestDispatcherServlet  : Initializing Servlet ''
2026-10-09T09:11:06.629+05:30  INFO 46205 --- [leave-management-system] [           main] o.s.t.web.servlet.TestDispatcherServlet  : Completed initialization in 1 ms
2026-10-09T09:11:06.629+05:30 DEBUG 46205 --- [leave-management-system] [           main] s.w.s.m.m.a.RequestMappingHandlerMapping : Mapped to com.leave_management_system.leave_management_system.controller.LeaveTypeController#createLeaveType(LeaveTypeRequestDTO)
2026-10-09T09:11:06.630+05:30 DEBUG 46205 --- [leave-management-system] [           main] m.m.a.RequestResponseBodyMethodProcessor : Read "application/json" to [com.leave_management_system.leave_management_system.dto.LeaveTypeRequestDTO@7e4ee95b]
2026-10-09T09:11:06.630+05:30 DEBUG 46205 --- [leave-management-system] [           main] org.hibernate.SQL                        : 
    select
        lt1_0.id,
        lt1_0.active,
        lt1_0.default_days,
        lt1_0.description,
        lt1_0.name 
    from
        leave_types lt1_0 
    where
        lt1_0.name=?
Hibernate: 
    select
        lt1_0.id,
        lt1_0.active,
        lt1_0.default_days,
        lt1_0.description,
        lt1_0.name 
    from
        leave_types lt1_0 
    where
        lt1_0.name=?
2026-10-09T09:11:06.631+05:30 DEBUG 46205 --- [leave-management-system] [           main] org.hibernate.SQL                        : 
    insert 
    into
        leave_types
        (active, default_days, description, name, id) 
    values
        (?, ?, ?, ?, default)
Hibernate: 
    insert 
    into
        leave_types
        (active, default_days, description, name, id) 
    values
        (?, ?, ?, ?, default)
2026-10-09T09:11:06.631+05:30 DEBUG 46205 --- [leave-management-system] [           main] o.s.w.s.m.m.a.HttpEntityMethodProcessor  : Using 'application/json', given [*/*] and supported [application/json, application/*+json, application/yaml]
2026-10-09T09:11:06.631+05:30 DEBUG 46205 --- [leave-management-system] [           main] o.s.w.s.m.m.a.HttpEntityMethodProcessor  : Writing [com.leave_management_system.leave_management_system.dto.LeaveTypeResponseDTO@4ee66ff0]
2026-10-09T09:11:06.631+05:30 DEBUG 46205 --- [leave-management-system] [           main] s.w.s.m.m.a.RequestMappingHandlerMapping : Mapped to com.leave_management_system.leave_management_system.controller.LeaveTypeController#deactivateLeaveType(Long)
2026-10-09T09:11:06.632+05:30 DEBUG 46205 --- [leave-management-system] [           main] o.s.w.s.m.m.a.HttpEntityMethodProcessor  : Using 'application/json', given [*/*] and supported [application/json, application/*+json, application/yaml]
2026-10-09T09:11:06.632+05:30 DEBUG 46205 --- [leave-management-system] [           main] o.s.w.s.m.m.a.HttpEntityMethodProcessor  : Writing [com.leave_management_system.leave_management_system.dto.LeaveTypeResponseDTO@fbd0d77]
2026-10-09T09:11:06.633+05:30 DEBUG 46205 --- [leave-management-system] [           main] s.w.s.m.m.a.RequestMappingHandlerMapping : Mapped to com.leave_management_system.leave_management_system.controller.LeaveTypeController#activateLeaveType(Long)
2026-10-09T09:11:06.633+05:30 DEBUG 46205 --- [leave-management-system] [           main] o.s.w.s.m.m.a.HttpEntityMethodProcessor  : Using 'application/json', given [*/*] and supported [application/json, application/*+json, application/yaml]
2026-10-09T09:11:06.633+05:30 DEBUG 46205 --- [leave-management-system] [           main] o.s.w.s.m.m.a.HttpEntityMethodProcessor  : Writing [com.leave_management_system.leave_management_system.dto.LeaveTypeResponseDTO@6573489c]
2026-10-09T09:11:06.636+05:30  INFO 46205 --- [leave-management-system] [           main] o.s.b.t.m.w.SpringBootMockServletContext : Initializing Spring TestDispatcherServlet ''
2026-10-09T09:11:06.636+05:30  INFO 46205 --- [leave-management-system] [           main] o.s.t.web.servlet.TestDispatcherServlet  : Initializing Servlet ''
2026-10-09T09:11:06.636+05:30  INFO 46205 --- [leave-management-system] [           main] o.s.t.web.servlet.TestDispatcherServlet  : Completed initialization in 0 ms
2026-10-09T09:11:06.637+05:30 DEBUG 46205 --- [leave-management-system] [           main] s.w.s.m.m.a.RequestMappingHandlerMapping : Mapped to com.leave_management_system.leave_management_system.controller.LeaveTypeController#createLeaveType(LeaveTypeRequestDTO)
2026-10-09T09:11:06.637+05:30 DEBUG 46205 --- [leave-management-system] [           main] m.m.a.RequestResponseBodyMethodProcessor : Read "application/json" to [com.leave_management_system.leave_management_system.dto.LeaveTypeRequestDTO@5b21e8b0]
2026-10-09T09:11:06.637+05:30 DEBUG 46205 --- [leave-management-system] [           main] .m.m.a.ExceptionHandlerExceptionResolver : Using @ExceptionHandler com.leave_management_system.leave_management_system.exception.GlobalExceptionHandler#handleValidationException(MethodArgumentNotValidException)
2026-10-09T09:11:06.637+05:30 DEBUG 46205 --- [leave-management-system] [           main] o.s.w.s.m.m.a.HttpEntityMethodProcessor  : Using 'application/json', given [*/*] and supported [application/json, application/*+json, application/yaml]
2026-10-09T09:11:06.637+05:30 DEBUG 46205 --- [leave-management-system] [           main] o.s.w.s.m.m.a.HttpEntityMethodProcessor  : Writing [com.leave_management_system.leave_management_system.dto.ErrorResponseDTO@2f47ebc7]
2026-10-09T09:11:06.637+05:30 DEBUG 46205 --- [leave-management-system] [           main] .m.m.a.ExceptionHandlerExceptionResolver : Resolved [org.springframework.web.bind.MethodArgumentNotValidException: Validation failed for argument [0] in public org.springframework.http.ResponseEntity<com.leave_management_system.leave_management_system.dto.LeaveTypeResponseDTO> com.leave_management_system.leave_management_system.controller.LeaveTypeController.createLeaveType(com.leave_management_system.leave_management_system.dto.LeaveTypeRequestDTO): [Field error in object 'leaveTypeRequestDTO' on field 'name': rejected value [null]; codes [NotBlank.leaveTypeRequestDTO.name,NotBlank.name,NotBlank.java.lang.String,NotBlank]; arguments [org.springframework.context.support.DefaultMessageSourceResolvable: codes [leaveTypeRequestDTO.name,name]; arguments []; default message [name]]; default message [Leave type name is required]] ]
2026-10-09T09:11:06.639+05:30  INFO 46205 --- [leave-management-system] [           main] o.s.b.t.m.w.SpringBootMockServletContext : Initializing Spring TestDispatcherServlet ''
2026-10-09T09:11:06.639+05:30  INFO 46205 --- [leave-management-system] [           main] o.s.t.web.servlet.TestDispatcherServlet  : Initializing Servlet ''
2026-10-09T09:11:06.640+05:30  INFO 46205 --- [leave-management-system] [           main] o.s.t.web.servlet.TestDispatcherServlet  : Completed initialization in 1 ms
2026-10-09T09:11:06.640+05:30 DEBUG 46205 --- [leave-management-system] [           main] s.w.s.m.m.a.RequestMappingHandlerMapping : Mapped to com.leave_management_system.leave_management_system.controller.LeaveTypeController#createLeaveType(LeaveTypeRequestDTO)
2026-10-09T09:11:06.640+05:30 DEBUG 46205 --- [leave-management-system] [           main] m.m.a.RequestResponseBodyMethodProcessor : Read "application/json" to [com.leave_management_system.leave_management_system.dto.LeaveTypeRequestDTO@1c27d4d9]
2026-10-09T09:11:06.641+05:30 DEBUG 46205 --- [leave-management-system] [           main] org.hibernate.SQL                        : 
    select
        lt1_0.id,
        lt1_0.active,
        lt1_0.default_days,
        lt1_0.description,
        lt1_0.name 
    from
        leave_types lt1_0 
    where
        lt1_0.name=?
Hibernate: 
    select
        lt1_0.id,
        lt1_0.active,
        lt1_0.default_days,
        lt1_0.description,
        lt1_0.name 
    from
        leave_types lt1_0 
    where
        lt1_0.name=?
2026-10-09T09:11:06.641+05:30 DEBUG 46205 --- [leave-management-system] [           main] org.hibernate.SQL                        : 
    insert 
    into
        leave_types
        (active, default_days, description, name, id) 
    values
        (?, ?, ?, ?, default)
Hibernate: 
    insert 
    into
        leave_types
        (active, default_days, description, name, id) 
    values
        (?, ?, ?, ?, default)
2026-10-09T09:11:06.642+05:30 DEBUG 46205 --- [leave-management-system] [           main] o.s.w.s.m.m.a.HttpEntityMethodProcessor  : Using 'application/json', given [*/*] and supported [application/json, application/*+json, application/yaml]
2026-10-09T09:11:06.642+05:30 DEBUG 46205 --- [leave-management-system] [           main] o.s.w.s.m.m.a.HttpEntityMethodProcessor  : Writing [com.leave_management_system.leave_management_system.dto.LeaveTypeResponseDTO@542f275]
2026-10-09T09:11:06.644+05:30  INFO 46205 --- [leave-management-system] [           main] t.c.s.AnnotationConfigContextLoaderUtils : Could not detect default configuration classes for test class [com.leave_management_system.leave_management_system.controller.LeaveBalanceControllerIntegrationTest]: LeaveBalanceControllerIntegrationTest does not declare any static, non-private, non-final, nested classes annotated with @Configuration.
2026-10-09T09:11:06.644+05:30 DEBUG 46205 --- [leave-management-system] [           main] .b.t.c.SpringBootTestContextBootstrapper : Using ContextCustomizerFactory implementations for test class [LeaveBalanceControllerIntegrationTest]: [SpringBootTestRandomPortContextCustomizerFactory, ImportsContextCustomizerFactory, PropertyMappingContextCustomizerFactory, ExcludeFilterContextCustomizerFactory, TypeExcludeFiltersContextCustomizerFactory, DisableReactorResourceFactoryGlobalResourcesContextCustomizerFactory, DuplicateJsonObjectContextCustomizerFactory, OnFailureConditionReportContextCustomizerFactory, OverrideAutoConfigurationContextCustomizerFactory, BeanOverrideContextCustomizerFactory, MockServerContainerContextCustomizerFactory, DynamicPropertiesContextCustomizerFactory]
2026-10-09T09:11:06.644+05:30 DEBUG 46205 --- [leave-management-system] [           main] .b.t.c.SpringBootTestContextBootstrapper : Using ContextCustomizers for test class [LeaveBalanceControllerIntegrationTest]: [SpringBootTestRandomPortContextCustomizer, PropertyMappingContextCustomizer, ExcludeFilterContextCustomizer, DuplicateJsonObjectContextCustomizer, OnFailureConditionReportContextCustomizer, DynamicPropertiesContextCustomizer]
2026-10-09T09:11:06.644+05:30  INFO 46205 --- [leave-management-system] [           main] .b.t.c.SpringBootTestContextBootstrapper : Found @SpringBootConfiguration com.leave_management_system.leave_management_system.LeaveManagementSystemApplication for test class com.leave_management_system.leave_management_system.controller.LeaveBalanceControllerIntegrationTest
2026-10-09T09:11:06.644+05:30  INFO 46205 --- [leave-management-system] [           main] t.c.s.AnnotationConfigContextLoaderUtils : Could not detect default configuration classes for test class [com.leave_management_system.leave_management_system.controller.LeaveBalanceControllerIntegrationTest]: LeaveBalanceControllerIntegrationTest does not declare any static, non-private, non-final, nested classes annotated with @Configuration.
2026-10-09T09:11:06.644+05:30 DEBUG 46205 --- [leave-management-system] [           main] .b.t.c.SpringBootTestContextBootstrapper : Using ContextCustomizerFactory implementations for test class [LeaveBalanceControllerIntegrationTest]: [SpringBootTestRandomPortContextCustomizerFactory, ImportsContextCustomizerFactory, PropertyMappingContextCustomizerFactory, ExcludeFilterContextCustomizerFactory, TypeExcludeFiltersContextCustomizerFactory, DisableReactorResourceFactoryGlobalResourcesContextCustomizerFactory, DuplicateJsonObjectContextCustomizerFactory, OnFailureConditionReportContextCustomizerFactory, OverrideAutoConfigurationContextCustomizerFactory, BeanOverrideContextCustomizerFactory, MockServerContainerContextCustomizerFactory, DynamicPropertiesContextCustomizerFactory]
2026-10-09T09:11:06.644+05:30 DEBUG 46205 --- [leave-management-system] [           main] .b.t.c.SpringBootTestContextBootstrapper : Using ContextCustomizers for test class [LeaveBalanceControllerIntegrationTest]: [SpringBootTestRandomPortContextCustomizer, PropertyMappingContextCustomizer, ExcludeFilterContextCustomizer, DuplicateJsonObjectContextCustomizer, OnFailureConditionReportContextCustomizer, DynamicPropertiesContextCustomizer]
2026-10-09T09:11:06.644+05:30  INFO 46205 --- [leave-management-system] [           main] .b.t.c.SpringBootTestContextBootstrapper : Found @SpringBootConfiguration com.leave_management_system.leave_management_system.LeaveManagementSystemApplication for test class com.leave_management_system.leave_management_system.controller.LeaveBalanceControllerIntegrationTest
2026-10-09T09:11:06.644+05:30 DEBUG 46205 --- [leave-management-system] [           main] .b.t.c.SpringBootTestContextBootstrapper : Neither @ContextConfiguration nor @ContextHierarchy found for test class [LeaveBalanceControllerIntegrationTest]: using SpringBootContextLoader
2026-10-09T09:11:06.645+05:30 DEBUG 46205 --- [leave-management-system] [           main] .b.t.c.SpringBootTestContextBootstrapper : Using TestExecutionListeners for test class [LeaveBalanceControllerIntegrationTest]: [ServletTestExecutionListener, DirtiesContextBeforeModesTestExecutionListener, ApplicationEventsTestExecutionListener, BeanOverrideTestExecutionListener, DependencyInjectionTestExecutionListener, DirtiesContextTestExecutionListener, CommonCachesTestExecutionListener, TransactionalTestExecutionListener, SqlScriptsTestExecutionListener, EventPublishingTestExecutionListener, WithSecurityContextTestExecutionListener, ReactorContextTestExecutionListener, MockitoResetTestExecutionListener]
2026-10-09T09:11:06.646+05:30  INFO 46205 --- [leave-management-system] [           main] o.s.b.t.m.w.SpringBootMockServletContext : Initializing Spring TestDispatcherServlet ''
2026-10-09T09:11:06.646+05:30  INFO 46205 --- [leave-management-system] [           main] o.s.t.web.servlet.TestDispatcherServlet  : Initializing Servlet ''
2026-10-09T09:11:06.647+05:30  INFO 46205 --- [leave-management-system] [           main] o.s.t.web.servlet.TestDispatcherServlet  : Completed initialization in 1 ms
2026-10-09T09:11:06.647+05:30 DEBUG 46205 --- [leave-management-system] [           main] s.w.s.m.m.a.RequestMappingHandlerMapping : Mapped to com.leave_management_system.leave_management_system.controller.DepartmentController#createDepartment(DepartmentRequestDTO)
2026-10-09T09:11:06.647+05:30 DEBUG 46205 --- [leave-management-system] [           main] m.m.a.RequestResponseBodyMethodProcessor : Read "application/json" to [com.leave_management_system.leave_management_system.dto.DepartmentRequestDTO@4b7217a2]
2026-10-09T09:11:06.648+05:30 DEBUG 46205 --- [leave-management-system] [           main] org.hibernate.SQL                        : 
    select
        d1_0.id 
    from
        departments d1_0 
    where
        d1_0.name=? 
    fetch
        first ? rows only
Hibernate: 
    select
        d1_0.id 
    from
        departments d1_0 
    where
        d1_0.name=? 
    fetch
        first ? rows only
2026-10-09T09:11:06.648+05:30 DEBUG 46205 --- [leave-management-system] [           main] org.hibernate.SQL                        : 
    insert 
    into
        departments
        (manager_id, name, id) 
    values
        (?, ?, default)
Hibernate: 
    insert 
    into
        departments
        (manager_id, name, id) 
    values
        (?, ?, default)
2026-10-09T09:11:06.649+05:30 DEBUG 46205 --- [leave-management-system] [           main] m.m.a.RequestResponseBodyMethodProcessor : Using 'application/json', given [*/*] and supported [application/json, application/*+json, application/yaml]
2026-10-09T09:11:06.649+05:30 DEBUG 46205 --- [leave-management-system] [           main] m.m.a.RequestResponseBodyMethodProcessor : Writing [com.leave_management_system.leave_management_system.dto.DepartmentResponseDTO@70df4f7a]
2026-10-09T09:11:06.649+05:30 DEBUG 46205 --- [leave-management-system] [           main] s.w.s.m.m.a.RequestMappingHandlerMapping : Mapped to com.leave_management_system.leave_management_system.controller.EmployeeController#createEmployee(EmployeeRequestDTO)
2026-10-09T09:11:06.649+05:30 DEBUG 46205 --- [leave-management-system] [           main] m.m.a.RequestResponseBodyMethodProcessor : Read "application/json" to [com.leave_management_system.leave_management_system.dto.EmployeeRequestDTO@5115486d]
2026-10-09T09:11:06.650+05:30 DEBUG 46205 --- [leave-management-system] [           main] org.hibernate.SQL                        : 
    select
        u1_0.id 
    from
        users u1_0 
    where
        u1_0.email=? 
    fetch
        first ? rows only
Hibernate: 
    select
        u1_0.id 
    from
        users u1_0 
    where
        u1_0.email=? 
    fetch
        first ? rows only
2026-10-09T09:11:06.650+05:30 DEBUG 46205 --- [leave-management-system] [           main] org.hibernate.SQL                        : 
    select
        r1_0.id,
        r1_0.name 
    from
        roles r1_0 
    where
        r1_0.name=?
Hibernate: 
    select
        r1_0.id,
        r1_0.name 
    from
        roles r1_0 
    where
        r1_0.name=?
2026-10-09T09:11:06.651+05:30 DEBUG 46205 --- [leave-management-system] [           main] org.hibernate.SQL                        : 
    select
        p1_0.role_id,
        p1_1.id,
        p1_1.active,
        p1_1.description,
        p1_1.name 
    from
        role_permissions p1_0 
    join
        permissions p1_1 
            on p1_1.id=p1_0.permission_id 
    where
        p1_0.role_id=?
Hibernate: 
    select
        p1_0.role_id,
        p1_1.id,
        p1_1.active,
        p1_1.description,
        p1_1.name 
    from
        role_permissions p1_0 
    join
        permissions p1_1 
            on p1_1.id=p1_0.permission_id 
    where
        p1_0.role_id=?
2026-10-09T09:11:06.651+05:30 DEBUG 46205 --- [leave-management-system] [           main] org.hibernate.SQL                        : 
    insert 
    into
        users
        (active, email, password, id) 
    values
        (?, ?, ?, default)
Hibernate: 
    insert 
    into
        users
        (active, email, password, id) 
    values
        (?, ?, ?, default)
2026-10-09T09:11:06.651+05:30 DEBUG 46205 --- [leave-management-system] [           main] org.hibernate.SQL                        : 
    insert 
    into
        employees
        (department_id, employee_code, first_name, last_name, manager_id, phone, salary, status, user_id, id) 
    values
        (?, ?, ?, ?, ?, ?, ?, ?, ?, default)
Hibernate: 
    insert 
    into
        employees
        (department_id, employee_code, first_name, last_name, manager_id, phone, salary, status, user_id, id) 
    values
        (?, ?, ?, ?, ?, ?, ?, ?, ?, default)
2026-10-09T09:11:06.652+05:30 DEBUG 46205 --- [leave-management-system] [           main] org.hibernate.SQL                        : 
    select
        u1_0.id,
        u1_0.active,
        u1_0.email,
        u1_0.password 
    from
        users u1_0 
    where
        u1_0.email=?
Hibernate: 
    select
        u1_0.id,
        u1_0.active,
        u1_0.email,
        u1_0.password 
    from
        users u1_0 
    where
        u1_0.email=?
2026-10-09T09:11:06.652+05:30 DEBUG 46205 --- [leave-management-system] [           main] org.hibernate.SQL                        : 
    insert 
    into
        audit_logs
        (action, entity_id, entity_type, ip_address, new_value, old_value, timestamp, user_id, id) 
    values
        (?, ?, ?, ?, ?, ?, ?, ?, default)
Hibernate: 
    insert 
    into
        audit_logs
        (action, entity_id, entity_type, ip_address, new_value, old_value, timestamp, user_id, id) 
    values
        (?, ?, ?, ?, ?, ?, ?, ?, default)
2026-10-09T09:11:06.652+05:30 DEBUG 46205 --- [leave-management-system] [           main] m.m.a.RequestResponseBodyMethodProcessor : Using 'application/json', given [*/*] and supported [application/json, application/*+json, application/yaml]
2026-10-09T09:11:06.652+05:30 DEBUG 46205 --- [leave-management-system] [           main] m.m.a.RequestResponseBodyMethodProcessor : Writing [com.leave_management_system.leave_management_system.dto.EmployeeResponseDTO@7e75dd3a]
2026-10-09T09:11:06.653+05:30 DEBUG 46205 --- [leave-management-system] [           main] s.w.s.m.m.a.RequestMappingHandlerMapping : Mapped to com.leave_management_system.leave_management_system.controller.LeaveTypeController#createLeaveType(LeaveTypeRequestDTO)
2026-10-09T09:11:06.653+05:30 DEBUG 46205 --- [leave-management-system] [           main] m.m.a.RequestResponseBodyMethodProcessor : Read "application/json" to [com.leave_management_system.leave_management_system.dto.LeaveTypeRequestDTO@77b9ca8d]
2026-10-09T09:11:06.654+05:30 DEBUG 46205 --- [leave-management-system] [           main] org.hibernate.SQL                        : 
    select
        lt1_0.id,
        lt1_0.active,
        lt1_0.default_days,
        lt1_0.description,
        lt1_0.name 
    from
        leave_types lt1_0 
    where
        lt1_0.name=?
Hibernate: 
    select
        lt1_0.id,
        lt1_0.active,
        lt1_0.default_days,
        lt1_0.description,
        lt1_0.name 
    from
        leave_types lt1_0 
    where
        lt1_0.name=?
2026-10-09T09:11:06.654+05:30 DEBUG 46205 --- [leave-management-system] [           main] org.hibernate.SQL                        : 
    insert 
    into
        leave_types
        (active, default_days, description, name, id) 
    values
        (?, ?, ?, ?, default)
Hibernate: 
    insert 
    into
        leave_types
        (active, default_days, description, name, id) 
    values
        (?, ?, ?, ?, default)
2026-10-09T09:11:06.654+05:30 DEBUG 46205 --- [leave-management-system] [           main] o.s.w.s.m.m.a.HttpEntityMethodProcessor  : Using 'application/json', given [*/*] and supported [application/json, application/*+json, application/yaml]
2026-10-09T09:11:06.654+05:30 DEBUG 46205 --- [leave-management-system] [           main] o.s.w.s.m.m.a.HttpEntityMethodProcessor  : Writing [com.leave_management_system.leave_management_system.dto.LeaveTypeResponseDTO@45f3daf2]
2026-10-09T09:11:06.655+05:30 DEBUG 46205 --- [leave-management-system] [           main] s.w.s.m.m.a.RequestMappingHandlerMapping : Mapped to com.leave_management_system.leave_management_system.controller.LeaveBalanceController#createLeaveBalance(LeaveBalanceRequestDTO)
2026-10-09T09:11:06.655+05:30 DEBUG 46205 --- [leave-management-system] [           main] m.m.a.RequestResponseBodyMethodProcessor : Read "application/json" to [com.leave_management_system.leave_management_system.dto.LeaveBalanceRequestDTO@153f437b]
2026-10-09T09:11:06.656+05:30 DEBUG 46205 --- [leave-management-system] [           main] org.hibernate.SQL                        : 
    select
        lb1_0.id 
    from
        leave_balances lb1_0 
    where
        lb1_0.employee_id=? 
        and lb1_0.leave_type_id=? 
    fetch
        first ? rows only
Hibernate: 
    select
        lb1_0.id 
    from
        leave_balances lb1_0 
    where
        lb1_0.employee_id=? 
        and lb1_0.leave_type_id=? 
    fetch
        first ? rows only
2026-10-09T09:11:06.656+05:30 DEBUG 46205 --- [leave-management-system] [           main] org.hibernate.SQL                        : 
    insert 
    into
        leave_balances
        (available, employee_id, leave_type_id, total, used, version, year, id) 
    values
        (?, ?, ?, ?, ?, ?, ?, default)
Hibernate: 
    insert 
    into
        leave_balances
        (available, employee_id, leave_type_id, total, used, version, year, id) 
    values
        (?, ?, ?, ?, ?, ?, ?, default)
2026-10-09T09:11:06.656+05:30 DEBUG 46205 --- [leave-management-system] [           main] org.hibernate.SQL                        : 
    select
        u1_0.id,
        u1_0.active,
        u1_0.email,
        u1_0.password 
    from
        users u1_0 
    where
        u1_0.email=?
Hibernate: 
    select
        u1_0.id,
        u1_0.active,
        u1_0.email,
        u1_0.password 
    from
        users u1_0 
    where
        u1_0.email=?
2026-10-09T09:11:06.657+05:30 DEBUG 46205 --- [leave-management-system] [           main] org.hibernate.SQL                        : 
    insert 
    into
        audit_logs
        (action, entity_id, entity_type, ip_address, new_value, old_value, timestamp, user_id, id) 
    values
        (?, ?, ?, ?, ?, ?, ?, ?, default)
Hibernate: 
    insert 
    into
        audit_logs
        (action, entity_id, entity_type, ip_address, new_value, old_value, timestamp, user_id, id) 
    values
        (?, ?, ?, ?, ?, ?, ?, ?, default)
2026-10-09T09:11:06.657+05:30 DEBUG 46205 --- [leave-management-system] [           main] o.s.w.s.m.m.a.HttpEntityMethodProcessor  : Using 'application/json', given [*/*] and supported [application/json, application/*+json, application/yaml]
2026-10-09T09:11:06.657+05:30 DEBUG 46205 --- [leave-management-system] [           main] o.s.w.s.m.m.a.HttpEntityMethodProcessor  : Writing [com.leave_management_system.leave_management_system.dto.LeaveBalanceResponseDTO@c16feeb]
2026-10-09T09:11:06.657+05:30 DEBUG 46205 --- [leave-management-system] [           main] s.w.s.m.m.a.RequestMappingHandlerMapping : Mapped to com.leave_management_system.leave_management_system.controller.LeaveBalanceController#createLeaveBalance(LeaveBalanceRequestDTO)
2026-10-09T09:11:06.657+05:30 DEBUG 46205 --- [leave-management-system] [           main] m.m.a.RequestResponseBodyMethodProcessor : Read "application/json" to [com.leave_management_system.leave_management_system.dto.LeaveBalanceRequestDTO@78fee50c]
2026-10-09T09:11:06.658+05:30 DEBUG 46205 --- [leave-management-system] [           main] org.hibernate.SQL                        : 
    select
        lb1_0.id 
    from
        leave_balances lb1_0 
    where
        lb1_0.employee_id=? 
        and lb1_0.leave_type_id=? 
    fetch
        first ? rows only
Hibernate: 
    select
        lb1_0.id 
    from
        leave_balances lb1_0 
    where
        lb1_0.employee_id=? 
        and lb1_0.leave_type_id=? 
    fetch
        first ? rows only
2026-10-09T09:11:06.658+05:30 DEBUG 46205 --- [leave-management-system] [           main] .m.m.a.ExceptionHandlerExceptionResolver : Using @ExceptionHandler com.leave_management_system.leave_management_system.exception.GlobalExceptionHandler#handleDuplicateResourceException(DuplicateResourceException)
2026-10-09T09:11:06.658+05:30 DEBUG 46205 --- [leave-management-system] [           main] o.s.w.s.m.m.a.HttpEntityMethodProcessor  : Using 'application/json', given [*/*] and supported [application/json, application/*+json, application/yaml]
2026-10-09T09:11:06.658+05:30 DEBUG 46205 --- [leave-management-system] [           main] o.s.w.s.m.m.a.HttpEntityMethodProcessor  : Writing [com.leave_management_system.leave_management_system.dto.ErrorResponseDTO@51d32a8b]
2026-10-09T09:11:06.658+05:30 DEBUG 46205 --- [leave-management-system] [           main] .m.m.a.ExceptionHandlerExceptionResolver : Resolved [com.leave_management_system.leave_management_system.exception.DuplicateResourceException: Leave balance already exists for this employee and leave type]
2026-10-09T09:11:06.660+05:30  INFO 46205 --- [leave-management-system] [           main] o.s.b.t.m.w.SpringBootMockServletContext : Initializing Spring TestDispatcherServlet ''
2026-10-09T09:11:06.660+05:30  INFO 46205 --- [leave-management-system] [           main] o.s.t.web.servlet.TestDispatcherServlet  : Initializing Servlet ''
2026-10-09T09:11:06.661+05:30  INFO 46205 --- [leave-management-system] [           main] o.s.t.web.servlet.TestDispatcherServlet  : Completed initialization in 1 ms
2026-10-09T09:11:06.661+05:30 DEBUG 46205 --- [leave-management-system] [           main] s.w.s.m.m.a.RequestMappingHandlerMapping : Mapped to com.leave_management_system.leave_management_system.controller.DepartmentController#createDepartment(DepartmentRequestDTO)
2026-10-09T09:11:06.661+05:30 DEBUG 46205 --- [leave-management-system] [           main] m.m.a.RequestResponseBodyMethodProcessor : Read "application/json" to [com.leave_management_system.leave_management_system.dto.DepartmentRequestDTO@24a0a0d7]
2026-10-09T09:11:06.662+05:30 DEBUG 46205 --- [leave-management-system] [           main] org.hibernate.SQL                        : 
    select
        d1_0.id 
    from
        departments d1_0 
    where
        d1_0.name=? 
    fetch
        first ? rows only
Hibernate: 
    select
        d1_0.id 
    from
        departments d1_0 
    where
        d1_0.name=? 
    fetch
        first ? rows only
2026-10-09T09:11:06.662+05:30 DEBUG 46205 --- [leave-management-system] [           main] org.hibernate.SQL                        : 
    insert 
    into
        departments
        (manager_id, name, id) 
    values
        (?, ?, default)
Hibernate: 
    insert 
    into
        departments
        (manager_id, name, id) 
    values
        (?, ?, default)
2026-10-09T09:11:06.662+05:30 DEBUG 46205 --- [leave-management-system] [           main] m.m.a.RequestResponseBodyMethodProcessor : Using 'application/json', given [*/*] and supported [application/json, application/*+json, application/yaml]
2026-10-09T09:11:06.662+05:30 DEBUG 46205 --- [leave-management-system] [           main] m.m.a.RequestResponseBodyMethodProcessor : Writing [com.leave_management_system.leave_management_system.dto.DepartmentResponseDTO@4d71530a]
2026-10-09T09:11:06.663+05:30 DEBUG 46205 --- [leave-management-system] [           main] s.w.s.m.m.a.RequestMappingHandlerMapping : Mapped to com.leave_management_system.leave_management_system.controller.EmployeeController#createEmployee(EmployeeRequestDTO)
2026-10-09T09:11:06.663+05:30 DEBUG 46205 --- [leave-management-system] [           main] m.m.a.RequestResponseBodyMethodProcessor : Read "application/json" to [com.leave_management_system.leave_management_system.dto.EmployeeRequestDTO@5b4d30c7]
2026-10-09T09:11:06.664+05:30 DEBUG 46205 --- [leave-management-system] [           main] org.hibernate.SQL                        : 
    select
        u1_0.id 
    from
        users u1_0 
    where
        u1_0.email=? 
    fetch
        first ? rows only
Hibernate: 
    select
        u1_0.id 
    from
        users u1_0 
    where
        u1_0.email=? 
    fetch
        first ? rows only
2026-10-09T09:11:06.664+05:30 DEBUG 46205 --- [leave-management-system] [           main] org.hibernate.SQL                        : 
    select
        r1_0.id,
        r1_0.name 
    from
        roles r1_0 
    where
        r1_0.name=?
Hibernate: 
    select
        r1_0.id,
        r1_0.name 
    from
        roles r1_0 
    where
        r1_0.name=?
2026-10-09T09:11:06.664+05:30 DEBUG 46205 --- [leave-management-system] [           main] org.hibernate.SQL                        : 
    select
        p1_0.role_id,
        p1_1.id,
        p1_1.active,
        p1_1.description,
        p1_1.name 
    from
        role_permissions p1_0 
    join
        permissions p1_1 
            on p1_1.id=p1_0.permission_id 
    where
        p1_0.role_id=?
Hibernate: 
    select
        p1_0.role_id,
        p1_1.id,
        p1_1.active,
        p1_1.description,
        p1_1.name 
    from
        role_permissions p1_0 
    join
        permissions p1_1 
            on p1_1.id=p1_0.permission_id 
    where
        p1_0.role_id=?
2026-10-09T09:11:06.665+05:30 DEBUG 46205 --- [leave-management-system] [           main] org.hibernate.SQL                        : 
    insert 
    into
        users
        (active, email, password, id) 
    values
        (?, ?, ?, default)
Hibernate: 
    insert 
    into
        users
        (active, email, password, id) 
    values
        (?, ?, ?, default)
2026-10-09T09:11:06.665+05:30 DEBUG 46205 --- [leave-management-system] [           main] org.hibernate.SQL                        : 
    insert 
    into
        employees
        (department_id, employee_code, first_name, last_name, manager_id, phone, salary, status, user_id, id) 
    values
        (?, ?, ?, ?, ?, ?, ?, ?, ?, default)
Hibernate: 
    insert 
    into
        employees
        (department_id, employee_code, first_name, last_name, manager_id, phone, salary, status, user_id, id) 
    values
        (?, ?, ?, ?, ?, ?, ?, ?, ?, default)
2026-10-09T09:11:06.665+05:30 DEBUG 46205 --- [leave-management-system] [           main] org.hibernate.SQL                        : 
    select
        u1_0.id,
        u1_0.active,
        u1_0.email,
        u1_0.password 
    from
        users u1_0 
    where
        u1_0.email=?
Hibernate: 
    select
        u1_0.id,
        u1_0.active,
        u1_0.email,
        u1_0.password 
    from
        users u1_0 
    where
        u1_0.email=?
2026-10-09T09:11:06.665+05:30 DEBUG 46205 --- [leave-management-system] [           main] org.hibernate.SQL                        : 
    insert 
    into
        audit_logs
        (action, entity_id, entity_type, ip_address, new_value, old_value, timestamp, user_id, id) 
    values
        (?, ?, ?, ?, ?, ?, ?, ?, default)
Hibernate: 
    insert 
    into
        audit_logs
        (action, entity_id, entity_type, ip_address, new_value, old_value, timestamp, user_id, id) 
    values
        (?, ?, ?, ?, ?, ?, ?, ?, default)
2026-10-09T09:11:06.666+05:30 DEBUG 46205 --- [leave-management-system] [           main] m.m.a.RequestResponseBodyMethodProcessor : Using 'application/json', given [*/*] and supported [application/json, application/*+json, application/yaml]
2026-10-09T09:11:06.666+05:30 DEBUG 46205 --- [leave-management-system] [           main] m.m.a.RequestResponseBodyMethodProcessor : Writing [com.leave_management_system.leave_management_system.dto.EmployeeResponseDTO@372896d8]
2026-10-09T09:11:06.666+05:30 DEBUG 46205 --- [leave-management-system] [           main] s.w.s.m.m.a.RequestMappingHandlerMapping : Mapped to com.leave_management_system.leave_management_system.controller.LeaveTypeController#createLeaveType(LeaveTypeRequestDTO)
2026-10-09T09:11:06.666+05:30 DEBUG 46205 --- [leave-management-system] [           main] m.m.a.RequestResponseBodyMethodProcessor : Read "application/json" to [com.leave_management_system.leave_management_system.dto.LeaveTypeRequestDTO@54b8570a]
2026-10-09T09:11:06.667+05:30 DEBUG 46205 --- [leave-management-system] [           main] org.hibernate.SQL                        : 
    select
        lt1_0.id,
        lt1_0.active,
        lt1_0.default_days,
        lt1_0.description,
        lt1_0.name 
    from
        leave_types lt1_0 
    where
        lt1_0.name=?
Hibernate: 
    select
        lt1_0.id,
        lt1_0.active,
        lt1_0.default_days,
        lt1_0.description,
        lt1_0.name 
    from
        leave_types lt1_0 
    where
        lt1_0.name=?
2026-10-09T09:11:06.667+05:30 DEBUG 46205 --- [leave-management-system] [           main] org.hibernate.SQL                        : 
    insert 
    into
        leave_types
        (active, default_days, description, name, id) 
    values
        (?, ?, ?, ?, default)
Hibernate: 
    insert 
    into
        leave_types
        (active, default_days, description, name, id) 
    values
        (?, ?, ?, ?, default)
2026-10-09T09:11:06.667+05:30 DEBUG 46205 --- [leave-management-system] [           main] o.s.w.s.m.m.a.HttpEntityMethodProcessor  : Using 'application/json', given [*/*] and supported [application/json, application/*+json, application/yaml]
2026-10-09T09:11:06.667+05:30 DEBUG 46205 --- [leave-management-system] [           main] o.s.w.s.m.m.a.HttpEntityMethodProcessor  : Writing [com.leave_management_system.leave_management_system.dto.LeaveTypeResponseDTO@270bbf31]
2026-10-09T09:11:06.668+05:30 DEBUG 46205 --- [leave-management-system] [           main] s.w.s.m.m.a.RequestMappingHandlerMapping : Mapped to com.leave_management_system.leave_management_system.controller.LeaveBalanceController#createLeaveBalance(LeaveBalanceRequestDTO)
2026-10-09T09:11:06.668+05:30 DEBUG 46205 --- [leave-management-system] [           main] m.m.a.RequestResponseBodyMethodProcessor : Read "application/json" to [com.leave_management_system.leave_management_system.dto.LeaveBalanceRequestDTO@54e6635e]
2026-10-09T09:11:06.669+05:30 DEBUG 46205 --- [leave-management-system] [           main] org.hibernate.SQL                        : 
    select
        lb1_0.id 
    from
        leave_balances lb1_0 
    where
        lb1_0.employee_id=? 
        and lb1_0.leave_type_id=? 
    fetch
        first ? rows only
Hibernate: 
    select
        lb1_0.id 
    from
        leave_balances lb1_0 
    where
        lb1_0.employee_id=? 
        and lb1_0.leave_type_id=? 
    fetch
        first ? rows only
2026-10-09T09:11:06.669+05:30 DEBUG 46205 --- [leave-management-system] [           main] org.hibernate.SQL                        : 
    insert 
    into
        leave_balances
        (available, employee_id, leave_type_id, total, used, version, year, id) 
    values
        (?, ?, ?, ?, ?, ?, ?, default)
Hibernate: 
    insert 
    into
        leave_balances
        (available, employee_id, leave_type_id, total, used, version, year, id) 
    values
        (?, ?, ?, ?, ?, ?, ?, default)
2026-10-09T09:11:06.670+05:30 DEBUG 46205 --- [leave-management-system] [           main] org.hibernate.SQL                        : 
    select
        u1_0.id,
        u1_0.active,
        u1_0.email,
        u1_0.password 
    from
        users u1_0 
    where
        u1_0.email=?
Hibernate: 
    select
        u1_0.id,
        u1_0.active,
        u1_0.email,
        u1_0.password 
    from
        users u1_0 
    where
        u1_0.email=?
2026-10-09T09:11:06.670+05:30 DEBUG 46205 --- [leave-management-system] [           main] org.hibernate.SQL                        : 
    insert 
    into
        audit_logs
        (action, entity_id, entity_type, ip_address, new_value, old_value, timestamp, user_id, id) 
    values
        (?, ?, ?, ?, ?, ?, ?, ?, default)
Hibernate: 
    insert 
    into
        audit_logs
        (action, entity_id, entity_type, ip_address, new_value, old_value, timestamp, user_id, id) 
    values
        (?, ?, ?, ?, ?, ?, ?, ?, default)
2026-10-09T09:11:06.670+05:30 DEBUG 46205 --- [leave-management-system] [           main] o.s.w.s.m.m.a.HttpEntityMethodProcessor  : Using 'application/json', given [*/*] and supported [application/json, application/*+json, application/yaml]
2026-10-09T09:11:06.671+05:30 DEBUG 46205 --- [leave-management-system] [           main] o.s.w.s.m.m.a.HttpEntityMethodProcessor  : Writing [com.leave_management_system.leave_management_system.dto.LeaveBalanceResponseDTO@201d5a30]
2026-10-09T09:11:06.673+05:30  INFO 46205 --- [leave-management-system] [           main] t.c.s.AnnotationConfigContextLoaderUtils : Could not detect default configuration classes for test class [com.leave_management_system.leave_management_system.controller.AuthControllerIntegrationTest]: AuthControllerIntegrationTest does not declare any static, non-private, non-final, nested classes annotated with @Configuration.
2026-10-09T09:11:06.674+05:30 DEBUG 46205 --- [leave-management-system] [           main] .b.t.c.SpringBootTestContextBootstrapper : Using ContextCustomizerFactory implementations for test class [AuthControllerIntegrationTest]: [SpringBootTestRandomPortContextCustomizerFactory, ImportsContextCustomizerFactory, PropertyMappingContextCustomizerFactory, ExcludeFilterContextCustomizerFactory, TypeExcludeFiltersContextCustomizerFactory, DisableReactorResourceFactoryGlobalResourcesContextCustomizerFactory, DuplicateJsonObjectContextCustomizerFactory, OnFailureConditionReportContextCustomizerFactory, OverrideAutoConfigurationContextCustomizerFactory, BeanOverrideContextCustomizerFactory, MockServerContainerContextCustomizerFactory, DynamicPropertiesContextCustomizerFactory]
2026-10-09T09:11:06.674+05:30 DEBUG 46205 --- [leave-management-system] [           main] .b.t.c.SpringBootTestContextBootstrapper : Using ContextCustomizers for test class [AuthControllerIntegrationTest]: [SpringBootTestRandomPortContextCustomizer, PropertyMappingContextCustomizer, ExcludeFilterContextCustomizer, DuplicateJsonObjectContextCustomizer, OnFailureConditionReportContextCustomizer, DynamicPropertiesContextCustomizer]
2026-10-09T09:11:06.674+05:30  INFO 46205 --- [leave-management-system] [           main] .b.t.c.SpringBootTestContextBootstrapper : Found @SpringBootConfiguration com.leave_management_system.leave_management_system.LeaveManagementSystemApplication for test class com.leave_management_system.leave_management_system.controller.AuthControllerIntegrationTest
2026-10-09T09:11:06.674+05:30  INFO 46205 --- [leave-management-system] [           main] t.c.s.AnnotationConfigContextLoaderUtils : Could not detect default configuration classes for test class [com.leave_management_system.leave_management_system.controller.AuthControllerIntegrationTest]: AuthControllerIntegrationTest does not declare any static, non-private, non-final, nested classes annotated with @Configuration.
2026-10-09T09:11:06.674+05:30 DEBUG 46205 --- [leave-management-system] [           main] .b.t.c.SpringBootTestContextBootstrapper : Using ContextCustomizerFactory implementations for test class [AuthControllerIntegrationTest]: [SpringBootTestRandomPortContextCustomizerFactory, ImportsContextCustomizerFactory, PropertyMappingContextCustomizerFactory, ExcludeFilterContextCustomizerFactory, TypeExcludeFiltersContextCustomizerFactory, DisableReactorResourceFactoryGlobalResourcesContextCustomizerFactory, DuplicateJsonObjectContextCustomizerFactory, OnFailureConditionReportContextCustomizerFactory, OverrideAutoConfigurationContextCustomizerFactory, BeanOverrideContextCustomizerFactory, MockServerContainerContextCustomizerFactory, DynamicPropertiesContextCustomizerFactory]
2026-10-09T09:11:06.674+05:30 DEBUG 46205 --- [leave-management-system] [           main] .b.t.c.SpringBootTestContextBootstrapper : Using ContextCustomizers for test class [AuthControllerIntegrationTest]: [SpringBootTestRandomPortContextCustomizer, PropertyMappingContextCustomizer, ExcludeFilterContextCustomizer, DuplicateJsonObjectContextCustomizer, OnFailureConditionReportContextCustomizer, DynamicPropertiesContextCustomizer]
2026-10-09T09:11:06.674+05:30  INFO 46205 --- [leave-management-system] [           main] .b.t.c.SpringBootTestContextBootstrapper : Found @SpringBootConfiguration com.leave_management_system.leave_management_system.LeaveManagementSystemApplication for test class com.leave_management_system.leave_management_system.controller.AuthControllerIntegrationTest
2026-10-09T09:11:06.675+05:30 DEBUG 46205 --- [leave-management-system] [           main] .b.t.c.SpringBootTestContextBootstrapper : Neither @ContextConfiguration nor @ContextHierarchy found for test class [AuthControllerIntegrationTest]: using SpringBootContextLoader
2026-10-09T09:11:06.675+05:30 DEBUG 46205 --- [leave-management-system] [           main] .b.t.c.SpringBootTestContextBootstrapper : Using TestExecutionListeners for test class [AuthControllerIntegrationTest]: [ServletTestExecutionListener, DirtiesContextBeforeModesTestExecutionListener, ApplicationEventsTestExecutionListener, BeanOverrideTestExecutionListener, DependencyInjectionTestExecutionListener, DirtiesContextTestExecutionListener, CommonCachesTestExecutionListener, TransactionalTestExecutionListener, SqlScriptsTestExecutionListener, EventPublishingTestExecutionListener, WithSecurityContextTestExecutionListener, ReactorContextTestExecutionListener, MockitoResetTestExecutionListener]
2026-10-09T09:11:06.676+05:30  INFO 46205 --- [leave-management-system] [           main] o.s.b.t.m.w.SpringBootMockServletContext : Initializing Spring TestDispatcherServlet ''
2026-10-09T09:11:06.676+05:30  INFO 46205 --- [leave-management-system] [           main] o.s.t.web.servlet.TestDispatcherServlet  : Initializing Servlet ''
2026-10-09T09:11:06.677+05:30  INFO 46205 --- [leave-management-system] [           main] o.s.t.web.servlet.TestDispatcherServlet  : Completed initialization in 1 ms
2026-10-09T09:11:06.678+05:30 DEBUG 46205 --- [leave-management-system] [           main] s.w.s.m.m.a.RequestMappingHandlerMapping : Mapped to com.leave_management_system.leave_management_system.controller.AuthController#registerUser(RegisterRequestDTO)
2026-10-09T09:11:06.679+05:30 DEBUG 46205 --- [leave-management-system] [           main] m.m.a.RequestResponseBodyMethodProcessor : Read "application/json" to [com.leave_management_system.leave_management_system.dto.RegisterRequestDTO@1339f9e0]
2026-10-09T09:11:06.681+05:30 DEBUG 46205 --- [leave-management-system] [           main] org.hibernate.SQL                        : 
    select
        u1_0.id 
    from
        users u1_0 
    where
        u1_0.email=? 
    fetch
        first ? rows only
Hibernate: 
    select
        u1_0.id 
    from
        users u1_0 
    where
        u1_0.email=? 
    fetch
        first ? rows only
2026-10-09T09:11:06.751+05:30 DEBUG 46205 --- [leave-management-system] [           main] org.hibernate.SQL                        : 
    select
        r1_0.id,
        r1_0.name 
    from
        roles r1_0 
    where
        r1_0.name=?
Hibernate: 
    select
        r1_0.id,
        r1_0.name 
    from
        roles r1_0 
    where
        r1_0.name=?
2026-10-09T09:11:06.752+05:30 DEBUG 46205 --- [leave-management-system] [           main] org.hibernate.SQL                        : 
    select
        p1_0.role_id,
        p1_1.id,
        p1_1.active,
        p1_1.description,
        p1_1.name 
    from
        role_permissions p1_0 
    join
        permissions p1_1 
            on p1_1.id=p1_0.permission_id 
    where
        p1_0.role_id=?
Hibernate: 
    select
        p1_0.role_id,
        p1_1.id,
        p1_1.active,
        p1_1.description,
        p1_1.name 
    from
        role_permissions p1_0 
    join
        permissions p1_1 
            on p1_1.id=p1_0.permission_id 
    where
        p1_0.role_id=?
2026-10-09T09:11:06.753+05:30 DEBUG 46205 --- [leave-management-system] [           main] org.hibernate.SQL                        : 
    insert 
    into
        users
        (active, email, password, id) 
    values
        (?, ?, ?, default)
Hibernate: 
    insert 
    into
        users
        (active, email, password, id) 
    values
        (?, ?, ?, default)
2026-10-09T09:11:06.753+05:30 DEBUG 46205 --- [leave-management-system] [           main] org.hibernate.SQL                        : 
    insert 
    into
        employees
        (department_id, employee_code, first_name, last_name, manager_id, phone, salary, status, user_id, id) 
    values
        (?, ?, ?, ?, ?, ?, ?, ?, ?, default)
Hibernate: 
    insert 
    into
        employees
        (department_id, employee_code, first_name, last_name, manager_id, phone, salary, status, user_id, id) 
    values
        (?, ?, ?, ?, ?, ?, ?, ?, ?, default)
2026-10-09T09:11:06.814+05:30 DEBUG 46205 --- [leave-management-system] [           main] org.hibernate.SQL                        : 
    select
        u1_0.id,
        u1_0.active,
        u1_0.email,
        u1_0.password 
    from
        users u1_0 
    where
        u1_0.email=?
Hibernate: 
    select
        u1_0.id,
        u1_0.active,
        u1_0.email,
        u1_0.password 
    from
        users u1_0 
    where
        u1_0.email=?
2026-10-09T09:11:06.875+05:30 DEBUG 46205 --- [leave-management-system] [           main] org.hibernate.SQL                        : 
    select
        u1_0.id,
        u1_0.active,
        u1_0.email,
        u1_0.password 
    from
        users u1_0 
    where
        u1_0.email=?
Hibernate: 
    select
        u1_0.id,
        u1_0.active,
        u1_0.email,
        u1_0.password 
    from
        users u1_0 
    where
        u1_0.email=?
2026-10-09T09:11:06.876+05:30 DEBUG 46205 --- [leave-management-system] [           main] org.hibernate.SQL                        : 
    insert 
    into
        audit_logs
        (action, entity_id, entity_type, ip_address, new_value, old_value, timestamp, user_id, id) 
    values
        (?, ?, ?, ?, ?, ?, ?, ?, default)
Hibernate: 
    insert 
    into
        audit_logs
        (action, entity_id, entity_type, ip_address, new_value, old_value, timestamp, user_id, id) 
    values
        (?, ?, ?, ?, ?, ?, ?, ?, default)
2026-10-09T09:11:06.877+05:30 DEBUG 46205 --- [leave-management-system] [           main] org.hibernate.SQL                        : 
    insert 
    into
        refresh_tokens
        (expires_at, revoked, token_hash, user_id, id) 
    values
        (?, ?, ?, ?, default)
Hibernate: 
    insert 
    into
        refresh_tokens
        (expires_at, revoked, token_hash, user_id, id) 
    values
        (?, ?, ?, ?, default)
2026-10-09T09:11:06.878+05:30 DEBUG 46205 --- [leave-management-system] [           main] org.hibernate.SQL                        : 
    select
        u1_0.id,
        u1_0.active,
        u1_0.email,
        u1_0.password 
    from
        users u1_0 
    where
        u1_0.email=?
Hibernate: 
    select
        u1_0.id,
        u1_0.active,
        u1_0.email,
        u1_0.password 
    from
        users u1_0 
    where
        u1_0.email=?
2026-10-09T09:11:06.878+05:30 DEBUG 46205 --- [leave-management-system] [           main] org.hibernate.SQL                        : 
    insert 
    into
        audit_logs
        (action, entity_id, entity_type, ip_address, new_value, old_value, timestamp, user_id, id) 
    values
        (?, ?, ?, ?, ?, ?, ?, ?, default)
Hibernate: 
    insert 
    into
        audit_logs
        (action, entity_id, entity_type, ip_address, new_value, old_value, timestamp, user_id, id) 
    values
        (?, ?, ?, ?, ?, ?, ?, ?, default)
2026-10-09T09:11:06.878+05:30 DEBUG 46205 --- [leave-management-system] [           main] org.hibernate.SQL                        : 
    select
        u1_0.id,
        u1_0.active,
        u1_0.email,
        u1_0.password 
    from
        users u1_0 
    where
        u1_0.email=?
Hibernate: 
    select
        u1_0.id,
        u1_0.active,
        u1_0.email,
        u1_0.password 
    from
        users u1_0 
    where
        u1_0.email=?
2026-10-09T09:11:06.879+05:30 DEBUG 46205 --- [leave-management-system] [           main] org.hibernate.SQL                        : 
    insert 
    into
        audit_logs
        (action, entity_id, entity_type, ip_address, new_value, old_value, timestamp, user_id, id) 
    values
        (?, ?, ?, ?, ?, ?, ?, ?, default)
Hibernate: 
    insert 
    into
        audit_logs
        (action, entity_id, entity_type, ip_address, new_value, old_value, timestamp, user_id, id) 
    values
        (?, ?, ?, ?, ?, ?, ?, ?, default)
2026-10-09T09:11:06.880+05:30 DEBUG 46205 --- [leave-management-system] [           main] o.s.w.s.m.m.a.HttpEntityMethodProcessor  : Using 'application/json', given [*/*] and supported [application/json, application/*+json, application/yaml]
2026-10-09T09:11:06.880+05:30 DEBUG 46205 --- [leave-management-system] [           main] o.s.w.s.m.m.a.HttpEntityMethodProcessor  : Writing [com.leave_management_system.leave_management_system.dto.AuthResponseDTO@2eb986b2]
2026-10-09T09:11:06.883+05:30 DEBUG 46205 --- [leave-management-system] [           main] org.hibernate.SQL                        : 
    select
        rt1_0.id,
        rt1_0.expires_at,
        rt1_0.revoked,
        rt1_0.token_hash,
        rt1_0.user_id 
    from
        refresh_tokens rt1_0 
    where
        rt1_0.token_hash=?
Hibernate: 
    select
        rt1_0.id,
        rt1_0.expires_at,
        rt1_0.revoked,
        rt1_0.token_hash,
        rt1_0.user_id 
    from
        refresh_tokens rt1_0 
    where
        rt1_0.token_hash=?
2026-10-09T09:11:06.884+05:30 DEBUG 46205 --- [leave-management-system] [           main] s.w.s.m.m.a.RequestMappingHandlerMapping : Mapped to com.leave_management_system.leave_management_system.controller.AuthController#refreshToken(TokenRefreshRequestDTO)
2026-10-09T09:11:06.884+05:30 DEBUG 46205 --- [leave-management-system] [           main] m.m.a.RequestResponseBodyMethodProcessor : Read "application/json" to [com.leave_management_system.leave_management_system.dto.TokenRefreshRequestDTO@690e281f]
2026-10-09T09:11:06.885+05:30 DEBUG 46205 --- [leave-management-system] [           main] org.hibernate.SQL                        : 
    update
        refresh_tokens 
    set
        expires_at=?,
        revoked=?,
        token_hash=?,
        user_id=? 
    where
        id=?
Hibernate: 
    update
        refresh_tokens 
    set
        expires_at=?,
        revoked=?,
        token_hash=?,
        user_id=? 
    where
        id=?
2026-10-09T09:11:06.891+05:30 DEBUG 46205 --- [leave-management-system] [           main] org.hibernate.SQL                        : 
    insert 
    into
        user_roles
        (user_id, role_id) 
    values
        (?, ?)
Hibernate: 
    insert 
    into
        user_roles
        (user_id, role_id) 
    values
        (?, ?)
2026-10-09T09:11:06.891+05:30 DEBUG 46205 --- [leave-management-system] [           main] org.hibernate.SQL                        : 
    select
        rt1_0.id,
        rt1_0.expires_at,
        rt1_0.revoked,
        rt1_0.token_hash,
        rt1_0.user_id 
    from
        refresh_tokens rt1_0 
    where
        rt1_0.token_hash=?
Hibernate: 
    select
        rt1_0.id,
        rt1_0.expires_at,
        rt1_0.revoked,
        rt1_0.token_hash,
        rt1_0.user_id 
    from
        refresh_tokens rt1_0 
    where
        rt1_0.token_hash=?
2026-10-09T09:11:06.893+05:30 DEBUG 46205 --- [leave-management-system] [           main] .m.m.a.ExceptionHandlerExceptionResolver : Using @ExceptionHandler com.leave_management_system.leave_management_system.exception.GlobalExceptionHandler#handleTokenRefreshException(TokenRefreshException)
2026-10-09T09:11:06.893+05:30 DEBUG 46205 --- [leave-management-system] [           main] o.s.w.s.m.m.a.HttpEntityMethodProcessor  : Using 'application/json', given [*/*] and supported [application/json, application/*+json, application/yaml]
2026-10-09T09:11:06.893+05:30 DEBUG 46205 --- [leave-management-system] [           main] o.s.w.s.m.m.a.HttpEntityMethodProcessor  : Writing [com.leave_management_system.leave_management_system.dto.ErrorResponseDTO@508f3e02]
2026-10-09T09:11:06.893+05:30 DEBUG 46205 --- [leave-management-system] [           main] .m.m.a.ExceptionHandlerExceptionResolver : Resolved [com.leave_management_system.leave_management_system.exception.TokenRefreshException: Refresh token was expired or revoked. Please make a new signin request]
2026-10-09T09:11:06.895+05:30  INFO 46205 --- [leave-management-system] [           main] o.s.b.t.m.w.SpringBootMockServletContext : Initializing Spring TestDispatcherServlet ''
2026-10-09T09:11:06.895+05:30  INFO 46205 --- [leave-management-system] [           main] o.s.t.web.servlet.TestDispatcherServlet  : Initializing Servlet ''
2026-10-09T09:11:06.895+05:30  INFO 46205 --- [leave-management-system] [           main] o.s.t.web.servlet.TestDispatcherServlet  : Completed initialization in 0 ms
2026-10-09T09:11:06.896+05:30 DEBUG 46205 --- [leave-management-system] [           main] s.w.s.m.m.a.RequestMappingHandlerMapping : Mapped to com.leave_management_system.leave_management_system.controller.AuthController#logoutUser(TokenRefreshRequestDTO)
2026-10-09T09:11:06.896+05:30 DEBUG 46205 --- [leave-management-system] [           main] m.m.a.RequestResponseBodyMethodProcessor : Read "application/json" to [com.leave_management_system.leave_management_system.dto.TokenRefreshRequestDTO@75888cb]
2026-10-09T09:11:06.896+05:30 DEBUG 46205 --- [leave-management-system] [           main] .m.m.a.ExceptionHandlerExceptionResolver : Using @ExceptionHandler com.leave_management_system.leave_management_system.exception.GlobalExceptionHandler#handleValidationException(MethodArgumentNotValidException)
2026-10-09T09:11:06.896+05:30 DEBUG 46205 --- [leave-management-system] [           main] o.s.w.s.m.m.a.HttpEntityMethodProcessor  : Using 'application/json', given [*/*] and supported [application/json, application/*+json, application/yaml]
2026-10-09T09:11:06.896+05:30 DEBUG 46205 --- [leave-management-system] [           main] o.s.w.s.m.m.a.HttpEntityMethodProcessor  : Writing [com.leave_management_system.leave_management_system.dto.ErrorResponseDTO@d434ffe]
2026-10-09T09:11:06.896+05:30 DEBUG 46205 --- [leave-management-system] [           main] .m.m.a.ExceptionHandlerExceptionResolver : Resolved [org.springframework.web.bind.MethodArgumentNotValidException: Validation failed for argument [0] in public org.springframework.http.ResponseEntity<java.lang.String> com.leave_management_system.leave_management_system.controller.AuthController.logoutUser(com.leave_management_system.leave_management_system.dto.TokenRefreshRequestDTO): [Field error in object 'tokenRefreshRequestDTO' on field 'refreshToken': rejected value []; codes [NotBlank.tokenRefreshRequestDTO.refreshToken,NotBlank.refreshToken,NotBlank.java.lang.String,NotBlank]; arguments [org.springframework.context.support.DefaultMessageSourceResolvable: codes [tokenRefreshRequestDTO.refreshToken,refreshToken]; arguments []; default message [refreshToken]]; default message [Refresh token is required]] ]
2026-10-09T09:11:06.898+05:30  INFO 46205 --- [leave-management-system] [           main] o.s.b.t.m.w.SpringBootMockServletContext : Initializing Spring TestDispatcherServlet ''
2026-10-09T09:11:06.898+05:30  INFO 46205 --- [leave-management-system] [           main] o.s.t.web.servlet.TestDispatcherServlet  : Initializing Servlet ''
2026-10-09T09:11:06.898+05:30  INFO 46205 --- [leave-management-system] [           main] o.s.t.web.servlet.TestDispatcherServlet  : Completed initialization in 0 ms
2026-10-09T09:11:06.898+05:30 DEBUG 46205 --- [leave-management-system] [           main] s.w.s.m.m.a.RequestMappingHandlerMapping : Mapped to com.leave_management_system.leave_management_system.controller.AuthController#registerUser(RegisterRequestDTO)
2026-10-09T09:11:06.898+05:30 DEBUG 46205 --- [leave-management-system] [           main] m.m.a.RequestResponseBodyMethodProcessor : Read "application/json" to [com.leave_management_system.leave_management_system.dto.RegisterRequestDTO@ce69b0a]
2026-10-09T09:11:06.899+05:30 DEBUG 46205 --- [leave-management-system] [           main] org.hibernate.SQL                        : 
    select
        u1_0.id 
    from
        users u1_0 
    where
        u1_0.email=? 
    fetch
        first ? rows only
Hibernate: 
    select
        u1_0.id 
    from
        users u1_0 
    where
        u1_0.email=? 
    fetch
        first ? rows only
2026-10-09T09:11:06.958+05:30 DEBUG 46205 --- [leave-management-system] [           main] org.hibernate.SQL                        : 
    select
        r1_0.id,
        r1_0.name 
    from
        roles r1_0 
    where
        r1_0.name=?
Hibernate: 
    select
        r1_0.id,
        r1_0.name 
    from
        roles r1_0 
    where
        r1_0.name=?
2026-10-09T09:11:06.958+05:30 DEBUG 46205 --- [leave-management-system] [           main] org.hibernate.SQL                        : 
    select
        p1_0.role_id,
        p1_1.id,
        p1_1.active,
        p1_1.description,
        p1_1.name 
    from
        role_permissions p1_0 
    join
        permissions p1_1 
            on p1_1.id=p1_0.permission_id 
    where
        p1_0.role_id=?
Hibernate: 
    select
        p1_0.role_id,
        p1_1.id,
        p1_1.active,
        p1_1.description,
        p1_1.name 
    from
        role_permissions p1_0 
    join
        permissions p1_1 
            on p1_1.id=p1_0.permission_id 
    where
        p1_0.role_id=?
2026-10-09T09:11:06.959+05:30 DEBUG 46205 --- [leave-management-system] [           main] org.hibernate.SQL                        : 
    insert 
    into
        users
        (active, email, password, id) 
    values
        (?, ?, ?, default)
Hibernate: 
    insert 
    into
        users
        (active, email, password, id) 
    values
        (?, ?, ?, default)
2026-10-09T09:11:06.960+05:30 DEBUG 46205 --- [leave-management-system] [           main] org.hibernate.SQL                        : 
    insert 
    into
        employees
        (department_id, employee_code, first_name, last_name, manager_id, phone, salary, status, user_id, id) 
    values
        (?, ?, ?, ?, ?, ?, ?, ?, ?, default)
Hibernate: 
    insert 
    into
        employees
        (department_id, employee_code, first_name, last_name, manager_id, phone, salary, status, user_id, id) 
    values
        (?, ?, ?, ?, ?, ?, ?, ?, ?, default)
2026-10-09T09:11:06.960+05:30 DEBUG 46205 --- [leave-management-system] [           main] org.hibernate.SQL                        : 
    select
        u1_0.id,
        u1_0.active,
        u1_0.email,
        u1_0.password 
    from
        users u1_0 
    where
        u1_0.email=?
Hibernate: 
    select
        u1_0.id,
        u1_0.active,
        u1_0.email,
        u1_0.password 
    from
        users u1_0 
    where
        u1_0.email=?
2026-10-09T09:11:07.018+05:30 DEBUG 46205 --- [leave-management-system] [           main] org.hibernate.SQL                        : 
    select
        u1_0.id,
        u1_0.active,
        u1_0.email,
        u1_0.password 
    from
        users u1_0 
    where
        u1_0.email=?
Hibernate: 
    select
        u1_0.id,
        u1_0.active,
        u1_0.email,
        u1_0.password 
    from
        users u1_0 
    where
        u1_0.email=?
2026-10-09T09:11:07.019+05:30 DEBUG 46205 --- [leave-management-system] [           main] org.hibernate.SQL                        : 
    insert 
    into
        audit_logs
        (action, entity_id, entity_type, ip_address, new_value, old_value, timestamp, user_id, id) 
    values
        (?, ?, ?, ?, ?, ?, ?, ?, default)
Hibernate: 
    insert 
    into
        audit_logs
        (action, entity_id, entity_type, ip_address, new_value, old_value, timestamp, user_id, id) 
    values
        (?, ?, ?, ?, ?, ?, ?, ?, default)
2026-10-09T09:11:07.020+05:30 DEBUG 46205 --- [leave-management-system] [           main] org.hibernate.SQL                        : 
    insert 
    into
        refresh_tokens
        (expires_at, revoked, token_hash, user_id, id) 
    values
        (?, ?, ?, ?, default)
Hibernate: 
    insert 
    into
        refresh_tokens
        (expires_at, revoked, token_hash, user_id, id) 
    values
        (?, ?, ?, ?, default)
2026-10-09T09:11:07.020+05:30 DEBUG 46205 --- [leave-management-system] [           main] org.hibernate.SQL                        : 
    select
        u1_0.id,
        u1_0.active,
        u1_0.email,
        u1_0.password 
    from
        users u1_0 
    where
        u1_0.email=?
Hibernate: 
    select
        u1_0.id,
        u1_0.active,
        u1_0.email,
        u1_0.password 
    from
        users u1_0 
    where
        u1_0.email=?
2026-10-09T09:11:07.020+05:30 DEBUG 46205 --- [leave-management-system] [           main] org.hibernate.SQL                        : 
    insert 
    into
        audit_logs
        (action, entity_id, entity_type, ip_address, new_value, old_value, timestamp, user_id, id) 
    values
        (?, ?, ?, ?, ?, ?, ?, ?, default)
Hibernate: 
    insert 
    into
        audit_logs
        (action, entity_id, entity_type, ip_address, new_value, old_value, timestamp, user_id, id) 
    values
        (?, ?, ?, ?, ?, ?, ?, ?, default)
2026-10-09T09:11:07.021+05:30 DEBUG 46205 --- [leave-management-system] [           main] org.hibernate.SQL                        : 
    select
        u1_0.id,
        u1_0.active,
        u1_0.email,
        u1_0.password 
    from
        users u1_0 
    where
        u1_0.email=?
Hibernate: 
    select
        u1_0.id,
        u1_0.active,
        u1_0.email,
        u1_0.password 
    from
        users u1_0 
    where
        u1_0.email=?
2026-10-09T09:11:07.021+05:30 DEBUG 46205 --- [leave-management-system] [           main] org.hibernate.SQL                        : 
    insert 
    into
        audit_logs
        (action, entity_id, entity_type, ip_address, new_value, old_value, timestamp, user_id, id) 
    values
        (?, ?, ?, ?, ?, ?, ?, ?, default)
Hibernate: 
    insert 
    into
        audit_logs
        (action, entity_id, entity_type, ip_address, new_value, old_value, timestamp, user_id, id) 
    values
        (?, ?, ?, ?, ?, ?, ?, ?, default)
2026-10-09T09:11:07.021+05:30 DEBUG 46205 --- [leave-management-system] [           main] o.s.w.s.m.m.a.HttpEntityMethodProcessor  : Using 'application/json', given [*/*] and supported [application/json, application/*+json, application/yaml]
2026-10-09T09:11:07.021+05:30 DEBUG 46205 --- [leave-management-system] [           main] o.s.w.s.m.m.a.HttpEntityMethodProcessor  : Writing [com.leave_management_system.leave_management_system.dto.AuthResponseDTO@7879f9ed]
2026-10-09T09:11:07.022+05:30 DEBUG 46205 --- [leave-management-system] [           main] s.w.s.m.m.a.RequestMappingHandlerMapping : Mapped to com.leave_management_system.leave_management_system.controller.AuthController#logoutUser(TokenRefreshRequestDTO)
2026-10-09T09:11:07.022+05:30 DEBUG 46205 --- [leave-management-system] [           main] m.m.a.RequestResponseBodyMethodProcessor : Read "application/json" to [com.leave_management_system.leave_management_system.dto.TokenRefreshRequestDTO@49f8a260]
2026-10-09T09:11:07.023+05:30 DEBUG 46205 --- [leave-management-system] [           main] org.hibernate.SQL                        : 
    select
        rt1_0.id,
        rt1_0.expires_at,
        rt1_0.revoked,
        rt1_0.token_hash,
        rt1_0.user_id 
    from
        refresh_tokens rt1_0 
    where
        rt1_0.token_hash=?
Hibernate: 
    select
        rt1_0.id,
        rt1_0.expires_at,
        rt1_0.revoked,
        rt1_0.token_hash,
        rt1_0.user_id 
    from
        refresh_tokens rt1_0 
    where
        rt1_0.token_hash=?
2026-10-09T09:11:07.024+05:30 DEBUG 46205 --- [leave-management-system] [           main] org.hibernate.SQL                        : 
    insert 
    into
        audit_logs
        (action, entity_id, entity_type, ip_address, new_value, old_value, timestamp, user_id, id) 
    values
        (?, ?, ?, ?, ?, ?, ?, ?, default)
Hibernate: 
    insert 
    into
        audit_logs
        (action, entity_id, entity_type, ip_address, new_value, old_value, timestamp, user_id, id) 
    values
        (?, ?, ?, ?, ?, ?, ?, ?, default)
2026-10-09T09:11:07.024+05:30 DEBUG 46205 --- [leave-management-system] [           main] o.s.w.s.m.m.a.HttpEntityMethodProcessor  : Using 'text/plain', given [*/*] and supported [text/plain, */*, application/json, application/*+json, application/yaml]
2026-10-09T09:11:07.024+05:30 DEBUG 46205 --- [leave-management-system] [           main] o.s.w.s.m.m.a.HttpEntityMethodProcessor  : Writing ["User logged out successfully"]
2026-10-09T09:11:07.026+05:30  INFO 46205 --- [leave-management-system] [           main] o.s.b.t.m.w.SpringBootMockServletContext : Initializing Spring TestDispatcherServlet ''
2026-10-09T09:11:07.026+05:30  INFO 46205 --- [leave-management-system] [           main] o.s.t.web.servlet.TestDispatcherServlet  : Initializing Servlet ''
2026-10-09T09:11:07.026+05:30  INFO 46205 --- [leave-management-system] [           main] o.s.t.web.servlet.TestDispatcherServlet  : Completed initialization in 0 ms
2026-10-09T09:11:07.027+05:30 DEBUG 46205 --- [leave-management-system] [           main] s.w.s.m.m.a.RequestMappingHandlerMapping : Mapped to com.leave_management_system.leave_management_system.controller.AuthController#registerUser(RegisterRequestDTO)
2026-10-09T09:11:07.027+05:30 DEBUG 46205 --- [leave-management-system] [           main] m.m.a.RequestResponseBodyMethodProcessor : Read "application/json" to [com.leave_management_system.leave_management_system.dto.RegisterRequestDTO@53a1b32f]
2026-10-09T09:11:07.027+05:30 DEBUG 46205 --- [leave-management-system] [           main] org.hibernate.SQL                        : 
    select
        u1_0.id 
    from
        users u1_0 
    where
        u1_0.email=? 
    fetch
        first ? rows only
Hibernate: 
    select
        u1_0.id 
    from
        users u1_0 
    where
        u1_0.email=? 
    fetch
        first ? rows only
2026-10-09T09:11:07.086+05:30 DEBUG 46205 --- [leave-management-system] [           main] org.hibernate.SQL                        : 
    select
        r1_0.id,
        r1_0.name 
    from
        roles r1_0 
    where
        r1_0.name=?
Hibernate: 
    select
        r1_0.id,
        r1_0.name 
    from
        roles r1_0 
    where
        r1_0.name=?
2026-10-09T09:11:07.086+05:30 DEBUG 46205 --- [leave-management-system] [           main] org.hibernate.SQL                        : 
    select
        p1_0.role_id,
        p1_1.id,
        p1_1.active,
        p1_1.description,
        p1_1.name 
    from
        role_permissions p1_0 
    join
        permissions p1_1 
            on p1_1.id=p1_0.permission_id 
    where
        p1_0.role_id=?
Hibernate: 
    select
        p1_0.role_id,
        p1_1.id,
        p1_1.active,
        p1_1.description,
        p1_1.name 
    from
        role_permissions p1_0 
    join
        permissions p1_1 
            on p1_1.id=p1_0.permission_id 
    where
        p1_0.role_id=?
2026-10-09T09:11:07.087+05:30 DEBUG 46205 --- [leave-management-system] [           main] org.hibernate.SQL                        : 
    insert 
    into
        users
        (active, email, password, id) 
    values
        (?, ?, ?, default)
Hibernate: 
    insert 
    into
        users
        (active, email, password, id) 
    values
        (?, ?, ?, default)
2026-10-09T09:11:07.087+05:30 DEBUG 46205 --- [leave-management-system] [           main] org.hibernate.SQL                        : 
    insert 
    into
        employees
        (department_id, employee_code, first_name, last_name, manager_id, phone, salary, status, user_id, id) 
    values
        (?, ?, ?, ?, ?, ?, ?, ?, ?, default)
Hibernate: 
    insert 
    into
        employees
        (department_id, employee_code, first_name, last_name, manager_id, phone, salary, status, user_id, id) 
    values
        (?, ?, ?, ?, ?, ?, ?, ?, ?, default)
2026-10-09T09:11:07.088+05:30 DEBUG 46205 --- [leave-management-system] [           main] org.hibernate.SQL                        : 
    select
        u1_0.id,
        u1_0.active,
        u1_0.email,
        u1_0.password 
    from
        users u1_0 
    where
        u1_0.email=?
Hibernate: 
    select
        u1_0.id,
        u1_0.active,
        u1_0.email,
        u1_0.password 
    from
        users u1_0 
    where
        u1_0.email=?
2026-10-09T09:11:07.145+05:30 DEBUG 46205 --- [leave-management-system] [           main] org.hibernate.SQL                        : 
    select
        u1_0.id,
        u1_0.active,
        u1_0.email,
        u1_0.password 
    from
        users u1_0 
    where
        u1_0.email=?
Hibernate: 
    select
        u1_0.id,
        u1_0.active,
        u1_0.email,
        u1_0.password 
    from
        users u1_0 
    where
        u1_0.email=?
2026-10-09T09:11:07.146+05:30 DEBUG 46205 --- [leave-management-system] [           main] org.hibernate.SQL                        : 
    insert 
    into
        audit_logs
        (action, entity_id, entity_type, ip_address, new_value, old_value, timestamp, user_id, id) 
    values
        (?, ?, ?, ?, ?, ?, ?, ?, default)
Hibernate: 
    insert 
    into
        audit_logs
        (action, entity_id, entity_type, ip_address, new_value, old_value, timestamp, user_id, id) 
    values
        (?, ?, ?, ?, ?, ?, ?, ?, default)
2026-10-09T09:11:07.146+05:30 DEBUG 46205 --- [leave-management-system] [           main] org.hibernate.SQL                        : 
    insert 
    into
        refresh_tokens
        (expires_at, revoked, token_hash, user_id, id) 
    values
        (?, ?, ?, ?, default)
Hibernate: 
    insert 
    into
        refresh_tokens
        (expires_at, revoked, token_hash, user_id, id) 
    values
        (?, ?, ?, ?, default)
2026-10-09T09:11:07.147+05:30 DEBUG 46205 --- [leave-management-system] [           main] org.hibernate.SQL                        : 
    select
        u1_0.id,
        u1_0.active,
        u1_0.email,
        u1_0.password 
    from
        users u1_0 
    where
        u1_0.email=?
Hibernate: 
    select
        u1_0.id,
        u1_0.active,
        u1_0.email,
        u1_0.password 
    from
        users u1_0 
    where
        u1_0.email=?
2026-10-09T09:11:07.147+05:30 DEBUG 46205 --- [leave-management-system] [           main] org.hibernate.SQL                        : 
    insert 
    into
        audit_logs
        (action, entity_id, entity_type, ip_address, new_value, old_value, timestamp, user_id, id) 
    values
        (?, ?, ?, ?, ?, ?, ?, ?, default)
Hibernate: 
    insert 
    into
        audit_logs
        (action, entity_id, entity_type, ip_address, new_value, old_value, timestamp, user_id, id) 
    values
        (?, ?, ?, ?, ?, ?, ?, ?, default)
2026-10-09T09:11:07.147+05:30 DEBUG 46205 --- [leave-management-system] [           main] org.hibernate.SQL                        : 
    select
        u1_0.id,
        u1_0.active,
        u1_0.email,
        u1_0.password 
    from
        users u1_0 
    where
        u1_0.email=?
Hibernate: 
    select
        u1_0.id,
        u1_0.active,
        u1_0.email,
        u1_0.password 
    from
        users u1_0 
    where
        u1_0.email=?
2026-10-09T09:11:07.147+05:30 DEBUG 46205 --- [leave-management-system] [           main] org.hibernate.SQL                        : 
    insert 
    into
        audit_logs
        (action, entity_id, entity_type, ip_address, new_value, old_value, timestamp, user_id, id) 
    values
        (?, ?, ?, ?, ?, ?, ?, ?, default)
Hibernate: 
    insert 
    into
        audit_logs
        (action, entity_id, entity_type, ip_address, new_value, old_value, timestamp, user_id, id) 
    values
        (?, ?, ?, ?, ?, ?, ?, ?, default)
2026-10-09T09:11:07.147+05:30 DEBUG 46205 --- [leave-management-system] [           main] o.s.w.s.m.m.a.HttpEntityMethodProcessor  : Using 'application/json', given [*/*] and supported [application/json, application/*+json, application/yaml]
2026-10-09T09:11:07.147+05:30 DEBUG 46205 --- [leave-management-system] [           main] o.s.w.s.m.m.a.HttpEntityMethodProcessor  : Writing [com.leave_management_system.leave_management_system.dto.AuthResponseDTO@363bd52e]
2026-10-09T09:11:07.148+05:30 DEBUG 46205 --- [leave-management-system] [           main] org.hibernate.SQL                        : 
    select
        rt1_0.id,
        rt1_0.expires_at,
        rt1_0.revoked,
        rt1_0.token_hash,
        rt1_0.user_id 
    from
        refresh_tokens rt1_0 
    where
        rt1_0.token_hash=?
Hibernate: 
    select
        rt1_0.id,
        rt1_0.expires_at,
        rt1_0.revoked,
        rt1_0.token_hash,
        rt1_0.user_id 
    from
        refresh_tokens rt1_0 
    where
        rt1_0.token_hash=?
2026-10-09T09:11:07.149+05:30 DEBUG 46205 --- [leave-management-system] [           main] s.w.s.m.m.a.RequestMappingHandlerMapping : Mapped to com.leave_management_system.leave_management_system.controller.AuthController#refreshToken(TokenRefreshRequestDTO)
2026-10-09T09:11:07.149+05:30 DEBUG 46205 --- [leave-management-system] [           main] m.m.a.RequestResponseBodyMethodProcessor : Read "application/json" to [com.leave_management_system.leave_management_system.dto.TokenRefreshRequestDTO@9c5f9f0]
2026-10-09T09:11:07.150+05:30 DEBUG 46205 --- [leave-management-system] [           main] org.hibernate.SQL                        : 
    update
        refresh_tokens 
    set
        expires_at=?,
        revoked=?,
        token_hash=?,
        user_id=? 
    where
        id=?
Hibernate: 
    update
        refresh_tokens 
    set
        expires_at=?,
        revoked=?,
        token_hash=?,
        user_id=? 
    where
        id=?
2026-10-09T09:11:07.150+05:30 DEBUG 46205 --- [leave-management-system] [           main] org.hibernate.SQL                        : 
    insert 
    into
        user_roles
        (user_id, role_id) 
    values
        (?, ?)
Hibernate: 
    insert 
    into
        user_roles
        (user_id, role_id) 
    values
        (?, ?)
2026-10-09T09:11:07.150+05:30 DEBUG 46205 --- [leave-management-system] [           main] org.hibernate.SQL                        : 
    select
        rt1_0.id,
        rt1_0.expires_at,
        rt1_0.revoked,
        rt1_0.token_hash,
        rt1_0.user_id 
    from
        refresh_tokens rt1_0 
    where
        rt1_0.token_hash=?
Hibernate: 
    select
        rt1_0.id,
        rt1_0.expires_at,
        rt1_0.revoked,
        rt1_0.token_hash,
        rt1_0.user_id 
    from
        refresh_tokens rt1_0 
    where
        rt1_0.token_hash=?
2026-10-09T09:11:07.150+05:30 DEBUG 46205 --- [leave-management-system] [           main] .m.m.a.ExceptionHandlerExceptionResolver : Using @ExceptionHandler com.leave_management_system.leave_management_system.exception.GlobalExceptionHandler#handleTokenRefreshException(TokenRefreshException)
2026-10-09T09:11:07.150+05:30 DEBUG 46205 --- [leave-management-system] [           main] o.s.w.s.m.m.a.HttpEntityMethodProcessor  : Using 'application/json', given [*/*] and supported [application/json, application/*+json, application/yaml]
2026-10-09T09:11:07.150+05:30 DEBUG 46205 --- [leave-management-system] [           main] o.s.w.s.m.m.a.HttpEntityMethodProcessor  : Writing [com.leave_management_system.leave_management_system.dto.ErrorResponseDTO@61bfcf43]
2026-10-09T09:11:07.150+05:30 DEBUG 46205 --- [leave-management-system] [           main] .m.m.a.ExceptionHandlerExceptionResolver : Resolved [com.leave_management_system.leave_management_system.exception.TokenRefreshException: Refresh token was expired or revoked. Please make a new signin request]
2026-10-09T09:11:07.152+05:30  INFO 46205 --- [leave-management-system] [           main] o.s.b.t.m.w.SpringBootMockServletContext : Initializing Spring TestDispatcherServlet ''
2026-10-09T09:11:07.152+05:30  INFO 46205 --- [leave-management-system] [           main] o.s.t.web.servlet.TestDispatcherServlet  : Initializing Servlet ''
2026-10-09T09:11:07.152+05:30  INFO 46205 --- [leave-management-system] [           main] o.s.t.web.servlet.TestDispatcherServlet  : Completed initialization in 0 ms
2026-10-09T09:11:07.153+05:30 DEBUG 46205 --- [leave-management-system] [           main] s.w.s.m.m.a.RequestMappingHandlerMapping : Mapped to com.leave_management_system.leave_management_system.controller.AuthController#registerUser(RegisterRequestDTO)
2026-10-09T09:11:07.153+05:30 DEBUG 46205 --- [leave-management-system] [           main] m.m.a.RequestResponseBodyMethodProcessor : Read "application/json" to [com.leave_management_system.leave_management_system.dto.RegisterRequestDTO@6d96ce68]
2026-10-09T09:11:07.153+05:30 DEBUG 46205 --- [leave-management-system] [           main] org.hibernate.SQL                        : 
    select
        u1_0.id 
    from
        users u1_0 
    where
        u1_0.email=? 
    fetch
        first ? rows only
Hibernate: 
    select
        u1_0.id 
    from
        users u1_0 
    where
        u1_0.email=? 
    fetch
        first ? rows only
2026-10-09T09:11:07.211+05:30 DEBUG 46205 --- [leave-management-system] [           main] org.hibernate.SQL                        : 
    select
        r1_0.id,
        r1_0.name 
    from
        roles r1_0 
    where
        r1_0.name=?
Hibernate: 
    select
        r1_0.id,
        r1_0.name 
    from
        roles r1_0 
    where
        r1_0.name=?
2026-10-09T09:11:07.211+05:30 DEBUG 46205 --- [leave-management-system] [           main] org.hibernate.SQL                        : 
    select
        p1_0.role_id,
        p1_1.id,
        p1_1.active,
        p1_1.description,
        p1_1.name 
    from
        role_permissions p1_0 
    join
        permissions p1_1 
            on p1_1.id=p1_0.permission_id 
    where
        p1_0.role_id=?
Hibernate: 
    select
        p1_0.role_id,
        p1_1.id,
        p1_1.active,
        p1_1.description,
        p1_1.name 
    from
        role_permissions p1_0 
    join
        permissions p1_1 
            on p1_1.id=p1_0.permission_id 
    where
        p1_0.role_id=?
2026-10-09T09:11:07.211+05:30 DEBUG 46205 --- [leave-management-system] [           main] org.hibernate.SQL                        : 
    insert 
    into
        users
        (active, email, password, id) 
    values
        (?, ?, ?, default)
Hibernate: 
    insert 
    into
        users
        (active, email, password, id) 
    values
        (?, ?, ?, default)
2026-10-09T09:11:07.212+05:30 DEBUG 46205 --- [leave-management-system] [           main] org.hibernate.SQL                        : 
    insert 
    into
        employees
        (department_id, employee_code, first_name, last_name, manager_id, phone, salary, status, user_id, id) 
    values
        (?, ?, ?, ?, ?, ?, ?, ?, ?, default)
Hibernate: 
    insert 
    into
        employees
        (department_id, employee_code, first_name, last_name, manager_id, phone, salary, status, user_id, id) 
    values
        (?, ?, ?, ?, ?, ?, ?, ?, ?, default)
2026-10-09T09:11:07.212+05:30 DEBUG 46205 --- [leave-management-system] [           main] org.hibernate.SQL                        : 
    select
        u1_0.id,
        u1_0.active,
        u1_0.email,
        u1_0.password 
    from
        users u1_0 
    where
        u1_0.email=?
Hibernate: 
    select
        u1_0.id,
        u1_0.active,
        u1_0.email,
        u1_0.password 
    from
        users u1_0 
    where
        u1_0.email=?
2026-10-09T09:11:07.268+05:30 DEBUG 46205 --- [leave-management-system] [           main] org.hibernate.SQL                        : 
    select
        u1_0.id,
        u1_0.active,
        u1_0.email,
        u1_0.password 
    from
        users u1_0 
    where
        u1_0.email=?
Hibernate: 
    select
        u1_0.id,
        u1_0.active,
        u1_0.email,
        u1_0.password 
    from
        users u1_0 
    where
        u1_0.email=?
2026-10-09T09:11:07.268+05:30 DEBUG 46205 --- [leave-management-system] [           main] org.hibernate.SQL                        : 
    insert 
    into
        audit_logs
        (action, entity_id, entity_type, ip_address, new_value, old_value, timestamp, user_id, id) 
    values
        (?, ?, ?, ?, ?, ?, ?, ?, default)
Hibernate: 
    insert 
    into
        audit_logs
        (action, entity_id, entity_type, ip_address, new_value, old_value, timestamp, user_id, id) 
    values
        (?, ?, ?, ?, ?, ?, ?, ?, default)
2026-10-09T09:11:07.269+05:30 DEBUG 46205 --- [leave-management-system] [           main] org.hibernate.SQL                        : 
    insert 
    into
        refresh_tokens
        (expires_at, revoked, token_hash, user_id, id) 
    values
        (?, ?, ?, ?, default)
Hibernate: 
    insert 
    into
        refresh_tokens
        (expires_at, revoked, token_hash, user_id, id) 
    values
        (?, ?, ?, ?, default)
2026-10-09T09:11:07.269+05:30 DEBUG 46205 --- [leave-management-system] [           main] org.hibernate.SQL                        : 
    select
        u1_0.id,
        u1_0.active,
        u1_0.email,
        u1_0.password 
    from
        users u1_0 
    where
        u1_0.email=?
Hibernate: 
    select
        u1_0.id,
        u1_0.active,
        u1_0.email,
        u1_0.password 
    from
        users u1_0 
    where
        u1_0.email=?
2026-10-09T09:11:07.269+05:30 DEBUG 46205 --- [leave-management-system] [           main] org.hibernate.SQL                        : 
    insert 
    into
        audit_logs
        (action, entity_id, entity_type, ip_address, new_value, old_value, timestamp, user_id, id) 
    values
        (?, ?, ?, ?, ?, ?, ?, ?, default)
Hibernate: 
    insert 
    into
        audit_logs
        (action, entity_id, entity_type, ip_address, new_value, old_value, timestamp, user_id, id) 
    values
        (?, ?, ?, ?, ?, ?, ?, ?, default)
2026-10-09T09:11:07.270+05:30 DEBUG 46205 --- [leave-management-system] [           main] org.hibernate.SQL                        : 
    select
        u1_0.id,
        u1_0.active,
        u1_0.email,
        u1_0.password 
    from
        users u1_0 
    where
        u1_0.email=?
Hibernate: 
    select
        u1_0.id,
        u1_0.active,
        u1_0.email,
        u1_0.password 
    from
        users u1_0 
    where
        u1_0.email=?
2026-10-09T09:11:07.270+05:30 DEBUG 46205 --- [leave-management-system] [           main] org.hibernate.SQL                        : 
    insert 
    into
        audit_logs
        (action, entity_id, entity_type, ip_address, new_value, old_value, timestamp, user_id, id) 
    values
        (?, ?, ?, ?, ?, ?, ?, ?, default)
Hibernate: 
    insert 
    into
        audit_logs
        (action, entity_id, entity_type, ip_address, new_value, old_value, timestamp, user_id, id) 
    values
        (?, ?, ?, ?, ?, ?, ?, ?, default)
2026-10-09T09:11:07.270+05:30 DEBUG 46205 --- [leave-management-system] [           main] o.s.w.s.m.m.a.HttpEntityMethodProcessor  : Using 'application/json', given [*/*] and supported [application/json, application/*+json, application/yaml]
2026-10-09T09:11:07.270+05:30 DEBUG 46205 --- [leave-management-system] [           main] o.s.w.s.m.m.a.HttpEntityMethodProcessor  : Writing [com.leave_management_system.leave_management_system.dto.AuthResponseDTO@56ee0cfd]
2026-10-09T09:11:07.271+05:30 DEBUG 46205 --- [leave-management-system] [           main] s.w.s.m.m.a.RequestMappingHandlerMapping : Mapped to com.leave_management_system.leave_management_system.controller.AuthController#logoutUser(TokenRefreshRequestDTO)
2026-10-09T09:11:07.271+05:30 DEBUG 46205 --- [leave-management-system] [           main] m.m.a.RequestResponseBodyMethodProcessor : Read "application/json" to [com.leave_management_system.leave_management_system.dto.TokenRefreshRequestDTO@4e1e0cd7]
2026-10-09T09:11:07.272+05:30 DEBUG 46205 --- [leave-management-system] [           main] org.hibernate.SQL                        : 
    select
        rt1_0.id,
        rt1_0.expires_at,
        rt1_0.revoked,
        rt1_0.token_hash,
        rt1_0.user_id 
    from
        refresh_tokens rt1_0 
    where
        rt1_0.token_hash=?
Hibernate: 
    select
        rt1_0.id,
        rt1_0.expires_at,
        rt1_0.revoked,
        rt1_0.token_hash,
        rt1_0.user_id 
    from
        refresh_tokens rt1_0 
    where
        rt1_0.token_hash=?
2026-10-09T09:11:07.272+05:30 DEBUG 46205 --- [leave-management-system] [           main] org.hibernate.SQL                        : 
    insert 
    into
        audit_logs
        (action, entity_id, entity_type, ip_address, new_value, old_value, timestamp, user_id, id) 
    values
        (?, ?, ?, ?, ?, ?, ?, ?, default)
Hibernate: 
    insert 
    into
        audit_logs
        (action, entity_id, entity_type, ip_address, new_value, old_value, timestamp, user_id, id) 
    values
        (?, ?, ?, ?, ?, ?, ?, ?, default)
2026-10-09T09:11:07.273+05:30 DEBUG 46205 --- [leave-management-system] [           main] o.s.w.s.m.m.a.HttpEntityMethodProcessor  : Using 'text/plain', given [*/*] and supported [text/plain, */*, application/json, application/*+json, application/yaml]
2026-10-09T09:11:07.273+05:30 DEBUG 46205 --- [leave-management-system] [           main] o.s.w.s.m.m.a.HttpEntityMethodProcessor  : Writing ["User logged out successfully"]
2026-10-09T09:11:07.273+05:30 DEBUG 46205 --- [leave-management-system] [           main] s.w.s.m.m.a.RequestMappingHandlerMapping : Mapped to com.leave_management_system.leave_management_system.controller.AuthController#refreshToken(TokenRefreshRequestDTO)
2026-10-09T09:11:07.273+05:30 DEBUG 46205 --- [leave-management-system] [           main] m.m.a.RequestResponseBodyMethodProcessor : Read "application/json" to [com.leave_management_system.leave_management_system.dto.TokenRefreshRequestDTO@36e1b827]
2026-10-09T09:11:07.273+05:30 DEBUG 46205 --- [leave-management-system] [           main] org.hibernate.SQL                        : 
    insert 
    into
        user_roles
        (user_id, role_id) 
    values
        (?, ?)
Hibernate: 
    insert 
    into
        user_roles
        (user_id, role_id) 
    values
        (?, ?)
2026-10-09T09:11:07.274+05:30 DEBUG 46205 --- [leave-management-system] [           main] org.hibernate.SQL                        : 
    delete 
    from
        refresh_tokens 
    where
        id=?
Hibernate: 
    delete 
    from
        refresh_tokens 
    where
        id=?
2026-10-09T09:11:07.276+05:30 DEBUG 46205 --- [leave-management-system] [           main] org.hibernate.SQL                        : 
    select
        rt1_0.id,
        rt1_0.expires_at,
        rt1_0.revoked,
        rt1_0.token_hash,
        rt1_0.user_id 
    from
        refresh_tokens rt1_0 
    where
        rt1_0.token_hash=?
Hibernate: 
    select
        rt1_0.id,
        rt1_0.expires_at,
        rt1_0.revoked,
        rt1_0.token_hash,
        rt1_0.user_id 
    from
        refresh_tokens rt1_0 
    where
        rt1_0.token_hash=?
2026-10-09T09:11:07.276+05:30 DEBUG 46205 --- [leave-management-system] [           main] .m.m.a.ExceptionHandlerExceptionResolver : Using @ExceptionHandler com.leave_management_system.leave_management_system.exception.GlobalExceptionHandler#handleTokenRefreshException(TokenRefreshException)
2026-10-09T09:11:07.276+05:30 DEBUG 46205 --- [leave-management-system] [           main] o.s.w.s.m.m.a.HttpEntityMethodProcessor  : Using 'application/json', given [*/*] and supported [application/json, application/*+json, application/yaml]
2026-10-09T09:11:07.276+05:30 DEBUG 46205 --- [leave-management-system] [           main] o.s.w.s.m.m.a.HttpEntityMethodProcessor  : Writing [com.leave_management_system.leave_management_system.dto.ErrorResponseDTO@2f94abcc]
2026-10-09T09:11:07.276+05:30 DEBUG 46205 --- [leave-management-system] [           main] .m.m.a.ExceptionHandlerExceptionResolver : Resolved [com.leave_management_system.leave_management_system.exception.TokenRefreshException: Refresh token is not in database!]
2026-10-09T09:11:07.278+05:30  INFO 46205 --- [leave-management-system] [           main] o.s.b.t.m.w.SpringBootMockServletContext : Initializing Spring TestDispatcherServlet ''
2026-10-09T09:11:07.278+05:30  INFO 46205 --- [leave-management-system] [           main] o.s.t.web.servlet.TestDispatcherServlet  : Initializing Servlet ''
2026-10-09T09:11:07.278+05:30  INFO 46205 --- [leave-management-system] [           main] o.s.t.web.servlet.TestDispatcherServlet  : Completed initialization in 0 ms
2026-10-09T09:11:07.279+05:30 DEBUG 46205 --- [leave-management-system] [           main] s.w.s.m.m.a.RequestMappingHandlerMapping : Mapped to com.leave_management_system.leave_management_system.controller.AuthController#registerUser(RegisterRequestDTO)
2026-10-09T09:11:07.279+05:30 DEBUG 46205 --- [leave-management-system] [           main] m.m.a.RequestResponseBodyMethodProcessor : Read "application/json" to [com.leave_management_system.leave_management_system.dto.RegisterRequestDTO@5418be12]
2026-10-09T09:11:07.279+05:30 DEBUG 46205 --- [leave-management-system] [           main] org.hibernate.SQL                        : 
    select
        u1_0.id 
    from
        users u1_0 
    where
        u1_0.email=? 
    fetch
        first ? rows only
Hibernate: 
    select
        u1_0.id 
    from
        users u1_0 
    where
        u1_0.email=? 
    fetch
        first ? rows only
2026-10-09T09:11:07.335+05:30 DEBUG 46205 --- [leave-management-system] [           main] org.hibernate.SQL                        : 
    select
        r1_0.id,
        r1_0.name 
    from
        roles r1_0 
    where
        r1_0.name=?
Hibernate: 
    select
        r1_0.id,
        r1_0.name 
    from
        roles r1_0 
    where
        r1_0.name=?
2026-10-09T09:11:07.335+05:30 DEBUG 46205 --- [leave-management-system] [           main] org.hibernate.SQL                        : 
    select
        p1_0.role_id,
        p1_1.id,
        p1_1.active,
        p1_1.description,
        p1_1.name 
    from
        role_permissions p1_0 
    join
        permissions p1_1 
            on p1_1.id=p1_0.permission_id 
    where
        p1_0.role_id=?
Hibernate: 
    select
        p1_0.role_id,
        p1_1.id,
        p1_1.active,
        p1_1.description,
        p1_1.name 
    from
        role_permissions p1_0 
    join
        permissions p1_1 
            on p1_1.id=p1_0.permission_id 
    where
        p1_0.role_id=?
2026-10-09T09:11:07.336+05:30 DEBUG 46205 --- [leave-management-system] [           main] org.hibernate.SQL                        : 
    insert 
    into
        users
        (active, email, password, id) 
    values
        (?, ?, ?, default)
Hibernate: 
    insert 
    into
        users
        (active, email, password, id) 
    values
        (?, ?, ?, default)
2026-10-09T09:11:07.336+05:30 DEBUG 46205 --- [leave-management-system] [           main] org.hibernate.SQL                        : 
    insert 
    into
        employees
        (department_id, employee_code, first_name, last_name, manager_id, phone, salary, status, user_id, id) 
    values
        (?, ?, ?, ?, ?, ?, ?, ?, ?, default)
Hibernate: 
    insert 
    into
        employees
        (department_id, employee_code, first_name, last_name, manager_id, phone, salary, status, user_id, id) 
    values
        (?, ?, ?, ?, ?, ?, ?, ?, ?, default)
2026-10-09T09:11:07.336+05:30 DEBUG 46205 --- [leave-management-system] [           main] org.hibernate.SQL                        : 
    select
        u1_0.id,
        u1_0.active,
        u1_0.email,
        u1_0.password 
    from
        users u1_0 
    where
        u1_0.email=?
Hibernate: 
    select
        u1_0.id,
        u1_0.active,
        u1_0.email,
        u1_0.password 
    from
        users u1_0 
    where
        u1_0.email=?
2026-10-09T09:11:07.392+05:30 DEBUG 46205 --- [leave-management-system] [           main] org.hibernate.SQL                        : 
    select
        u1_0.id,
        u1_0.active,
        u1_0.email,
        u1_0.password 
    from
        users u1_0 
    where
        u1_0.email=?
Hibernate: 
    select
        u1_0.id,
        u1_0.active,
        u1_0.email,
        u1_0.password 
    from
        users u1_0 
    where
        u1_0.email=?
2026-10-09T09:11:07.393+05:30 DEBUG 46205 --- [leave-management-system] [           main] org.hibernate.SQL                        : 
    insert 
    into
        audit_logs
        (action, entity_id, entity_type, ip_address, new_value, old_value, timestamp, user_id, id) 
    values
        (?, ?, ?, ?, ?, ?, ?, ?, default)
Hibernate: 
    insert 
    into
        audit_logs
        (action, entity_id, entity_type, ip_address, new_value, old_value, timestamp, user_id, id) 
    values
        (?, ?, ?, ?, ?, ?, ?, ?, default)
2026-10-09T09:11:07.394+05:30 DEBUG 46205 --- [leave-management-system] [           main] org.hibernate.SQL                        : 
    insert 
    into
        refresh_tokens
        (expires_at, revoked, token_hash, user_id, id) 
    values
        (?, ?, ?, ?, default)
Hibernate: 
    insert 
    into
        refresh_tokens
        (expires_at, revoked, token_hash, user_id, id) 
    values
        (?, ?, ?, ?, default)
2026-10-09T09:11:07.394+05:30 DEBUG 46205 --- [leave-management-system] [           main] org.hibernate.SQL                        : 
    select
        u1_0.id,
        u1_0.active,
        u1_0.email,
        u1_0.password 
    from
        users u1_0 
    where
        u1_0.email=?
Hibernate: 
    select
        u1_0.id,
        u1_0.active,
        u1_0.email,
        u1_0.password 
    from
        users u1_0 
    where
        u1_0.email=?
2026-10-09T09:11:07.394+05:30 DEBUG 46205 --- [leave-management-system] [           main] org.hibernate.SQL                        : 
    insert 
    into
        audit_logs
        (action, entity_id, entity_type, ip_address, new_value, old_value, timestamp, user_id, id) 
    values
        (?, ?, ?, ?, ?, ?, ?, ?, default)
Hibernate: 
    insert 
    into
        audit_logs
        (action, entity_id, entity_type, ip_address, new_value, old_value, timestamp, user_id, id) 
    values
        (?, ?, ?, ?, ?, ?, ?, ?, default)
2026-10-09T09:11:07.394+05:30 DEBUG 46205 --- [leave-management-system] [           main] org.hibernate.SQL                        : 
    select
        u1_0.id,
        u1_0.active,
        u1_0.email,
        u1_0.password 
    from
        users u1_0 
    where
        u1_0.email=?
Hibernate: 
    select
        u1_0.id,
        u1_0.active,
        u1_0.email,
        u1_0.password 
    from
        users u1_0 
    where
        u1_0.email=?
2026-10-09T09:11:07.394+05:30 DEBUG 46205 --- [leave-management-system] [           main] org.hibernate.SQL                        : 
    insert 
    into
        audit_logs
        (action, entity_id, entity_type, ip_address, new_value, old_value, timestamp, user_id, id) 
    values
        (?, ?, ?, ?, ?, ?, ?, ?, default)
Hibernate: 
    insert 
    into
        audit_logs
        (action, entity_id, entity_type, ip_address, new_value, old_value, timestamp, user_id, id) 
    values
        (?, ?, ?, ?, ?, ?, ?, ?, default)
2026-10-09T09:11:07.395+05:30 DEBUG 46205 --- [leave-management-system] [           main] o.s.w.s.m.m.a.HttpEntityMethodProcessor  : Using 'application/json', given [*/*] and supported [application/json, application/*+json, application/yaml]
2026-10-09T09:11:07.395+05:30 DEBUG 46205 --- [leave-management-system] [           main] o.s.w.s.m.m.a.HttpEntityMethodProcessor  : Writing [com.leave_management_system.leave_management_system.dto.AuthResponseDTO@558c3671]
2026-10-09T09:11:07.396+05:30 DEBUG 46205 --- [leave-management-system] [           main] s.w.s.m.m.a.RequestMappingHandlerMapping : Mapped to com.leave_management_system.leave_management_system.controller.AuthController#refreshToken(TokenRefreshRequestDTO)
2026-10-09T09:11:07.396+05:30 DEBUG 46205 --- [leave-management-system] [           main] m.m.a.RequestResponseBodyMethodProcessor : Read "application/json" to [com.leave_management_system.leave_management_system.dto.TokenRefreshRequestDTO@5780bed1]
2026-10-09T09:11:07.396+05:30 DEBUG 46205 --- [leave-management-system] [           main] org.hibernate.SQL                        : 
    select
        rt1_0.id,
        rt1_0.expires_at,
        rt1_0.revoked,
        rt1_0.token_hash,
        rt1_0.user_id 
    from
        refresh_tokens rt1_0 
    where
        rt1_0.token_hash=?
Hibernate: 
    select
        rt1_0.id,
        rt1_0.expires_at,
        rt1_0.revoked,
        rt1_0.token_hash,
        rt1_0.user_id 
    from
        refresh_tokens rt1_0 
    where
        rt1_0.token_hash=?
2026-10-09T09:11:07.397+05:30 DEBUG 46205 --- [leave-management-system] [           main] org.hibernate.SQL                        : 
    select
        rt1_0.id,
        rt1_0.expires_at,
        rt1_0.revoked,
        rt1_0.token_hash,
        rt1_0.user_id 
    from
        refresh_tokens rt1_0 
    where
        rt1_0.token_hash=?
Hibernate: 
    select
        rt1_0.id,
        rt1_0.expires_at,
        rt1_0.revoked,
        rt1_0.token_hash,
        rt1_0.user_id 
    from
        refresh_tokens rt1_0 
    where
        rt1_0.token_hash=?
2026-10-09T09:11:07.397+05:30 DEBUG 46205 --- [leave-management-system] [           main] org.hibernate.SQL                        : 
    insert 
    into
        refresh_tokens
        (expires_at, revoked, token_hash, user_id, id) 
    values
        (?, ?, ?, ?, default)
Hibernate: 
    insert 
    into
        refresh_tokens
        (expires_at, revoked, token_hash, user_id, id) 
    values
        (?, ?, ?, ?, default)
2026-10-09T09:11:07.397+05:30 DEBUG 46205 --- [leave-management-system] [           main] o.s.w.s.m.m.a.HttpEntityMethodProcessor  : Using 'application/json', given [*/*] and supported [application/json, application/*+json, application/yaml]
2026-10-09T09:11:07.397+05:30 DEBUG 46205 --- [leave-management-system] [           main] o.s.w.s.m.m.a.HttpEntityMethodProcessor  : Writing [com.leave_management_system.leave_management_system.dto.AuthResponseDTO@f51c595]
2026-10-09T09:11:07.398+05:30 DEBUG 46205 --- [leave-management-system] [           main] s.w.s.m.m.a.RequestMappingHandlerMapping : Mapped to com.leave_management_system.leave_management_system.controller.AuthController#refreshToken(TokenRefreshRequestDTO)
2026-10-09T09:11:07.398+05:30 DEBUG 46205 --- [leave-management-system] [           main] m.m.a.RequestResponseBodyMethodProcessor : Read "application/json" to [com.leave_management_system.leave_management_system.dto.TokenRefreshRequestDTO@4ad1b8d]
2026-10-09T09:11:07.398+05:30 DEBUG 46205 --- [leave-management-system] [           main] org.hibernate.SQL                        : 
    insert 
    into
        user_roles
        (user_id, role_id) 
    values
        (?, ?)
Hibernate: 
    insert 
    into
        user_roles
        (user_id, role_id) 
    values
        (?, ?)
2026-10-09T09:11:07.398+05:30 DEBUG 46205 --- [leave-management-system] [           main] org.hibernate.SQL                        : 
    delete 
    from
        refresh_tokens 
    where
        id=?
Hibernate: 
    delete 
    from
        refresh_tokens 
    where
        id=?
2026-10-09T09:11:07.398+05:30 DEBUG 46205 --- [leave-management-system] [           main] org.hibernate.SQL                        : 
    select
        rt1_0.id,
        rt1_0.expires_at,
        rt1_0.revoked,
        rt1_0.token_hash,
        rt1_0.user_id 
    from
        refresh_tokens rt1_0 
    where
        rt1_0.token_hash=?
Hibernate: 
    select
        rt1_0.id,
        rt1_0.expires_at,
        rt1_0.revoked,
        rt1_0.token_hash,
        rt1_0.user_id 
    from
        refresh_tokens rt1_0 
    where
        rt1_0.token_hash=?
2026-10-09T09:11:07.399+05:30 DEBUG 46205 --- [leave-management-system] [           main] .m.m.a.ExceptionHandlerExceptionResolver : Using @ExceptionHandler com.leave_management_system.leave_management_system.exception.GlobalExceptionHandler#handleTokenRefreshException(TokenRefreshException)
2026-10-09T09:11:07.399+05:30 DEBUG 46205 --- [leave-management-system] [           main] o.s.w.s.m.m.a.HttpEntityMethodProcessor  : Using 'application/json', given [*/*] and supported [application/json, application/*+json, application/yaml]
2026-10-09T09:11:07.399+05:30 DEBUG 46205 --- [leave-management-system] [           main] o.s.w.s.m.m.a.HttpEntityMethodProcessor  : Writing [com.leave_management_system.leave_management_system.dto.ErrorResponseDTO@4411aea2]
2026-10-09T09:11:07.399+05:30 DEBUG 46205 --- [leave-management-system] [           main] .m.m.a.ExceptionHandlerExceptionResolver : Resolved [com.leave_management_system.leave_management_system.exception.TokenRefreshException: Refresh token is not in database!]
2026-10-09T09:11:07.401+05:30  INFO 46205 --- [leave-management-system] [           main] o.s.b.t.m.w.SpringBootMockServletContext : Initializing Spring TestDispatcherServlet ''
2026-10-09T09:11:07.401+05:30  INFO 46205 --- [leave-management-system] [           main] o.s.t.web.servlet.TestDispatcherServlet  : Initializing Servlet ''
2026-10-09T09:11:07.401+05:30  INFO 46205 --- [leave-management-system] [           main] o.s.t.web.servlet.TestDispatcherServlet  : Completed initialization in 0 ms
2026-10-09T09:11:07.401+05:30 DEBUG 46205 --- [leave-management-system] [           main] s.w.s.m.m.a.RequestMappingHandlerMapping : Mapped to com.leave_management_system.leave_management_system.controller.AuthController#logoutUser(TokenRefreshRequestDTO)
2026-10-09T09:11:07.402+05:30 DEBUG 46205 --- [leave-management-system] [           main] m.m.a.RequestResponseBodyMethodProcessor : Read "application/json" to [com.leave_management_system.leave_management_system.dto.TokenRefreshRequestDTO@3a4d2ad]
2026-10-09T09:11:07.402+05:30 DEBUG 46205 --- [leave-management-system] [           main] org.hibernate.SQL                        : 
    select
        rt1_0.id,
        rt1_0.expires_at,
        rt1_0.revoked,
        rt1_0.token_hash,
        rt1_0.user_id 
    from
        refresh_tokens rt1_0 
    where
        rt1_0.token_hash=?
Hibernate: 
    select
        rt1_0.id,
        rt1_0.expires_at,
        rt1_0.revoked,
        rt1_0.token_hash,
        rt1_0.user_id 
    from
        refresh_tokens rt1_0 
    where
        rt1_0.token_hash=?
2026-10-09T09:11:07.402+05:30 DEBUG 46205 --- [leave-management-system] [           main] org.hibernate.SQL                        : 
    insert 
    into
        audit_logs
        (action, entity_id, entity_type, ip_address, new_value, old_value, timestamp, user_id, id) 
    values
        (?, ?, ?, ?, ?, ?, ?, ?, default)
Hibernate: 
    insert 
    into
        audit_logs
        (action, entity_id, entity_type, ip_address, new_value, old_value, timestamp, user_id, id) 
    values
        (?, ?, ?, ?, ?, ?, ?, ?, default)
2026-10-09T09:11:07.403+05:30 DEBUG 46205 --- [leave-management-system] [           main] o.s.w.s.m.m.a.HttpEntityMethodProcessor  : Using 'text/plain', given [*/*] and supported [text/plain, */*, application/json, application/*+json, application/yaml]
2026-10-09T09:11:07.403+05:30 DEBUG 46205 --- [leave-management-system] [           main] o.s.w.s.m.m.a.HttpEntityMethodProcessor  : Writing ["User logged out successfully"]
2026-10-09T09:11:07.404+05:30  INFO 46205 --- [leave-management-system] [           main] t.c.s.AnnotationConfigContextLoaderUtils : Could not detect default configuration classes for test class [com.leave_management_system.leave_management_system.controller.DepartmentControllerIntegrationTest]: DepartmentControllerIntegrationTest does not declare any static, non-private, non-final, nested classes annotated with @Configuration.
2026-10-09T09:11:07.404+05:30 DEBUG 46205 --- [leave-management-system] [           main] .b.t.c.SpringBootTestContextBootstrapper : Using ContextCustomizerFactory implementations for test class [DepartmentControllerIntegrationTest]: [SpringBootTestRandomPortContextCustomizerFactory, ImportsContextCustomizerFactory, PropertyMappingContextCustomizerFactory, ExcludeFilterContextCustomizerFactory, TypeExcludeFiltersContextCustomizerFactory, DisableReactorResourceFactoryGlobalResourcesContextCustomizerFactory, DuplicateJsonObjectContextCustomizerFactory, OnFailureConditionReportContextCustomizerFactory, OverrideAutoConfigurationContextCustomizerFactory, BeanOverrideContextCustomizerFactory, MockServerContainerContextCustomizerFactory, DynamicPropertiesContextCustomizerFactory]
2026-10-09T09:11:07.404+05:30 DEBUG 46205 --- [leave-management-system] [           main] .b.t.c.SpringBootTestContextBootstrapper : Using ContextCustomizers for test class [DepartmentControllerIntegrationTest]: [SpringBootTestRandomPortContextCustomizer, PropertyMappingContextCustomizer, ExcludeFilterContextCustomizer, DuplicateJsonObjectContextCustomizer, OnFailureConditionReportContextCustomizer, DynamicPropertiesContextCustomizer]
2026-10-09T09:11:07.405+05:30  INFO 46205 --- [leave-management-system] [           main] .b.t.c.SpringBootTestContextBootstrapper : Found @SpringBootConfiguration com.leave_management_system.leave_management_system.LeaveManagementSystemApplication for test class com.leave_management_system.leave_management_system.controller.DepartmentControllerIntegrationTest
2026-10-09T09:11:07.405+05:30  INFO 46205 --- [leave-management-system] [           main] t.c.s.AnnotationConfigContextLoaderUtils : Could not detect default configuration classes for test class [com.leave_management_system.leave_management_system.controller.DepartmentControllerIntegrationTest]: DepartmentControllerIntegrationTest does not declare any static, non-private, non-final, nested classes annotated with @Configuration.
2026-10-09T09:11:07.405+05:30 DEBUG 46205 --- [leave-management-system] [           main] .b.t.c.SpringBootTestContextBootstrapper : Using ContextCustomizerFactory implementations for test class [DepartmentControllerIntegrationTest]: [SpringBootTestRandomPortContextCustomizerFactory, ImportsContextCustomizerFactory, PropertyMappingContextCustomizerFactory, ExcludeFilterContextCustomizerFactory, TypeExcludeFiltersContextCustomizerFactory, DisableReactorResourceFactoryGlobalResourcesContextCustomizerFactory, DuplicateJsonObjectContextCustomizerFactory, OnFailureConditionReportContextCustomizerFactory, OverrideAutoConfigurationContextCustomizerFactory, BeanOverrideContextCustomizerFactory, MockServerContainerContextCustomizerFactory, DynamicPropertiesContextCustomizerFactory]
2026-10-09T09:11:07.405+05:30 DEBUG 46205 --- [leave-management-system] [           main] .b.t.c.SpringBootTestContextBootstrapper : Using ContextCustomizers for test class [DepartmentControllerIntegrationTest]: [SpringBootTestRandomPortContextCustomizer, PropertyMappingContextCustomizer, ExcludeFilterContextCustomizer, DuplicateJsonObjectContextCustomizer, OnFailureConditionReportContextCustomizer, DynamicPropertiesContextCustomizer]
2026-10-09T09:11:07.405+05:30  INFO 46205 --- [leave-management-system] [           main] .b.t.c.SpringBootTestContextBootstrapper : Found @SpringBootConfiguration com.leave_management_system.leave_management_system.LeaveManagementSystemApplication for test class com.leave_management_system.leave_management_system.controller.DepartmentControllerIntegrationTest
2026-10-09T09:11:07.405+05:30 DEBUG 46205 --- [leave-management-system] [           main] .b.t.c.SpringBootTestContextBootstrapper : Neither @ContextConfiguration nor @ContextHierarchy found for test class [DepartmentControllerIntegrationTest]: using SpringBootContextLoader
2026-10-09T09:11:07.405+05:30 DEBUG 46205 --- [leave-management-system] [           main] .b.t.c.SpringBootTestContextBootstrapper : Using TestExecutionListeners for test class [DepartmentControllerIntegrationTest]: [ServletTestExecutionListener, DirtiesContextBeforeModesTestExecutionListener, ApplicationEventsTestExecutionListener, BeanOverrideTestExecutionListener, DependencyInjectionTestExecutionListener, DirtiesContextTestExecutionListener, CommonCachesTestExecutionListener, TransactionalTestExecutionListener, SqlScriptsTestExecutionListener, EventPublishingTestExecutionListener, WithSecurityContextTestExecutionListener, ReactorContextTestExecutionListener, MockitoResetTestExecutionListener]
2026-10-09T09:11:07.406+05:30  INFO 46205 --- [leave-management-system] [           main] o.s.b.t.m.w.SpringBootMockServletContext : Initializing Spring TestDispatcherServlet ''
2026-10-09T09:11:07.406+05:30  INFO 46205 --- [leave-management-system] [           main] o.s.t.web.servlet.TestDispatcherServlet  : Initializing Servlet ''
2026-10-09T09:11:07.407+05:30  INFO 46205 --- [leave-management-system] [           main] o.s.t.web.servlet.TestDispatcherServlet  : Completed initialization in 1 ms
2026-10-09T09:11:07.407+05:30 DEBUG 46205 --- [leave-management-system] [           main] s.w.s.m.m.a.RequestMappingHandlerMapping : Mapped to com.leave_management_system.leave_management_system.controller.DepartmentController#getDepartmentById(Long)
2026-10-09T09:11:07.409+05:30 DEBUG 46205 --- [leave-management-system] [           main] org.hibernate.SQL                        : 
    select
        d1_0.id,
        d1_0.manager_id,
        d1_0.name 
    from
        departments d1_0 
    where
        d1_0.id=?
Hibernate: 
    select
        d1_0.id,
        d1_0.manager_id,
        d1_0.name 
    from
        departments d1_0 
    where
        d1_0.id=?
2026-10-09T09:11:07.410+05:30 DEBUG 46205 --- [leave-management-system] [           main] .m.m.a.ExceptionHandlerExceptionResolver : Using @ExceptionHandler com.leave_management_system.leave_management_system.exception.GlobalExceptionHandler#handleResourceNotFound(ResourceNotFoundException)
2026-10-09T09:11:07.410+05:30 DEBUG 46205 --- [leave-management-system] [           main] o.s.w.s.m.m.a.HttpEntityMethodProcessor  : Using 'application/json', given [*/*] and supported [application/json, application/*+json, application/yaml]
2026-10-09T09:11:07.410+05:30 DEBUG 46205 --- [leave-management-system] [           main] o.s.w.s.m.m.a.HttpEntityMethodProcessor  : Writing [com.leave_management_system.leave_management_system.dto.ErrorResponseDTO@4f1f313f]
2026-10-09T09:11:07.410+05:30 DEBUG 46205 --- [leave-management-system] [           main] .m.m.a.ExceptionHandlerExceptionResolver : Resolved [com.leave_management_system.leave_management_system.exception.ResourceNotFoundException: Department not found with id: 99999]
2026-10-09T09:11:07.412+05:30  INFO 46205 --- [leave-management-system] [           main] o.s.b.t.m.w.SpringBootMockServletContext : Initializing Spring TestDispatcherServlet ''
2026-10-09T09:11:07.412+05:30  INFO 46205 --- [leave-management-system] [           main] o.s.t.web.servlet.TestDispatcherServlet  : Initializing Servlet ''
2026-10-09T09:11:07.412+05:30  INFO 46205 --- [leave-management-system] [           main] o.s.t.web.servlet.TestDispatcherServlet  : Completed initialization in 0 ms
2026-10-09T09:11:07.413+05:30 DEBUG 46205 --- [leave-management-system] [           main] s.w.s.m.m.a.RequestMappingHandlerMapping : Mapped to com.leave_management_system.leave_management_system.controller.DepartmentController#createDepartment(DepartmentRequestDTO)
2026-10-09T09:11:07.413+05:30 DEBUG 46205 --- [leave-management-system] [           main] m.m.a.RequestResponseBodyMethodProcessor : Read "application/json" to [com.leave_management_system.leave_management_system.dto.DepartmentRequestDTO@59c618a9]
2026-10-09T09:11:07.414+05:30 DEBUG 46205 --- [leave-management-system] [           main] org.hibernate.SQL                        : 
    select
        d1_0.id 
    from
        departments d1_0 
    where
        d1_0.name=? 
    fetch
        first ? rows only
Hibernate: 
    select
        d1_0.id 
    from
        departments d1_0 
    where
        d1_0.name=? 
    fetch
        first ? rows only
2026-10-09T09:11:07.414+05:30 DEBUG 46205 --- [leave-management-system] [           main] org.hibernate.SQL                        : 
    insert 
    into
        departments
        (manager_id, name, id) 
    values
        (?, ?, default)
Hibernate: 
    insert 
    into
        departments
        (manager_id, name, id) 
    values
        (?, ?, default)
2026-10-09T09:11:07.414+05:30 DEBUG 46205 --- [leave-management-system] [           main] m.m.a.RequestResponseBodyMethodProcessor : Using 'application/json', given [*/*] and supported [application/json, application/*+json, application/yaml]
2026-10-09T09:11:07.414+05:30 DEBUG 46205 --- [leave-management-system] [           main] m.m.a.RequestResponseBodyMethodProcessor : Writing [com.leave_management_system.leave_management_system.dto.DepartmentResponseDTO@2593a9a4]
2026-10-09T09:11:07.416+05:30  INFO 46205 --- [leave-management-system] [           main] o.s.b.t.m.w.SpringBootMockServletContext : Initializing Spring TestDispatcherServlet ''
2026-10-09T09:11:07.416+05:30  INFO 46205 --- [leave-management-system] [           main] o.s.t.web.servlet.TestDispatcherServlet  : Initializing Servlet ''
2026-10-09T09:11:07.417+05:30  INFO 46205 --- [leave-management-system] [           main] o.s.t.web.servlet.TestDispatcherServlet  : Completed initialization in 1 ms
2026-10-09T09:11:07.417+05:30 DEBUG 46205 --- [leave-management-system] [           main] s.w.s.m.m.a.RequestMappingHandlerMapping : Mapped to com.leave_management_system.leave_management_system.controller.DepartmentController#createDepartment(DepartmentRequestDTO)
2026-10-09T09:11:07.417+05:30 DEBUG 46205 --- [leave-management-system] [           main] m.m.a.RequestResponseBodyMethodProcessor : Read "application/json" to [com.leave_management_system.leave_management_system.dto.DepartmentRequestDTO@2a7235ef]
2026-10-09T09:11:07.418+05:30 DEBUG 46205 --- [leave-management-system] [           main] org.hibernate.SQL                        : 
    select
        d1_0.id 
    from
        departments d1_0 
    where
        d1_0.name=? 
    fetch
        first ? rows only
Hibernate: 
    select
        d1_0.id 
    from
        departments d1_0 
    where
        d1_0.name=? 
    fetch
        first ? rows only
2026-10-09T09:11:07.418+05:30 DEBUG 46205 --- [leave-management-system] [           main] org.hibernate.SQL                        : 
    insert 
    into
        departments
        (manager_id, name, id) 
    values
        (?, ?, default)
Hibernate: 
    insert 
    into
        departments
        (manager_id, name, id) 
    values
        (?, ?, default)
2026-10-09T09:11:07.418+05:30 DEBUG 46205 --- [leave-management-system] [           main] m.m.a.RequestResponseBodyMethodProcessor : Using 'application/json', given [*/*] and supported [application/json, application/*+json, application/yaml]
2026-10-09T09:11:07.418+05:30 DEBUG 46205 --- [leave-management-system] [           main] m.m.a.RequestResponseBodyMethodProcessor : Writing [com.leave_management_system.leave_management_system.dto.DepartmentResponseDTO@11444634]
2026-10-09T09:11:07.418+05:30 DEBUG 46205 --- [leave-management-system] [           main] s.w.s.m.m.a.RequestMappingHandlerMapping : Mapped to com.leave_management_system.leave_management_system.controller.DepartmentController#createDepartment(DepartmentRequestDTO)
2026-10-09T09:11:07.418+05:30 DEBUG 46205 --- [leave-management-system] [           main] m.m.a.RequestResponseBodyMethodProcessor : Read "application/json" to [com.leave_management_system.leave_management_system.dto.DepartmentRequestDTO@2065346c]
2026-10-09T09:11:07.419+05:30 DEBUG 46205 --- [leave-management-system] [           main] org.hibernate.SQL                        : 
    select
        d1_0.id 
    from
        departments d1_0 
    where
        d1_0.name=? 
    fetch
        first ? rows only
Hibernate: 
    select
        d1_0.id 
    from
        departments d1_0 
    where
        d1_0.name=? 
    fetch
        first ? rows only
2026-10-09T09:11:07.419+05:30 DEBUG 46205 --- [leave-management-system] [           main] .m.m.a.ExceptionHandlerExceptionResolver : Using @ExceptionHandler com.leave_management_system.leave_management_system.exception.GlobalExceptionHandler#handleDuplicateResourceException(DuplicateResourceException)
2026-10-09T09:11:07.419+05:30 DEBUG 46205 --- [leave-management-system] [           main] o.s.w.s.m.m.a.HttpEntityMethodProcessor  : Using 'application/json', given [*/*] and supported [application/json, application/*+json, application/yaml]
2026-10-09T09:11:07.419+05:30 DEBUG 46205 --- [leave-management-system] [           main] o.s.w.s.m.m.a.HttpEntityMethodProcessor  : Writing [com.leave_management_system.leave_management_system.dto.ErrorResponseDTO@1b03b0c2]
2026-10-09T09:11:07.419+05:30 DEBUG 46205 --- [leave-management-system] [           main] .m.m.a.ExceptionHandlerExceptionResolver : Resolved [com.leave_management_system.leave_management_system.exception.DuplicateResourceException: Department already exists]
2026-10-09T09:11:07.718+05:30  INFO 46205 --- [leave-management-system] [           main] t.c.s.AnnotationConfigContextLoaderUtils : Could not detect default configuration classes for test class [com.leave_management_system.leave_management_system.service.LeaveRequestServiceConcurrencyIntegrationTest]: LeaveRequestServiceConcurrencyIntegrationTest does not declare any static, non-private, non-final, nested classes annotated with @Configuration.
2026-10-09T09:11:07.718+05:30 DEBUG 46205 --- [leave-management-system] [           main] .b.t.c.SpringBootTestContextBootstrapper : Using ContextCustomizerFactory implementations for test class [LeaveRequestServiceConcurrencyIntegrationTest]: [SpringBootTestRandomPortContextCustomizerFactory, ImportsContextCustomizerFactory, PropertyMappingContextCustomizerFactory, ExcludeFilterContextCustomizerFactory, TypeExcludeFiltersContextCustomizerFactory, DisableReactorResourceFactoryGlobalResourcesContextCustomizerFactory, DuplicateJsonObjectContextCustomizerFactory, OnFailureConditionReportContextCustomizerFactory, OverrideAutoConfigurationContextCustomizerFactory, BeanOverrideContextCustomizerFactory, MockServerContainerContextCustomizerFactory, DynamicPropertiesContextCustomizerFactory]
2026-10-09T09:11:07.718+05:30 DEBUG 46205 --- [leave-management-system] [           main] .b.t.c.SpringBootTestContextBootstrapper : Using ContextCustomizers for test class [LeaveRequestServiceConcurrencyIntegrationTest]: [SpringBootTestRandomPortContextCustomizer, PropertyMappingContextCustomizer, ExcludeFilterContextCustomizer, DuplicateJsonObjectContextCustomizer, OnFailureConditionReportContextCustomizer, DynamicPropertiesContextCustomizer]
2026-10-09T09:11:07.723+05:30  INFO 46205 --- [leave-management-system] [           main] .b.t.c.SpringBootTestContextBootstrapper : Found @SpringBootConfiguration com.leave_management_system.leave_management_system.LeaveManagementSystemApplication for test class com.leave_management_system.leave_management_system.service.LeaveRequestServiceConcurrencyIntegrationTest
2026-10-09T09:11:07.723+05:30  INFO 46205 --- [leave-management-system] [           main] t.c.s.AnnotationConfigContextLoaderUtils : Could not detect default configuration classes for test class [com.leave_management_system.leave_management_system.service.LeaveRequestServiceConcurrencyIntegrationTest]: LeaveRequestServiceConcurrencyIntegrationTest does not declare any static, non-private, non-final, nested classes annotated with @Configuration.
2026-10-09T09:11:07.723+05:30 DEBUG 46205 --- [leave-management-system] [           main] .b.t.c.SpringBootTestContextBootstrapper : Using ContextCustomizerFactory implementations for test class [LeaveRequestServiceConcurrencyIntegrationTest]: [SpringBootTestRandomPortContextCustomizerFactory, ImportsContextCustomizerFactory, PropertyMappingContextCustomizerFactory, ExcludeFilterContextCustomizerFactory, TypeExcludeFiltersContextCustomizerFactory, DisableReactorResourceFactoryGlobalResourcesContextCustomizerFactory, DuplicateJsonObjectContextCustomizerFactory, OnFailureConditionReportContextCustomizerFactory, OverrideAutoConfigurationContextCustomizerFactory, BeanOverrideContextCustomizerFactory, MockServerContainerContextCustomizerFactory, DynamicPropertiesContextCustomizerFactory]
2026-10-09T09:11:07.723+05:30 DEBUG 46205 --- [leave-management-system] [           main] .b.t.c.SpringBootTestContextBootstrapper : Using ContextCustomizers for test class [LeaveRequestServiceConcurrencyIntegrationTest]: [SpringBootTestRandomPortContextCustomizer, PropertyMappingContextCustomizer, ExcludeFilterContextCustomizer, DuplicateJsonObjectContextCustomizer, OnFailureConditionReportContextCustomizer, DynamicPropertiesContextCustomizer]
2026-10-09T09:11:07.723+05:30  INFO 46205 --- [leave-management-system] [           main] .b.t.c.SpringBootTestContextBootstrapper : Found @SpringBootConfiguration com.leave_management_system.leave_management_system.LeaveManagementSystemApplication for test class com.leave_management_system.leave_management_system.service.LeaveRequestServiceConcurrencyIntegrationTest
2026-10-09T09:11:07.723+05:30 DEBUG 46205 --- [leave-management-system] [           main] .b.t.c.SpringBootTestContextBootstrapper : Neither @ContextConfiguration nor @ContextHierarchy found for test class [LeaveRequestServiceConcurrencyIntegrationTest]: using SpringBootContextLoader
2026-10-09T09:11:07.724+05:30 DEBUG 46205 --- [leave-management-system] [           main] .b.t.c.SpringBootTestContextBootstrapper : Using TestExecutionListeners for test class [LeaveRequestServiceConcurrencyIntegrationTest]: [ServletTestExecutionListener, DirtiesContextBeforeModesTestExecutionListener, ApplicationEventsTestExecutionListener, BeanOverrideTestExecutionListener, DependencyInjectionTestExecutionListener, DirtiesContextTestExecutionListener, CommonCachesTestExecutionListener, TransactionalTestExecutionListener, SqlScriptsTestExecutionListener, EventPublishingTestExecutionListener, WithSecurityContextTestExecutionListener, ReactorContextTestExecutionListener, MockitoResetTestExecutionListener]
2026-10-09T09:11:07.726+05:30 DEBUG 46205 --- [leave-management-system] [           main] org.hibernate.SQL                        : 
    select
        lr1_0.id,
        lr1_0.applied_at,
        lr1_0.employee_id,
        lr1_0.end_date,
        lr1_0.leave_type_id,
        lr1_0.reason,
        lr1_0.rejection_reason,
        lr1_0.start_date,
        lr1_0.status,
        lr1_0.version 
    from
        leave_requests lr1_0
Hibernate: 
    select
        lr1_0.id,
        lr1_0.applied_at,
        lr1_0.employee_id,
        lr1_0.end_date,
        lr1_0.leave_type_id,
        lr1_0.reason,
        lr1_0.rejection_reason,
        lr1_0.start_date,
        lr1_0.status,
        lr1_0.version 
    from
        leave_requests lr1_0
2026-10-09T09:11:07.726+05:30 DEBUG 46205 --- [leave-management-system] [           main] org.hibernate.SQL                        : 
    select
        lb1_0.id,
        lb1_0.available,
        lb1_0.employee_id,
        lb1_0.leave_type_id,
        lb1_0.total,
        lb1_0.used,
        lb1_0.version,
        lb1_0.year 
    from
        leave_balances lb1_0
Hibernate: 
    select
        lb1_0.id,
        lb1_0.available,
        lb1_0.employee_id,
        lb1_0.leave_type_id,
        lb1_0.total,
        lb1_0.used,
        lb1_0.version,
        lb1_0.year 
    from
        leave_balances lb1_0
2026-10-09T09:11:07.727+05:30 DEBUG 46205 --- [leave-management-system] [           main] org.hibernate.SQL                        : 
    select
        e1_0.id,
        e1_0.department_id,
        e1_0.employee_code,
        e1_0.first_name,
        e1_0.last_name,
        e1_0.manager_id,
        e1_0.phone,
        e1_0.salary,
        e1_0.status,
        e1_0.user_id 
    from
        employees e1_0
Hibernate: 
    select
        e1_0.id,
        e1_0.department_id,
        e1_0.employee_code,
        e1_0.first_name,
        e1_0.last_name,
        e1_0.manager_id,
        e1_0.phone,
        e1_0.salary,
        e1_0.status,
        e1_0.user_id 
    from
        employees e1_0
2026-10-09T09:11:07.727+05:30 DEBUG 46205 --- [leave-management-system] [           main] org.hibernate.SQL                        : 
    select
        lt1_0.id,
        lt1_0.active,
        lt1_0.default_days,
        lt1_0.description,
        lt1_0.name 
    from
        leave_types lt1_0
Hibernate: 
    select
        lt1_0.id,
        lt1_0.active,
        lt1_0.default_days,
        lt1_0.description,
        lt1_0.name 
    from
        leave_types lt1_0
2026-10-09T09:11:07.728+05:30 DEBUG 46205 --- [leave-management-system] [           main] org.hibernate.SQL                        : 
    select
        al1_0.id,
        al1_0.action,
        al1_0.entity_id,
        al1_0.entity_type,
        al1_0.ip_address,
        al1_0.new_value,
        al1_0.old_value,
        al1_0.timestamp,
        al1_0.user_id 
    from
        audit_logs al1_0
Hibernate: 
    select
        al1_0.id,
        al1_0.action,
        al1_0.entity_id,
        al1_0.entity_type,
        al1_0.ip_address,
        al1_0.new_value,
        al1_0.old_value,
        al1_0.timestamp,
        al1_0.user_id 
    from
        audit_logs al1_0
2026-10-09T09:11:07.729+05:30 DEBUG 46205 --- [leave-management-system] [           main] org.hibernate.SQL                        : 
    delete 
    from
        audit_logs 
    where
        id=?
Hibernate: 
    delete 
    from
        audit_logs 
    where
        id=?
2026-10-09T09:11:07.730+05:30 DEBUG 46205 --- [leave-management-system] [           main] org.hibernate.SQL                        : 
    delete 
    from
        audit_logs 
    where
        id=?
Hibernate: 
    delete 
    from
        audit_logs 
    where
        id=?
2026-10-09T09:11:07.730+05:30 DEBUG 46205 --- [leave-management-system] [           main] org.hibernate.SQL                        : 
    delete 
    from
        audit_logs 
    where
        id=?
Hibernate: 
    delete 
    from
        audit_logs 
    where
        id=?
2026-10-09T09:11:07.730+05:30 DEBUG 46205 --- [leave-management-system] [           main] org.hibernate.SQL                        : 
    delete 
    from
        audit_logs 
    where
        id=?
Hibernate: 
    delete 
    from
        audit_logs 
    where
        id=?
2026-10-09T09:11:07.730+05:30 DEBUG 46205 --- [leave-management-system] [           main] org.hibernate.SQL                        : 
    delete 
    from
        audit_logs 
    where
        id=?
Hibernate: 
    delete 
    from
        audit_logs 
    where
        id=?
2026-10-09T09:11:07.730+05:30 DEBUG 46205 --- [leave-management-system] [           main] org.hibernate.SQL                        : 
    delete 
    from
        audit_logs 
    where
        id=?
Hibernate: 
    delete 
    from
        audit_logs 
    where
        id=?
2026-10-09T09:11:07.730+05:30 DEBUG 46205 --- [leave-management-system] [           main] org.hibernate.SQL                        : 
    delete 
    from
        audit_logs 
    where
        id=?
Hibernate: 
    delete 
    from
        audit_logs 
    where
        id=?
2026-10-09T09:11:07.730+05:30 DEBUG 46205 --- [leave-management-system] [           main] org.hibernate.SQL                        : 
    delete 
    from
        audit_logs 
    where
        id=?
Hibernate: 
    delete 
    from
        audit_logs 
    where
        id=?
2026-10-09T09:11:07.730+05:30 DEBUG 46205 --- [leave-management-system] [           main] org.hibernate.SQL                        : 
    delete 
    from
        audit_logs 
    where
        id=?
Hibernate: 
    delete 
    from
        audit_logs 
    where
        id=?
2026-10-09T09:11:07.730+05:30 DEBUG 46205 --- [leave-management-system] [           main] org.hibernate.SQL                        : 
    delete 
    from
        audit_logs 
    where
        id=?
Hibernate: 
    delete 
    from
        audit_logs 
    where
        id=?
2026-10-09T09:11:07.730+05:30 DEBUG 46205 --- [leave-management-system] [           main] org.hibernate.SQL                        : 
    delete 
    from
        audit_logs 
    where
        id=?
Hibernate: 
    delete 
    from
        audit_logs 
    where
        id=?
2026-10-09T09:11:07.730+05:30 DEBUG 46205 --- [leave-management-system] [           main] org.hibernate.SQL                        : 
    delete 
    from
        audit_logs 
    where
        id=?
Hibernate: 
    delete 
    from
        audit_logs 
    where
        id=?
2026-10-09T09:11:07.730+05:30 DEBUG 46205 --- [leave-management-system] [           main] org.hibernate.SQL                        : 
    delete 
    from
        audit_logs 
    where
        id=?
Hibernate: 
    delete 
    from
        audit_logs 
    where
        id=?
2026-10-09T09:11:07.730+05:30 DEBUG 46205 --- [leave-management-system] [           main] org.hibernate.SQL                        : 
    delete 
    from
        audit_logs 
    where
        id=?
Hibernate: 
    delete 
    from
        audit_logs 
    where
        id=?
2026-10-09T09:11:07.730+05:30 DEBUG 46205 --- [leave-management-system] [           main] org.hibernate.SQL                        : 
    delete 
    from
        audit_logs 
    where
        id=?
Hibernate: 
    delete 
    from
        audit_logs 
    where
        id=?
2026-10-09T09:11:07.730+05:30 DEBUG 46205 --- [leave-management-system] [           main] org.hibernate.SQL                        : 
    delete 
    from
        audit_logs 
    where
        id=?
Hibernate: 
    delete 
    from
        audit_logs 
    where
        id=?
2026-10-09T09:11:07.731+05:30 DEBUG 46205 --- [leave-management-system] [           main] org.hibernate.SQL                        : 
    delete 
    from
        audit_logs 
    where
        id=?
Hibernate: 
    delete 
    from
        audit_logs 
    where
        id=?
2026-10-09T09:11:07.731+05:30 DEBUG 46205 --- [leave-management-system] [           main] org.hibernate.SQL                        : 
    delete 
    from
        audit_logs 
    where
        id=?
Hibernate: 
    delete 
    from
        audit_logs 
    where
        id=?
2026-10-09T09:11:07.731+05:30 DEBUG 46205 --- [leave-management-system] [           main] org.hibernate.SQL                        : 
    delete 
    from
        audit_logs 
    where
        id=?
Hibernate: 
    delete 
    from
        audit_logs 
    where
        id=?
2026-10-09T09:11:07.731+05:30 DEBUG 46205 --- [leave-management-system] [           main] org.hibernate.SQL                        : 
    delete 
    from
        audit_logs 
    where
        id=?
Hibernate: 
    delete 
    from
        audit_logs 
    where
        id=?
2026-10-09T09:11:07.731+05:30 DEBUG 46205 --- [leave-management-system] [           main] org.hibernate.SQL                        : 
    delete 
    from
        audit_logs 
    where
        id=?
Hibernate: 
    delete 
    from
        audit_logs 
    where
        id=?
2026-10-09T09:11:07.731+05:30 DEBUG 46205 --- [leave-management-system] [           main] org.hibernate.SQL                        : 
    delete 
    from
        audit_logs 
    where
        id=?
Hibernate: 
    delete 
    from
        audit_logs 
    where
        id=?
2026-10-09T09:11:07.731+05:30 DEBUG 46205 --- [leave-management-system] [           main] org.hibernate.SQL                        : 
    delete 
    from
        audit_logs 
    where
        id=?
Hibernate: 
    delete 
    from
        audit_logs 
    where
        id=?
2026-10-09T09:11:07.731+05:30 DEBUG 46205 --- [leave-management-system] [           main] org.hibernate.SQL                        : 
    delete 
    from
        audit_logs 
    where
        id=?
Hibernate: 
    delete 
    from
        audit_logs 
    where
        id=?
2026-10-09T09:11:07.731+05:30 DEBUG 46205 --- [leave-management-system] [           main] org.hibernate.SQL                        : 
    delete 
    from
        audit_logs 
    where
        id=?
Hibernate: 
    delete 
    from
        audit_logs 
    where
        id=?
2026-10-09T09:11:07.731+05:30 DEBUG 46205 --- [leave-management-system] [           main] org.hibernate.SQL                        : 
    delete 
    from
        audit_logs 
    where
        id=?
Hibernate: 
    delete 
    from
        audit_logs 
    where
        id=?
2026-10-09T09:11:07.731+05:30 DEBUG 46205 --- [leave-management-system] [           main] org.hibernate.SQL                        : 
    delete 
    from
        audit_logs 
    where
        id=?
Hibernate: 
    delete 
    from
        audit_logs 
    where
        id=?
2026-10-09T09:11:07.731+05:30 DEBUG 46205 --- [leave-management-system] [           main] org.hibernate.SQL                        : 
    delete 
    from
        audit_logs 
    where
        id=?
Hibernate: 
    delete 
    from
        audit_logs 
    where
        id=?
2026-10-09T09:11:07.731+05:30 DEBUG 46205 --- [leave-management-system] [           main] org.hibernate.SQL                        : 
    delete 
    from
        audit_logs 
    where
        id=?
Hibernate: 
    delete 
    from
        audit_logs 
    where
        id=?
2026-10-09T09:11:07.731+05:30 DEBUG 46205 --- [leave-management-system] [           main] org.hibernate.SQL                        : 
    delete 
    from
        audit_logs 
    where
        id=?
Hibernate: 
    delete 
    from
        audit_logs 
    where
        id=?
2026-10-09T09:11:07.731+05:30 DEBUG 46205 --- [leave-management-system] [           main] org.hibernate.SQL                        : 
    delete 
    from
        audit_logs 
    where
        id=?
Hibernate: 
    delete 
    from
        audit_logs 
    where
        id=?
2026-10-09T09:11:07.732+05:30 DEBUG 46205 --- [leave-management-system] [           main] org.hibernate.SQL                        : 
    select
        u1_0.id,
        u1_0.active,
        u1_0.email,
        u1_0.password 
    from
        users u1_0
Hibernate: 
    select
        u1_0.id,
        u1_0.active,
        u1_0.email,
        u1_0.password 
    from
        users u1_0
2026-10-09T09:11:07.732+05:30 DEBUG 46205 --- [leave-management-system] [           main] org.hibernate.SQL                        : 
    insert 
    into
        users
        (active, email, password, id) 
    values
        (?, ?, ?, default)
Hibernate: 
    insert 
    into
        users
        (active, email, password, id) 
    values
        (?, ?, ?, default)
2026-10-09T09:11:07.733+05:30 DEBUG 46205 --- [leave-management-system] [           main] org.hibernate.SQL                        : 
    insert 
    into
        employees
        (department_id, employee_code, first_name, last_name, manager_id, phone, salary, status, user_id, id) 
    values
        (?, ?, ?, ?, ?, ?, ?, ?, ?, default)
Hibernate: 
    insert 
    into
        employees
        (department_id, employee_code, first_name, last_name, manager_id, phone, salary, status, user_id, id) 
    values
        (?, ?, ?, ?, ?, ?, ?, ?, ?, default)
2026-10-09T09:11:07.733+05:30 DEBUG 46205 --- [leave-management-system] [           main] org.hibernate.SQL                        : 
    insert 
    into
        leave_types
        (active, default_days, description, name, id) 
    values
        (?, ?, ?, ?, default)
Hibernate: 
    insert 
    into
        leave_types
        (active, default_days, description, name, id) 
    values
        (?, ?, ?, ?, default)
2026-10-09T09:11:07.733+05:30 DEBUG 46205 --- [leave-management-system] [           main] org.hibernate.SQL                        : 
    insert 
    into
        leave_balances
        (available, employee_id, leave_type_id, total, used, version, year, id) 
    values
        (?, ?, ?, ?, ?, ?, ?, default)
Hibernate: 
    insert 
    into
        leave_balances
        (available, employee_id, leave_type_id, total, used, version, year, id) 
    values
        (?, ?, ?, ?, ?, ?, ?, default)
2026-10-09T09:11:07.734+05:30 DEBUG 46205 --- [leave-management-system] [           main] org.hibernate.SQL                        : 
    insert 
    into
        leave_requests
        (applied_at, employee_id, end_date, leave_type_id, reason, rejection_reason, start_date, status, version, id) 
    values
        (?, ?, ?, ?, ?, ?, ?, ?, ?, default)
Hibernate: 
    insert 
    into
        leave_requests
        (applied_at, employee_id, end_date, leave_type_id, reason, rejection_reason, start_date, status, version, id) 
    values
        (?, ?, ?, ?, ?, ?, ?, ?, ?, default)
2026-10-09T09:11:07.735+05:30 DEBUG 46205 --- [leave-management-system] [pool-3-thread-2] org.hibernate.SQL                        : 
    select
        e1_0.id,
        d1_0.id,
        d1_0.manager_id,
        d1_0.name,
        e1_0.employee_code,
        e1_0.first_name,
        e1_0.last_name,
        e1_0.manager_id,
        e1_0.phone,
        e1_0.salary,
        e1_0.status,
        u1_0.id,
        u1_0.active,
        u1_0.email,
        u1_0.password,
        r1_0.user_id,
        r1_1.id,
        r1_1.name,
        p1_0.role_id,
        p1_1.id,
        p1_1.active,
        p1_1.description,
        p1_1.name 
    from
        employees e1_0 
    left join
        departments d1_0 
            on d1_0.id=e1_0.department_id 
    left join
        users u1_0 
            on u1_0.id=e1_0.user_id 
    left join
        user_roles r1_0 
            on u1_0.id=r1_0.user_id 
    left join
        roles r1_1 
            on r1_1.id=r1_0.role_id 
    left join
        role_permissions p1_0 
            on r1_1.id=p1_0.role_id 
    left join
        permissions p1_1 
            on p1_1.id=p1_0.permission_id 
    where
        e1_0.id=?
Hibernate: 
    select
        e1_0.id,
        d1_0.id,
        d1_0.manager_id,
        d1_0.name,
        e1_0.employee_code,
        e1_0.first_name,
        e1_0.last_name,
        e1_0.manager_id,
        e1_0.phone,
        e1_0.salary,
        e1_0.status,
        u1_0.id,
        u1_0.active,
        u1_0.email,
        u1_0.password,
        r1_0.user_id,
        r1_1.id,
        r1_1.name,
        p1_0.role_id,
        p1_1.id,
        p1_1.active,
        p1_1.description,
        p1_1.name 
    from
        employees e1_0 
    left join
        departments d1_0 
            on d1_0.id=e1_0.department_id 
    left join
        users u1_0 
            on u1_0.id=e1_0.user_id 
    left join
        user_roles r1_0 
            on u1_0.id=r1_0.user_id 
    left join
        roles r1_1 
            on r1_1.id=r1_0.role_id 
    left join
        role_permissions p1_0 
            on r1_1.id=p1_0.role_id 
    left join
        permissions p1_1 
            on p1_1.id=p1_0.permission_id 
    where
        e1_0.id=?
2026-10-09T09:11:07.735+05:30 DEBUG 46205 --- [leave-management-system] [pool-3-thread-1] org.hibernate.SQL                        : 
    select
        e1_0.id,
        d1_0.id,
        d1_0.manager_id,
        d1_0.name,
        e1_0.employee_code,
        e1_0.first_name,
        e1_0.last_name,
        e1_0.manager_id,
        e1_0.phone,
        e1_0.salary,
        e1_0.status,
        u1_0.id,
        u1_0.active,
        u1_0.email,
        u1_0.password,
        r1_0.user_id,
        r1_1.id,
        r1_1.name,
        p1_0.role_id,
        p1_1.id,
        p1_1.active,
        p1_1.description,
        p1_1.name 
    from
        employees e1_0 
    left join
        departments d1_0 
            on d1_0.id=e1_0.department_id 
    left join
        users u1_0 
            on u1_0.id=e1_0.user_id 
    left join
        user_roles r1_0 
            on u1_0.id=r1_0.user_id 
    left join
        roles r1_1 
            on r1_1.id=r1_0.role_id 
    left join
        role_permissions p1_0 
            on r1_1.id=p1_0.role_id 
    left join
        permissions p1_1 
            on p1_1.id=p1_0.permission_id 
    where
        e1_0.id=?
Hibernate: 
    select
        e1_0.id,
        d1_0.id,
        d1_0.manager_id,
        d1_0.name,
        e1_0.employee_code,
        e1_0.first_name,
        e1_0.last_name,
        e1_0.manager_id,
        e1_0.phone,
        e1_0.salary,
        e1_0.status,
        u1_0.id,
        u1_0.active,
        u1_0.email,
        u1_0.password,
        r1_0.user_id,
        r1_1.id,
        r1_1.name,
        p1_0.role_id,
        p1_1.id,
        p1_1.active,
        p1_1.description,
        p1_1.name 
    from
        employees e1_0 
    left join
        departments d1_0 
            on d1_0.id=e1_0.department_id 
    left join
        users u1_0 
            on u1_0.id=e1_0.user_id 
    left join
        user_roles r1_0 
            on u1_0.id=r1_0.user_id 
    left join
        roles r1_1 
            on r1_1.id=r1_0.role_id 
    left join
        role_permissions p1_0 
            on r1_1.id=p1_0.role_id 
    left join
        permissions p1_1 
            on p1_1.id=p1_0.permission_id 
    where
        e1_0.id=?
2026-10-09T09:11:07.736+05:30 DEBUG 46205 --- [leave-management-system] [pool-3-thread-2] org.hibernate.SQL                        : 
    select
        lt1_0.id,
        lt1_0.active,
        lt1_0.default_days,
        lt1_0.description,
        lt1_0.name 
    from
        leave_types lt1_0 
    where
        lt1_0.id=?
Hibernate: 
    select
        lt1_0.id,
        lt1_0.active,
        lt1_0.default_days,
        lt1_0.description,
        lt1_0.name 
    from
        leave_types lt1_0 
    where
        lt1_0.id=?
2026-10-09T09:11:07.736+05:30 DEBUG 46205 --- [leave-management-system] [pool-3-thread-1] org.hibernate.SQL                        : 
    select
        lt1_0.id,
        lt1_0.active,
        lt1_0.default_days,
        lt1_0.description,
        lt1_0.name 
    from
        leave_types lt1_0 
    where
        lt1_0.id=?
Hibernate: 
    select
        lt1_0.id,
        lt1_0.active,
        lt1_0.default_days,
        lt1_0.description,
        lt1_0.name 
    from
        leave_types lt1_0 
    where
        lt1_0.id=?
2026-10-09T09:11:07.737+05:30 DEBUG 46205 --- [leave-management-system] [pool-3-thread-2] org.hibernate.SQL                        : 
    select
        count(lr1_0.id)>0 
    from
        leave_requests lr1_0 
    where
        lr1_0.employee_id=? 
        and lr1_0.status in (?, ?) 
        and lr1_0.start_date<=? 
        and lr1_0.end_date>=?
Hibernate: 
    select
        count(lr1_0.id)>0 
    from
        leave_requests lr1_0 
    where
        lr1_0.employee_id=? 
        and lr1_0.status in (?, ?) 
        and lr1_0.start_date<=? 
        and lr1_0.end_date>=?
2026-10-09T09:11:07.737+05:30 DEBUG 46205 --- [leave-management-system] [pool-3-thread-1] org.hibernate.SQL                        : 
    select
        count(lr1_0.id)>0 
    from
        leave_requests lr1_0 
    where
        lr1_0.employee_id=? 
        and lr1_0.status in (?, ?) 
        and lr1_0.start_date<=? 
        and lr1_0.end_date>=?
Hibernate: 
    select
        count(lr1_0.id)>0 
    from
        leave_requests lr1_0 
    where
        lr1_0.employee_id=? 
        and lr1_0.status in (?, ?) 
        and lr1_0.start_date<=? 
        and lr1_0.end_date>=?
2026-10-09T09:11:07.738+05:30 DEBUG 46205 --- [leave-management-system] [pool-3-thread-2] org.hibernate.SQL                        : 
    select
        lb1_0.id,
        lb1_0.available,
        lb1_0.employee_id,
        lb1_0.leave_type_id,
        lb1_0.total,
        lb1_0.used,
        lb1_0.version,
        lb1_0.year 
    from
        leave_balances lb1_0 
    where
        lb1_0.employee_id=? 
        and lb1_0.leave_type_id=?
Hibernate: 
    select
        lb1_0.id,
        lb1_0.available,
        lb1_0.employee_id,
        lb1_0.leave_type_id,
        lb1_0.total,
        lb1_0.used,
        lb1_0.version,
        lb1_0.year 
    from
        leave_balances lb1_0 
    where
        lb1_0.employee_id=? 
        and lb1_0.leave_type_id=?
2026-10-09T09:11:07.738+05:30 DEBUG 46205 --- [leave-management-system] [pool-3-thread-1] org.hibernate.SQL                        : 
    select
        lb1_0.id,
        lb1_0.available,
        lb1_0.employee_id,
        lb1_0.leave_type_id,
        lb1_0.total,
        lb1_0.used,
        lb1_0.version,
        lb1_0.year 
    from
        leave_balances lb1_0 
    where
        lb1_0.employee_id=? 
        and lb1_0.leave_type_id=?
Hibernate: 
    select
        lb1_0.id,
        lb1_0.available,
        lb1_0.employee_id,
        lb1_0.leave_type_id,
        lb1_0.total,
        lb1_0.used,
        lb1_0.version,
        lb1_0.year 
    from
        leave_balances lb1_0 
    where
        lb1_0.employee_id=? 
        and lb1_0.leave_type_id=?
2026-10-09T09:11:07.739+05:30 DEBUG 46205 --- [leave-management-system] [pool-3-thread-1] org.hibernate.SQL                        : 
    insert 
    into
        leave_requests
        (applied_at, employee_id, end_date, leave_type_id, reason, rejection_reason, start_date, status, version, id) 
    values
        (?, ?, ?, ?, ?, ?, ?, ?, ?, default)
Hibernate: 
    insert 
    into
        leave_requests
        (applied_at, employee_id, end_date, leave_type_id, reason, rejection_reason, start_date, status, version, id) 
    values
        (?, ?, ?, ?, ?, ?, ?, ?, ?, default)
2026-10-09T09:11:07.739+05:30 DEBUG 46205 --- [leave-management-system] [pool-3-thread-2] org.hibernate.SQL                        : 
    insert 
    into
        leave_requests
        (applied_at, employee_id, end_date, leave_type_id, reason, rejection_reason, start_date, status, version, id) 
    values
        (?, ?, ?, ?, ?, ?, ?, ?, ?, default)
Hibernate: 
    insert 
    into
        leave_requests
        (applied_at, employee_id, end_date, leave_type_id, reason, rejection_reason, start_date, status, version, id) 
    values
        (?, ?, ?, ?, ?, ?, ?, ?, ?, default)
2026-10-09T09:11:07.739+05:30 DEBUG 46205 --- [leave-management-system] [pool-3-thread-2] org.hibernate.SQL                        : 
    select
        u1_0.id,
        u1_0.active,
        u1_0.email,
        u1_0.password 
    from
        users u1_0 
    where
        u1_0.email=?
Hibernate: 
    select
        u1_0.id,
        u1_0.active,
        u1_0.email,
        u1_0.password 
    from
        users u1_0 
    where
        u1_0.email=?
2026-10-09T09:11:07.739+05:30 DEBUG 46205 --- [leave-management-system] [pool-3-thread-1] org.hibernate.SQL                        : 
    select
        u1_0.id,
        u1_0.active,
        u1_0.email,
        u1_0.password 
    from
        users u1_0 
    where
        u1_0.email=?
Hibernate: 
    select
        u1_0.id,
        u1_0.active,
        u1_0.email,
        u1_0.password 
    from
        users u1_0 
    where
        u1_0.email=?
2026-10-09T09:11:07.744+05:30 DEBUG 46205 --- [leave-management-system] [pool-3-thread-2] org.hibernate.SQL                        : 
    select
        e1_0.id,
        d1_0.id,
        d1_0.manager_id,
        d1_0.name,
        e1_0.employee_code,
        e1_0.first_name,
        e1_0.last_name,
        e1_0.manager_id,
        e1_0.phone,
        e1_0.salary,
        e1_0.status,
        u1_0.id,
        u1_0.active,
        u1_0.email,
        u1_0.password,
        r1_0.user_id,
        r1_1.id,
        r1_1.name,
        p1_0.role_id,
        p1_1.id,
        p1_1.active,
        p1_1.description,
        p1_1.name 
    from
        employees e1_0 
    left join
        departments d1_0 
            on d1_0.id=e1_0.department_id 
    left join
        users u1_0 
            on u1_0.id=e1_0.user_id 
    left join
        user_roles r1_0 
            on u1_0.id=r1_0.user_id 
    left join
        roles r1_1 
            on r1_1.id=r1_0.role_id 
    left join
        role_permissions p1_0 
            on r1_1.id=p1_0.role_id 
    left join
        permissions p1_1 
            on p1_1.id=p1_0.permission_id 
    where
        e1_0.user_id=?
Hibernate: 
    select
        e1_0.id,
        d1_0.id,
        d1_0.manager_id,
        d1_0.name,
        e1_0.employee_code,
        e1_0.first_name,
        e1_0.last_name,
        e1_0.manager_id,
        e1_0.phone,
        e1_0.salary,
        e1_0.status,
        u1_0.id,
        u1_0.active,
        u1_0.email,
        u1_0.password,
        r1_0.user_id,
        r1_1.id,
        r1_1.name,
        p1_0.role_id,
        p1_1.id,
        p1_1.active,
        p1_1.description,
        p1_1.name 
    from
        employees e1_0 
    left join
        departments d1_0 
            on d1_0.id=e1_0.department_id 
    left join
        users u1_0 
            on u1_0.id=e1_0.user_id 
    left join
        user_roles r1_0 
            on u1_0.id=r1_0.user_id 
    left join
        roles r1_1 
            on r1_1.id=r1_0.role_id 
    left join
        role_permissions p1_0 
            on r1_1.id=p1_0.role_id 
    left join
        permissions p1_1 
            on p1_1.id=p1_0.permission_id 
    where
        e1_0.user_id=?
2026-10-09T09:11:07.744+05:30 DEBUG 46205 --- [leave-management-system] [pool-3-thread-1] org.hibernate.SQL                        : 
    select
        e1_0.id,
        d1_0.id,
        d1_0.manager_id,
        d1_0.name,
        e1_0.employee_code,
        e1_0.first_name,
        e1_0.last_name,
        e1_0.manager_id,
        e1_0.phone,
        e1_0.salary,
        e1_0.status,
        u1_0.id,
        u1_0.active,
        u1_0.email,
        u1_0.password,
        r1_0.user_id,
        r1_1.id,
        r1_1.name,
        p1_0.role_id,
        p1_1.id,
        p1_1.active,
        p1_1.description,
        p1_1.name 
    from
        employees e1_0 
    left join
        departments d1_0 
            on d1_0.id=e1_0.department_id 
    left join
        users u1_0 
            on u1_0.id=e1_0.user_id 
    left join
        user_roles r1_0 
            on u1_0.id=r1_0.user_id 
    left join
        roles r1_1 
            on r1_1.id=r1_0.role_id 
    left join
        role_permissions p1_0 
            on r1_1.id=p1_0.role_id 
    left join
        permissions p1_1 
            on p1_1.id=p1_0.permission_id 
    where
        e1_0.user_id=?
Hibernate: 
    select
        e1_0.id,
        d1_0.id,
        d1_0.manager_id,
        d1_0.name,
        e1_0.employee_code,
        e1_0.first_name,
        e1_0.last_name,
        e1_0.manager_id,
        e1_0.phone,
        e1_0.salary,
        e1_0.status,
        u1_0.id,
        u1_0.active,
        u1_0.email,
        u1_0.password,
        r1_0.user_id,
        r1_1.id,
        r1_1.name,
        p1_0.role_id,
        p1_1.id,
        p1_1.active,
        p1_1.description,
        p1_1.name 
    from
        employees e1_0 
    left join
        departments d1_0 
            on d1_0.id=e1_0.department_id 
    left join
        users u1_0 
            on u1_0.id=e1_0.user_id 
    left join
        user_roles r1_0 
            on u1_0.id=r1_0.user_id 
    left join
        roles r1_1 
            on r1_1.id=r1_0.role_id 
    left join
        role_permissions p1_0 
            on r1_1.id=p1_0.role_id 
    left join
        permissions p1_1 
            on p1_1.id=p1_0.permission_id 
    where
        e1_0.user_id=?
2026-10-09T09:11:07.745+05:30 DEBUG 46205 --- [leave-management-system] [pool-3-thread-1] org.hibernate.SQL                        : 
    insert 
    into
        audit_logs
        (action, entity_id, entity_type, ip_address, new_value, old_value, timestamp, user_id, id) 
    values
        (?, ?, ?, ?, ?, ?, ?, ?, default)
Hibernate: 
    insert 
    into
        audit_logs
        (action, entity_id, entity_type, ip_address, new_value, old_value, timestamp, user_id, id) 
    values
        (?, ?, ?, ?, ?, ?, ?, ?, default)
2026-10-09T09:11:07.746+05:30 DEBUG 46205 --- [leave-management-system] [pool-3-thread-2] org.hibernate.SQL                        : 
    insert 
    into
        audit_logs
        (action, entity_id, entity_type, ip_address, new_value, old_value, timestamp, user_id, id) 
    values
        (?, ?, ?, ?, ?, ?, ?, ?, default)
Hibernate: 
    insert 
    into
        audit_logs
        (action, entity_id, entity_type, ip_address, new_value, old_value, timestamp, user_id, id) 
    values
        (?, ?, ?, ?, ?, ?, ?, ?, default)
2026-10-09T09:11:07.748+05:30 DEBUG 46205 --- [leave-management-system] [pool-3-thread-1] org.hibernate.SQL                        : 
    update
        leave_balances 
    set
        version=? 
    where
        id=? 
        and version=?
Hibernate: 
    update
        leave_balances 
    set
        version=? 
    where
        id=? 
        and version=?
2026-10-09T09:11:07.748+05:30 DEBUG 46205 --- [leave-management-system] [pool-3-thread-2] org.hibernate.SQL                        : 
    update
        leave_balances 
    set
        version=? 
    where
        id=? 
        and version=?
Hibernate: 
    update
        leave_balances 
    set
        version=? 
    where
        id=? 
        and version=?
2026-10-09T09:11:07.752+05:30 DEBUG 46205 --- [leave-management-system] [pool-3-thread-1] org.hibernate.SQL                        : 
    select
        lb1_0.id,
        lb1_0.available,
        lb1_0.employee_id,
        e1_0.id,
        d1_0.id,
        d1_0.manager_id,
        d1_0.name,
        e1_0.employee_code,
        e1_0.first_name,
        e1_0.last_name,
        e1_0.manager_id,
        e1_0.phone,
        e1_0.salary,
        e1_0.status,
        u1_0.id,
        u1_0.active,
        u1_0.email,
        u1_0.password,
        r1_0.user_id,
        r1_1.id,
        r1_1.name,
        p1_0.role_id,
        p1_1.id,
        p1_1.active,
        p1_1.description,
        p1_1.name,
        lb1_0.leave_type_id,
        lt1_0.id,
        lt1_0.active,
        lt1_0.default_days,
        lt1_0.description,
        lt1_0.name,
        lb1_0.total,
        lb1_0.used,
        lb1_0.version,
        lb1_0.year 
    from
        leave_balances lb1_0 
    join
        employees e1_0 
            on e1_0.id=lb1_0.employee_id 
    left join
        departments d1_0 
            on d1_0.id=e1_0.department_id 
    left join
        users u1_0 
            on u1_0.id=e1_0.user_id 
    left join
        user_roles r1_0 
            on u1_0.id=r1_0.user_id 
    left join
        roles r1_1 
            on r1_1.id=r1_0.role_id 
    left join
        role_permissions p1_0 
            on r1_1.id=p1_0.role_id 
    left join
        permissions p1_1 
            on p1_1.id=p1_0.permission_id 
    join
        leave_types lt1_0 
            on lt1_0.id=lb1_0.leave_type_id 
    where
        lb1_0.id=?
Hibernate: 
    select
        lb1_0.id,
        lb1_0.available,
        lb1_0.employee_id,
        e1_0.id,
        d1_0.id,
        d1_0.manager_id,
        d1_0.name,
        e1_0.employee_code,
        e1_0.first_name,
        e1_0.last_name,
        e1_0.manager_id,
        e1_0.phone,
        e1_0.salary,
        e1_0.status,
        u1_0.id,
        u1_0.active,
        u1_0.email,
        u1_0.password,
        r1_0.user_id,
        r1_1.id,
        r1_1.name,
        p1_0.role_id,
        p1_1.id,
        p1_1.active,
        p1_1.description,
        p1_1.name,
        lb1_0.leave_type_id,
        lt1_0.id,
        lt1_0.active,
        lt1_0.default_days,
        lt1_0.description,
        lt1_0.name,
        lb1_0.total,
        lb1_0.used,
        lb1_0.version,
        lb1_0.year 
    from
        leave_balances lb1_0 
    join
        employees e1_0 
            on e1_0.id=lb1_0.employee_id 
    left join
        departments d1_0 
            on d1_0.id=e1_0.department_id 
    left join
        users u1_0 
            on u1_0.id=e1_0.user_id 
    left join
        user_roles r1_0 
            on u1_0.id=r1_0.user_id 
    left join
        roles r1_1 
            on r1_1.id=r1_0.role_id 
    left join
        role_permissions p1_0 
            on r1_1.id=p1_0.role_id 
    left join
        permissions p1_1 
            on p1_1.id=p1_0.permission_id 
    join
        leave_types lt1_0 
            on lt1_0.id=lb1_0.leave_type_id 
    where
        lb1_0.id=?
org.springframework.orm.ObjectOptimisticLockingFailureException: Unexpected row count (expected row count 1 but was 0) [update leave_balances set version=? where id=? and version=?] for entity [com.leave_management_system.leave_management_system.entity.LeaveBalance with id '4']
	at org.springframework.orm.jpa.hibernate.HibernateExceptionTranslator.convertHibernateAccessException(HibernateExceptionTranslator.java:204)
	at org.springframework.orm.jpa.hibernate.HibernateExceptionTranslator.convertHibernateAccessException(HibernateExceptionTranslator.java:131)
	at org.springframework.orm.jpa.hibernate.HibernateExceptionTranslator.translateExceptionIfPossible(HibernateExceptionTranslator.java:109)
	at org.springframework.orm.jpa.vendor.HibernateJpaDialect.translateExceptionIfPossible(HibernateJpaDialect.java:223)
	at org.springframework.orm.jpa.JpaTransactionManager.doCommit(JpaTransactionManager.java:556)
	at org.springframework.transaction.support.AbstractPlatformTransactionManager.processCommit(AbstractPlatformTransactionManager.java:794)
	at org.springframework.transaction.support.AbstractPlatformTransactionManager.commit(AbstractPlatformTransactionManager.java:757)
	at org.springframework.transaction.interceptor.TransactionAspectSupport.commitTransactionAfterReturning(TransactionAspectSupport.java:687)
	at org.springframework.transaction.interceptor.TransactionAspectSupport.invokeWithinTransaction(TransactionAspectSupport.java:408)
	at org.springframework.transaction.interceptor.TransactionInterceptor.invoke(TransactionInterceptor.java:130)
	at org.springframework.aop.framework.ReflectiveMethodInvocation.proceed(ReflectiveMethodInvocation.java:179)
	at org.springframework.security.authorization.method.AuthorizationManagerBeforeMethodInterceptor.proceed(AuthorizationManagerBeforeMethodInterceptor.java:271)
	at org.springframework.security.authorization.method.AuthorizationManagerBeforeMethodInterceptor.attemptAuthorization(AuthorizationManagerBeforeMethodInterceptor.java:266)
	at org.springframework.security.authorization.method.AuthorizationManagerBeforeMethodInterceptor.invoke(AuthorizationManagerBeforeMethodInterceptor.java:197)
	at org.springframework.security.config.annotation.method.configuration.DeferringMethodInterceptor.invoke(DeferringMethodInterceptor.java:44)
	at org.springframework.aop.framework.ReflectiveMethodInvocation.proceed(ReflectiveMethodInvocation.java:179)
	at org.springframework.aop.interceptor.ExposeInvocationInterceptor.invoke(ExposeInvocationInterceptor.java:96)
	at org.springframework.aop.framework.ReflectiveMethodInvocation.proceed(ReflectiveMethodInvocation.java:179)
	at org.springframework.aop.framework.CglibAopProxy$DynamicAdvisedInterceptor.intercept(CglibAopProxy.java:719)
	at com.leave_management_system.leave_management_system.service.LeaveRequestService$$SpringCGLIB$$0.createLeaveRequest(<generated>)
	at com.leave_management_system.leave_management_system.service.LeaveRequestServiceConcurrencyIntegrationTest.lambda$testConcurrentLeaveApplicationsThrowsOptimisticLockException$0(LeaveRequestServiceConcurrencyIntegrationTest.java:173)
	at java.base/java.util.concurrent.Executors$RunnableAdapter.call(Executors.java:545)
	at java.base/java.util.concurrent.FutureTask.run(FutureTask.java:328)
	at java.base/java.util.concurrent.ThreadPoolExecutor.runWorker(ThreadPoolExecutor.java:1090)
	at java.base/java.util.concurrent.ThreadPoolExecutor$Worker.run(ThreadPoolExecutor.java:614)
	at java.base/java.lang.Thread.run(Thread.java:1474)
Caused by: org.hibernate.StaleObjectStateException: Unexpected row count (expected row count 1 but was 0) [update leave_balances set version=? where id=? and version=?] for entity [com.leave_management_system.leave_management_system.entity.LeaveBalance with id '4']
	at org.hibernate.engine.jdbc.mutation.internal.ModelMutationHelper.identifiedResultsCheck(ModelMutationHelper.java:72)
	at org.hibernate.persister.entity.mutation.AbstractMutationCoordinator.resultCheck(AbstractMutationCoordinator.java:290)
	at org.hibernate.persister.entity.mutation.UpdateCoordinatorStandard.lambda$doVersionUpdate$2(UpdateCoordinatorStandard.java:572)
	at org.hibernate.engine.jdbc.mutation.internal.ModelMutationHelper.checkResults(ModelMutationHelper.java:45)
	at org.hibernate.engine.jdbc.mutation.internal.AbstractMutationExecutor.performNonBatchedMutation(AbstractMutationExecutor.java:152)
	at org.hibernate.engine.jdbc.mutation.internal.MutationExecutorSingleNonBatched.performNonBatchedOperations(MutationExecutorSingleNonBatched.java:53)
	at org.hibernate.engine.jdbc.mutation.internal.AbstractMutationExecutor.execute(AbstractMutationExecutor.java:65)
	at org.hibernate.persister.entity.mutation.UpdateCoordinatorStandard.doVersionUpdate(UpdateCoordinatorStandard.java:567)
	at org.hibernate.persister.entity.mutation.UpdateCoordinatorStandard.doVersionUpdate(UpdateCoordinatorStandard.java:506)
	at org.hibernate.persister.entity.mutation.UpdateCoordinatorStandard.forceVersionIncrement(UpdateCoordinatorStandard.java:139)
	at org.hibernate.persister.entity.AbstractEntityPersister.forceVersionIncrement(AbstractEntityPersister.java:2175)
	at org.hibernate.internal.OptimisticLockHelper.forceVersionIncrement(OptimisticLockHelper.java:43)
	at org.hibernate.action.internal.EntityIncrementVersionProcess.doBeforeTransactionCompletion(EntityIncrementVersionProcess.java:40)
	at org.hibernate.engine.internal.BeforeTransactionCompletionProcessQueue.beforeTransactionCompletion(BeforeTransactionCompletionProcessQueue.java:25)
	at org.hibernate.engine.internal.TransactionCompletionCallbacksImpl.beforeTransactionCompletion(TransactionCompletionCallbacksImpl.java:40)
	at org.hibernate.engine.spi.ActionQueue.beforeTransactionCompletion(ActionQueue.java:555)
	at org.hibernate.internal.SessionImpl.beforeTransactionCompletion(SessionImpl.java:2008)
	at org.hibernate.engine.jdbc.internal.JdbcCoordinatorImpl.beforeTransactionCompletion(JdbcCoordinatorImpl.java:426)
	at org.hibernate.resource.transaction.backend.jdbc.internal.JdbcResourceLocalTransactionCoordinatorImpl.beforeCompletionCallback(JdbcResourceLocalTransactionCoordinatorImpl.java:167)
	at org.hibernate.resource.transaction.backend.jdbc.internal.JdbcResourceLocalTransactionCoordinatorImpl$TransactionDriverControlImpl.commitNoRollbackOnly(JdbcResourceLocalTransactionCoordinatorImpl.java:252)
	at org.hibernate.resource.transaction.backend.jdbc.internal.JdbcResourceLocalTransactionCoordinatorImpl$TransactionDriverControlImpl.commit(JdbcResourceLocalTransactionCoordinatorImpl.java:242)
	at org.hibernate.engine.transaction.internal.TransactionImpl.commit(TransactionImpl.java:89)
	at org.springframework.orm.jpa.JpaTransactionManager.doCommit(JpaTransactionManager.java:552)
	... 21 more
Caused by: org.hibernate.StaleStateException: Unexpected row count (expected row count 1 but was 0) [update leave_balances set version=? where id=? and version=?]
	at org.hibernate.jdbc.Expectations.checkNonBatched(Expectations.java:93)
	at org.hibernate.jdbc.Expectation$RowCount.verifyOutcome(Expectation.java:170)
	at org.hibernate.engine.jdbc.mutation.internal.ModelMutationHelper.identifiedResultsCheck(ModelMutationHelper.java:57)
	... 43 more
2026-10-09T09:11:07.758+05:30 DEBUG 46205 --- [leave-management-system] [           main] org.hibernate.SQL                        : 
    select
        lr1_0.id,
        lr1_0.applied_at,
        lr1_0.employee_id,
        lr1_0.end_date,
        lr1_0.leave_type_id,
        lr1_0.reason,
        lr1_0.rejection_reason,
        lr1_0.start_date,
        lr1_0.status,
        lr1_0.version 
    from
        leave_requests lr1_0
Hibernate: 
    select
        lr1_0.id,
        lr1_0.applied_at,
        lr1_0.employee_id,
        lr1_0.end_date,
        lr1_0.leave_type_id,
        lr1_0.reason,
        lr1_0.rejection_reason,
        lr1_0.start_date,
        lr1_0.status,
        lr1_0.version 
    from
        leave_requests lr1_0
2026-10-09T09:11:07.759+05:30 DEBUG 46205 --- [leave-management-system] [           main] org.hibernate.SQL                        : 
    select
        e1_0.id,
        d1_0.id,
        d1_0.manager_id,
        d1_0.name,
        e1_0.employee_code,
        e1_0.first_name,
        e1_0.last_name,
        e1_0.manager_id,
        e1_0.phone,
        e1_0.salary,
        e1_0.status,
        u1_0.id,
        u1_0.active,
        u1_0.email,
        u1_0.password,
        r1_0.user_id,
        r1_1.id,
        r1_1.name,
        p1_0.role_id,
        p1_1.id,
        p1_1.active,
        p1_1.description,
        p1_1.name 
    from
        employees e1_0 
    left join
        departments d1_0 
            on d1_0.id=e1_0.department_id 
    left join
        users u1_0 
            on u1_0.id=e1_0.user_id 
    left join
        user_roles r1_0 
            on u1_0.id=r1_0.user_id 
    left join
        roles r1_1 
            on r1_1.id=r1_0.role_id 
    left join
        role_permissions p1_0 
            on r1_1.id=p1_0.role_id 
    left join
        permissions p1_1 
            on p1_1.id=p1_0.permission_id 
    where
        e1_0.id=?
Hibernate: 
    select
        e1_0.id,
        d1_0.id,
        d1_0.manager_id,
        d1_0.name,
        e1_0.employee_code,
        e1_0.first_name,
        e1_0.last_name,
        e1_0.manager_id,
        e1_0.phone,
        e1_0.salary,
        e1_0.status,
        u1_0.id,
        u1_0.active,
        u1_0.email,
        u1_0.password,
        r1_0.user_id,
        r1_1.id,
        r1_1.name,
        p1_0.role_id,
        p1_1.id,
        p1_1.active,
        p1_1.description,
        p1_1.name 
    from
        employees e1_0 
    left join
        departments d1_0 
            on d1_0.id=e1_0.department_id 
    left join
        users u1_0 
            on u1_0.id=e1_0.user_id 
    left join
        user_roles r1_0 
            on u1_0.id=r1_0.user_id 
    left join
        roles r1_1 
            on r1_1.id=r1_0.role_id 
    left join
        role_permissions p1_0 
            on r1_1.id=p1_0.role_id 
    left join
        permissions p1_1 
            on p1_1.id=p1_0.permission_id 
    where
        e1_0.id=?
2026-10-09T09:11:07.759+05:30 DEBUG 46205 --- [leave-management-system] [           main] org.hibernate.SQL                        : 
    select
        lt1_0.id,
        lt1_0.active,
        lt1_0.default_days,
        lt1_0.description,
        lt1_0.name 
    from
        leave_types lt1_0 
    where
        lt1_0.id=?
Hibernate: 
    select
        lt1_0.id,
        lt1_0.active,
        lt1_0.default_days,
        lt1_0.description,
        lt1_0.name 
    from
        leave_types lt1_0 
    where
        lt1_0.id=?
2026-10-09T09:11:07.760+05:30 DEBUG 46205 --- [leave-management-system] [           main] org.hibernate.SQL                        : 
    delete 
    from
        leave_requests 
    where
        id=? 
        and version=?
Hibernate: 
    delete 
    from
        leave_requests 
    where
        id=? 
        and version=?
2026-10-09T09:11:07.760+05:30 DEBUG 46205 --- [leave-management-system] [           main] org.hibernate.SQL                        : 
    delete 
    from
        leave_requests 
    where
        id=? 
        and version=?
Hibernate: 
    delete 
    from
        leave_requests 
    where
        id=? 
        and version=?
2026-10-09T09:11:07.764+05:30 DEBUG 46205 --- [leave-management-system] [           main] org.hibernate.SQL                        : 
    select
        lb1_0.id,
        lb1_0.available,
        lb1_0.employee_id,
        lb1_0.leave_type_id,
        lb1_0.total,
        lb1_0.used,
        lb1_0.version,
        lb1_0.year 
    from
        leave_balances lb1_0
Hibernate: 
    select
        lb1_0.id,
        lb1_0.available,
        lb1_0.employee_id,
        lb1_0.leave_type_id,
        lb1_0.total,
        lb1_0.used,
        lb1_0.version,
        lb1_0.year 
    from
        leave_balances lb1_0
2026-10-09T09:11:07.765+05:30 DEBUG 46205 --- [leave-management-system] [           main] org.hibernate.SQL                        : 
    select
        e1_0.id,
        d1_0.id,
        d1_0.manager_id,
        d1_0.name,
        e1_0.employee_code,
        e1_0.first_name,
        e1_0.last_name,
        e1_0.manager_id,
        e1_0.phone,
        e1_0.salary,
        e1_0.status,
        u1_0.id,
        u1_0.active,
        u1_0.email,
        u1_0.password,
        r1_0.user_id,
        r1_1.id,
        r1_1.name,
        p1_0.role_id,
        p1_1.id,
        p1_1.active,
        p1_1.description,
        p1_1.name 
    from
        employees e1_0 
    left join
        departments d1_0 
            on d1_0.id=e1_0.department_id 
    left join
        users u1_0 
            on u1_0.id=e1_0.user_id 
    left join
        user_roles r1_0 
            on u1_0.id=r1_0.user_id 
    left join
        roles r1_1 
            on r1_1.id=r1_0.role_id 
    left join
        role_permissions p1_0 
            on r1_1.id=p1_0.role_id 
    left join
        permissions p1_1 
            on p1_1.id=p1_0.permission_id 
    where
        e1_0.id=?
Hibernate: 
    select
        e1_0.id,
        d1_0.id,
        d1_0.manager_id,
        d1_0.name,
        e1_0.employee_code,
        e1_0.first_name,
        e1_0.last_name,
        e1_0.manager_id,
        e1_0.phone,
        e1_0.salary,
        e1_0.status,
        u1_0.id,
        u1_0.active,
        u1_0.email,
        u1_0.password,
        r1_0.user_id,
        r1_1.id,
        r1_1.name,
        p1_0.role_id,
        p1_1.id,
        p1_1.active,
        p1_1.description,
        p1_1.name 
    from
        employees e1_0 
    left join
        departments d1_0 
            on d1_0.id=e1_0.department_id 
    left join
        users u1_0 
            on u1_0.id=e1_0.user_id 
    left join
        user_roles r1_0 
            on u1_0.id=r1_0.user_id 
    left join
        roles r1_1 
            on r1_1.id=r1_0.role_id 
    left join
        role_permissions p1_0 
            on r1_1.id=p1_0.role_id 
    left join
        permissions p1_1 
            on p1_1.id=p1_0.permission_id 
    where
        e1_0.id=?
2026-10-09T09:11:07.766+05:30 DEBUG 46205 --- [leave-management-system] [           main] org.hibernate.SQL                        : 
    select
        lt1_0.id,
        lt1_0.active,
        lt1_0.default_days,
        lt1_0.description,
        lt1_0.name 
    from
        leave_types lt1_0 
    where
        lt1_0.id=?
Hibernate: 
    select
        lt1_0.id,
        lt1_0.active,
        lt1_0.default_days,
        lt1_0.description,
        lt1_0.name 
    from
        leave_types lt1_0 
    where
        lt1_0.id=?
2026-10-09T09:11:07.766+05:30 DEBUG 46205 --- [leave-management-system] [           main] org.hibernate.SQL                        : 
    delete 
    from
        leave_balances 
    where
        id=? 
        and version=?
Hibernate: 
    delete 
    from
        leave_balances 
    where
        id=? 
        and version=?
2026-10-09T09:11:07.767+05:30 DEBUG 46205 --- [leave-management-system] [           main] org.hibernate.SQL                        : 
    select
        e1_0.id,
        e1_0.department_id,
        e1_0.employee_code,
        e1_0.first_name,
        e1_0.last_name,
        e1_0.manager_id,
        e1_0.phone,
        e1_0.salary,
        e1_0.status,
        e1_0.user_id 
    from
        employees e1_0
Hibernate: 
    select
        e1_0.id,
        e1_0.department_id,
        e1_0.employee_code,
        e1_0.first_name,
        e1_0.last_name,
        e1_0.manager_id,
        e1_0.phone,
        e1_0.salary,
        e1_0.status,
        e1_0.user_id 
    from
        employees e1_0
2026-10-09T09:11:07.767+05:30 DEBUG 46205 --- [leave-management-system] [           main] org.hibernate.SQL                        : 
    select
        u1_0.id,
        u1_0.active,
        u1_0.email,
        e1_0.id,
        d1_0.id,
        d1_0.manager_id,
        d1_0.name,
        e1_0.employee_code,
        e1_0.first_name,
        e1_0.last_name,
        e1_0.manager_id,
        e1_0.phone,
        e1_0.salary,
        e1_0.status,
        u1_0.password,
        r1_0.user_id,
        r1_1.id,
        r1_1.name,
        p1_0.role_id,
        p1_1.id,
        p1_1.active,
        p1_1.description,
        p1_1.name 
    from
        users u1_0 
    left join
        employees e1_0 
            on u1_0.id=e1_0.user_id 
    left join
        departments d1_0 
            on d1_0.id=e1_0.department_id 
    left join
        user_roles r1_0 
            on u1_0.id=r1_0.user_id 
    left join
        roles r1_1 
            on r1_1.id=r1_0.role_id 
    left join
        role_permissions p1_0 
            on r1_1.id=p1_0.role_id 
    left join
        permissions p1_1 
            on p1_1.id=p1_0.permission_id 
    where
        u1_0.id=?
Hibernate: 
    select
        u1_0.id,
        u1_0.active,
        u1_0.email,
        e1_0.id,
        d1_0.id,
        d1_0.manager_id,
        d1_0.name,
        e1_0.employee_code,
        e1_0.first_name,
        e1_0.last_name,
        e1_0.manager_id,
        e1_0.phone,
        e1_0.salary,
        e1_0.status,
        u1_0.password,
        r1_0.user_id,
        r1_1.id,
        r1_1.name,
        p1_0.role_id,
        p1_1.id,
        p1_1.active,
        p1_1.description,
        p1_1.name 
    from
        users u1_0 
    left join
        employees e1_0 
            on u1_0.id=e1_0.user_id 
    left join
        departments d1_0 
            on d1_0.id=e1_0.department_id 
    left join
        user_roles r1_0 
            on u1_0.id=r1_0.user_id 
    left join
        roles r1_1 
            on r1_1.id=r1_0.role_id 
    left join
        role_permissions p1_0 
            on r1_1.id=p1_0.role_id 
    left join
        permissions p1_1 
            on p1_1.id=p1_0.permission_id 
    where
        u1_0.id=?
2026-10-09T09:11:07.768+05:30 DEBUG 46205 --- [leave-management-system] [           main] org.hibernate.SQL                        : 
    select
        lt1_0.id,
        lt1_0.active,
        lt1_0.default_days,
        lt1_0.description,
        lt1_0.name 
    from
        leave_types lt1_0
Hibernate: 
    select
        lt1_0.id,
        lt1_0.active,
        lt1_0.default_days,
        lt1_0.description,
        lt1_0.name 
    from
        leave_types lt1_0
2026-10-09T09:11:07.768+05:30 DEBUG 46205 --- [leave-management-system] [           main] org.hibernate.SQL                        : 
    delete 
    from
        leave_types 
    where
        id=?
Hibernate: 
    delete 
    from
        leave_types 
    where
        id=?
2026-10-09T09:11:07.769+05:30 DEBUG 46205 --- [leave-management-system] [           main] org.hibernate.SQL                        : 
    select
        al1_0.id,
        al1_0.action,
        al1_0.entity_id,
        al1_0.entity_type,
        al1_0.ip_address,
        al1_0.new_value,
        al1_0.old_value,
        al1_0.timestamp,
        al1_0.user_id 
    from
        audit_logs al1_0
Hibernate: 
    select
        al1_0.id,
        al1_0.action,
        al1_0.entity_id,
        al1_0.entity_type,
        al1_0.ip_address,
        al1_0.new_value,
        al1_0.old_value,
        al1_0.timestamp,
        al1_0.user_id 
    from
        audit_logs al1_0
2026-10-09T09:11:07.770+05:30 DEBUG 46205 --- [leave-management-system] [           main] org.hibernate.SQL                        : 
    delete 
    from
        audit_logs 
    where
        id=?
Hibernate: 
    delete 
    from
        audit_logs 
    where
        id=?
2026-10-09T09:11:07.770+05:30 DEBUG 46205 --- [leave-management-system] [           main] org.hibernate.SQL                        : 
    delete 
    from
        audit_logs 
    where
        id=?
Hibernate: 
    delete 
    from
        audit_logs 
    where
        id=?
2026-10-09T09:11:07.771+05:30 DEBUG 46205 --- [leave-management-system] [           main] org.hibernate.SQL                        : 
    select
        u1_0.id,
        u1_0.active,
        u1_0.email,
        u1_0.password 
    from
        users u1_0
Hibernate: 
    select
        u1_0.id,
        u1_0.active,
        u1_0.email,
        u1_0.password 
    from
        users u1_0
2026-10-09T09:11:07.771+05:30 DEBUG 46205 --- [leave-management-system] [           main] org.hibernate.SQL                        : 
    select
        e1_0.id,
        d1_0.id,
        d1_0.manager_id,
        d1_0.name,
        e1_0.employee_code,
        e1_0.first_name,
        e1_0.last_name,
        e1_0.manager_id,
        e1_0.phone,
        e1_0.salary,
        e1_0.status,
        u1_0.id,
        u1_0.active,
        u1_0.email,
        u1_0.password,
        r1_0.user_id,
        r1_1.id,
        r1_1.name,
        p1_0.role_id,
        p1_1.id,
        p1_1.active,
        p1_1.description,
        p1_1.name 
    from
        employees e1_0 
    left join
        departments d1_0 
            on d1_0.id=e1_0.department_id 
    left join
        users u1_0 
            on u1_0.id=e1_0.user_id 
    left join
        user_roles r1_0 
            on u1_0.id=r1_0.user_id 
    left join
        roles r1_1 
            on r1_1.id=r1_0.role_id 
    left join
        role_permissions p1_0 
            on r1_1.id=p1_0.role_id 
    left join
        permissions p1_1 
            on p1_1.id=p1_0.permission_id 
    where
        e1_0.user_id=?
Hibernate: 
    select
        e1_0.id,
        d1_0.id,
        d1_0.manager_id,
        d1_0.name,
        e1_0.employee_code,
        e1_0.first_name,
        e1_0.last_name,
        e1_0.manager_id,
        e1_0.phone,
        e1_0.salary,
        e1_0.status,
        u1_0.id,
        u1_0.active,
        u1_0.email,
        u1_0.password,
        r1_0.user_id,
        r1_1.id,
        r1_1.name,
        p1_0.role_id,
        p1_1.id,
        p1_1.active,
        p1_1.description,
        p1_1.name 
    from
        employees e1_0 
    left join
        departments d1_0 
            on d1_0.id=e1_0.department_id 
    left join
        users u1_0 
            on u1_0.id=e1_0.user_id 
    left join
        user_roles r1_0 
            on u1_0.id=r1_0.user_id 
    left join
        roles r1_1 
            on r1_1.id=r1_0.role_id 
    left join
        role_permissions p1_0 
            on r1_1.id=p1_0.role_id 
    left join
        permissions p1_1 
            on p1_1.id=p1_0.permission_id 
    where
        e1_0.user_id=?
2026-10-09T09:11:07.773+05:30 DEBUG 46205 --- [leave-management-system] [           main] org.hibernate.SQL                        : 
    delete 
    from
        employees 
    where
        id=?
Hibernate: 
    delete 
    from
        employees 
    where
        id=?
2026-10-09T09:11:07.773+05:30 DEBUG 46205 --- [leave-management-system] [           main] org.hibernate.SQL                        : 
    delete 
    from
        users 
    where
        id=?
Hibernate: 
    delete 
    from
        users 
    where
        id=?
2026-10-09T09:11:07.773+05:30 DEBUG 46205 --- [leave-management-system] [           main] org.hibernate.SQL                        : 
    insert 
    into
        users
        (active, email, password, id) 
    values
        (?, ?, ?, default)
Hibernate: 
    insert 
    into
        users
        (active, email, password, id) 
    values
        (?, ?, ?, default)
2026-10-09T09:11:07.774+05:30 DEBUG 46205 --- [leave-management-system] [           main] org.hibernate.SQL                        : 
    insert 
    into
        employees
        (department_id, employee_code, first_name, last_name, manager_id, phone, salary, status, user_id, id) 
    values
        (?, ?, ?, ?, ?, ?, ?, ?, ?, default)
Hibernate: 
    insert 
    into
        employees
        (department_id, employee_code, first_name, last_name, manager_id, phone, salary, status, user_id, id) 
    values
        (?, ?, ?, ?, ?, ?, ?, ?, ?, default)
2026-10-09T09:11:07.774+05:30 DEBUG 46205 --- [leave-management-system] [           main] org.hibernate.SQL                        : 
    insert 
    into
        leave_types
        (active, default_days, description, name, id) 
    values
        (?, ?, ?, ?, default)
Hibernate: 
    insert 
    into
        leave_types
        (active, default_days, description, name, id) 
    values
        (?, ?, ?, ?, default)
2026-10-09T09:11:07.775+05:30 DEBUG 46205 --- [leave-management-system] [           main] org.hibernate.SQL                        : 
    insert 
    into
        leave_balances
        (available, employee_id, leave_type_id, total, used, version, year, id) 
    values
        (?, ?, ?, ?, ?, ?, ?, default)
Hibernate: 
    insert 
    into
        leave_balances
        (available, employee_id, leave_type_id, total, used, version, year, id) 
    values
        (?, ?, ?, ?, ?, ?, ?, default)
2026-10-09T09:11:07.775+05:30 DEBUG 46205 --- [leave-management-system] [           main] org.hibernate.SQL                        : 
    insert 
    into
        leave_requests
        (applied_at, employee_id, end_date, leave_type_id, reason, rejection_reason, start_date, status, version, id) 
    values
        (?, ?, ?, ?, ?, ?, ?, ?, ?, default)
Hibernate: 
    insert 
    into
        leave_requests
        (applied_at, employee_id, end_date, leave_type_id, reason, rejection_reason, start_date, status, version, id) 
    values
        (?, ?, ?, ?, ?, ?, ?, ?, ?, default)
2026-10-09T09:11:07.776+05:30 DEBUG 46205 --- [leave-management-system] [pool-4-thread-2] org.hibernate.SQL                        : 
    select
        lr1_0.id,
        lr1_0.applied_at,
        lr1_0.employee_id,
        e1_0.id,
        d1_0.id,
        d1_0.manager_id,
        d1_0.name,
        e1_0.employee_code,
        e1_0.first_name,
        e1_0.last_name,
        e1_0.manager_id,
        e1_0.phone,
        e1_0.salary,
        e1_0.status,
        u1_0.id,
        u1_0.active,
        u1_0.email,
        u1_0.password,
        r1_0.user_id,
        r1_1.id,
        r1_1.name,
        p1_0.role_id,
        p1_1.id,
        p1_1.active,
        p1_1.description,
        p1_1.name,
        lr1_0.end_date,
        lr1_0.leave_type_id,
        lt1_0.id,
        lt1_0.active,
        lt1_0.default_days,
        lt1_0.description,
        lt1_0.name,
        lr1_0.reason,
        lr1_0.rejection_reason,
        lr1_0.start_date,
        lr1_0.status,
        lr1_0.version 
    from
        leave_requests lr1_0 
    join
        employees e1_0 
            on e1_0.id=lr1_0.employee_id 
    left join
        departments d1_0 
            on d1_0.id=e1_0.department_id 
    left join
        users u1_0 
            on u1_0.id=e1_0.user_id 
    left join
        user_roles r1_0 
            on u1_0.id=r1_0.user_id 
    left join
        roles r1_1 
            on r1_1.id=r1_0.role_id 
    left join
        role_permissions p1_0 
            on r1_1.id=p1_0.role_id 
    left join
        permissions p1_1 
            on p1_1.id=p1_0.permission_id 
    join
        leave_types lt1_0 
            on lt1_0.id=lr1_0.leave_type_id 
    where
        lr1_0.id=?
Hibernate: 
    select
        lr1_0.id,
        lr1_0.applied_at,
        lr1_0.employee_id,
        e1_0.id,
        d1_0.id,
        d1_0.manager_id,
        d1_0.name,
        e1_0.employee_code,
        e1_0.first_name,
        e1_0.last_name,
        e1_0.manager_id,
        e1_0.phone,
        e1_0.salary,
        e1_0.status,
        u1_0.id,
        u1_0.active,
        u1_0.email,
        u1_0.password,
        r1_0.user_id,
        r1_1.id,
        r1_1.name,
        p1_0.role_id,
        p1_1.id,
        p1_1.active,
        p1_1.description,
        p1_1.name,
        lr1_0.end_date,
        lr1_0.leave_type_id,
        lt1_0.id,
        lt1_0.active,
        lt1_0.default_days,
        lt1_0.description,
        lt1_0.name,
        lr1_0.reason,
        lr1_0.rejection_reason,
        lr1_0.start_date,
        lr1_0.status,
        lr1_0.version 
    from
        leave_requests lr1_0 
    join
        employees e1_0 
            on e1_0.id=lr1_0.employee_id 
    left join
        departments d1_0 
            on d1_0.id=e1_0.department_id 
    left join
        users u1_0 
            on u1_0.id=e1_0.user_id 
    left join
        user_roles r1_0 
            on u1_0.id=r1_0.user_id 
    left join
        roles r1_1 
            on r1_1.id=r1_0.role_id 
    left join
        role_permissions p1_0 
            on r1_1.id=p1_0.role_id 
    left join
        permissions p1_1 
            on p1_1.id=p1_0.permission_id 
    join
        leave_types lt1_0 
            on lt1_0.id=lr1_0.leave_type_id 
    where
        lr1_0.id=?
2026-10-09T09:11:07.776+05:30 DEBUG 46205 --- [leave-management-system] [pool-4-thread-1] org.hibernate.SQL                        : 
    select
        lr1_0.id,
        lr1_0.applied_at,
        lr1_0.employee_id,
        e1_0.id,
        d1_0.id,
        d1_0.manager_id,
        d1_0.name,
        e1_0.employee_code,
        e1_0.first_name,
        e1_0.last_name,
        e1_0.manager_id,
        e1_0.phone,
        e1_0.salary,
        e1_0.status,
        u1_0.id,
        u1_0.active,
        u1_0.email,
        u1_0.password,
        r1_0.user_id,
        r1_1.id,
        r1_1.name,
        p1_0.role_id,
        p1_1.id,
        p1_1.active,
        p1_1.description,
        p1_1.name,
        lr1_0.end_date,
        lr1_0.leave_type_id,
        lt1_0.id,
        lt1_0.active,
        lt1_0.default_days,
        lt1_0.description,
        lt1_0.name,
        lr1_0.reason,
        lr1_0.rejection_reason,
        lr1_0.start_date,
        lr1_0.status,
        lr1_0.version 
    from
        leave_requests lr1_0 
    join
        employees e1_0 
            on e1_0.id=lr1_0.employee_id 
    left join
        departments d1_0 
            on d1_0.id=e1_0.department_id 
    left join
        users u1_0 
            on u1_0.id=e1_0.user_id 
    left join
        user_roles r1_0 
            on u1_0.id=r1_0.user_id 
    left join
        roles r1_1 
            on r1_1.id=r1_0.role_id 
    left join
        role_permissions p1_0 
            on r1_1.id=p1_0.role_id 
    left join
        permissions p1_1 
            on p1_1.id=p1_0.permission_id 
    join
        leave_types lt1_0 
            on lt1_0.id=lr1_0.leave_type_id 
    where
        lr1_0.id=?
Hibernate: 
    select
        lr1_0.id,
        lr1_0.applied_at,
        lr1_0.employee_id,
        e1_0.id,
        d1_0.id,
        d1_0.manager_id,
        d1_0.name,
        e1_0.employee_code,
        e1_0.first_name,
        e1_0.last_name,
        e1_0.manager_id,
        e1_0.phone,
        e1_0.salary,
        e1_0.status,
        u1_0.id,
        u1_0.active,
        u1_0.email,
        u1_0.password,
        r1_0.user_id,
        r1_1.id,
        r1_1.name,
        p1_0.role_id,
        p1_1.id,
        p1_1.active,
        p1_1.description,
        p1_1.name,
        lr1_0.end_date,
        lr1_0.leave_type_id,
        lt1_0.id,
        lt1_0.active,
        lt1_0.default_days,
        lt1_0.description,
        lt1_0.name,
        lr1_0.reason,
        lr1_0.rejection_reason,
        lr1_0.start_date,
        lr1_0.status,
        lr1_0.version 
    from
        leave_requests lr1_0 
    join
        employees e1_0 
            on e1_0.id=lr1_0.employee_id 
    left join
        departments d1_0 
            on d1_0.id=e1_0.department_id 
    left join
        users u1_0 
            on u1_0.id=e1_0.user_id 
    left join
        user_roles r1_0 
            on u1_0.id=r1_0.user_id 
    left join
        roles r1_1 
            on r1_1.id=r1_0.role_id 
    left join
        role_permissions p1_0 
            on r1_1.id=p1_0.role_id 
    left join
        permissions p1_1 
            on p1_1.id=p1_0.permission_id 
    join
        leave_types lt1_0 
            on lt1_0.id=lr1_0.leave_type_id 
    where
        lr1_0.id=?
2026-10-09T09:11:07.777+05:30 DEBUG 46205 --- [leave-management-system] [pool-4-thread-2] org.hibernate.SQL                        : 
    select
        lb1_0.id,
        lb1_0.available,
        lb1_0.employee_id,
        lb1_0.leave_type_id,
        lb1_0.total,
        lb1_0.used,
        lb1_0.version,
        lb1_0.year 
    from
        leave_balances lb1_0 
    where
        lb1_0.employee_id=? 
        and lb1_0.leave_type_id=?
Hibernate: 
    select
        lb1_0.id,
        lb1_0.available,
        lb1_0.employee_id,
        lb1_0.leave_type_id,
        lb1_0.total,
        lb1_0.used,
        lb1_0.version,
        lb1_0.year 
    from
        leave_balances lb1_0 
    where
        lb1_0.employee_id=? 
        and lb1_0.leave_type_id=?
2026-10-09T09:11:07.777+05:30 DEBUG 46205 --- [leave-management-system] [pool-4-thread-1] org.hibernate.SQL                        : 
    select
        lb1_0.id,
        lb1_0.available,
        lb1_0.employee_id,
        lb1_0.leave_type_id,
        lb1_0.total,
        lb1_0.used,
        lb1_0.version,
        lb1_0.year 
    from
        leave_balances lb1_0 
    where
        lb1_0.employee_id=? 
        and lb1_0.leave_type_id=?
Hibernate: 
    select
        lb1_0.id,
        lb1_0.available,
        lb1_0.employee_id,
        lb1_0.leave_type_id,
        lb1_0.total,
        lb1_0.used,
        lb1_0.version,
        lb1_0.year 
    from
        leave_balances lb1_0 
    where
        lb1_0.employee_id=? 
        and lb1_0.leave_type_id=?
2026-10-09T09:11:07.778+05:30 DEBUG 46205 --- [leave-management-system] [pool-4-thread-2] org.hibernate.SQL                        : 
    select
        u1_0.id,
        u1_0.active,
        u1_0.email,
        u1_0.password 
    from
        users u1_0 
    where
        u1_0.email=?
Hibernate: 
    select
        u1_0.id,
        u1_0.active,
        u1_0.email,
        u1_0.password 
    from
        users u1_0 
    where
        u1_0.email=?
2026-10-09T09:11:07.778+05:30 DEBUG 46205 --- [leave-management-system] [pool-4-thread-1] org.hibernate.SQL                        : 
    select
        u1_0.id,
        u1_0.active,
        u1_0.email,
        u1_0.password 
    from
        users u1_0 
    where
        u1_0.email=?
Hibernate: 
    select
        u1_0.id,
        u1_0.active,
        u1_0.email,
        u1_0.password 
    from
        users u1_0 
    where
        u1_0.email=?
2026-10-09T09:11:07.778+05:30 DEBUG 46205 --- [leave-management-system] [pool-4-thread-2] org.hibernate.SQL                        : 
    select
        e1_0.id,
        d1_0.id,
        d1_0.manager_id,
        d1_0.name,
        e1_0.employee_code,
        e1_0.first_name,
        e1_0.last_name,
        e1_0.manager_id,
        e1_0.phone,
        e1_0.salary,
        e1_0.status,
        u1_0.id,
        u1_0.active,
        u1_0.email,
        u1_0.password,
        r1_0.user_id,
        r1_1.id,
        r1_1.name,
        p1_0.role_id,
        p1_1.id,
        p1_1.active,
        p1_1.description,
        p1_1.name 
    from
        employees e1_0 
    left join
        departments d1_0 
            on d1_0.id=e1_0.department_id 
    left join
        users u1_0 
            on u1_0.id=e1_0.user_id 
    left join
        user_roles r1_0 
            on u1_0.id=r1_0.user_id 
    left join
        roles r1_1 
            on r1_1.id=r1_0.role_id 
    left join
        role_permissions p1_0 
            on r1_1.id=p1_0.role_id 
    left join
        permissions p1_1 
            on p1_1.id=p1_0.permission_id 
    where
        e1_0.user_id=?
Hibernate: 
    select
        e1_0.id,
        d1_0.id,
        d1_0.manager_id,
        d1_0.name,
        e1_0.employee_code,
        e1_0.first_name,
        e1_0.last_name,
        e1_0.manager_id,
        e1_0.phone,
        e1_0.salary,
        e1_0.status,
        u1_0.id,
        u1_0.active,
        u1_0.email,
        u1_0.password,
        r1_0.user_id,
        r1_1.id,
        r1_1.name,
        p1_0.role_id,
        p1_1.id,
        p1_1.active,
        p1_1.description,
        p1_1.name 
    from
        employees e1_0 
    left join
        departments d1_0 
            on d1_0.id=e1_0.department_id 
    left join
        users u1_0 
            on u1_0.id=e1_0.user_id 
    left join
        user_roles r1_0 
            on u1_0.id=r1_0.user_id 
    left join
        roles r1_1 
            on r1_1.id=r1_0.role_id 
    left join
        role_permissions p1_0 
            on r1_1.id=p1_0.role_id 
    left join
        permissions p1_1 
            on p1_1.id=p1_0.permission_id 
    where
        e1_0.user_id=?
2026-10-09T09:11:07.778+05:30 DEBUG 46205 --- [leave-management-system] [pool-4-thread-1] org.hibernate.SQL                        : 
    select
        e1_0.id,
        d1_0.id,
        d1_0.manager_id,
        d1_0.name,
        e1_0.employee_code,
        e1_0.first_name,
        e1_0.last_name,
        e1_0.manager_id,
        e1_0.phone,
        e1_0.salary,
        e1_0.status,
        u1_0.id,
        u1_0.active,
        u1_0.email,
        u1_0.password,
        r1_0.user_id,
        r1_1.id,
        r1_1.name,
        p1_0.role_id,
        p1_1.id,
        p1_1.active,
        p1_1.description,
        p1_1.name 
    from
        employees e1_0 
    left join
        departments d1_0 
            on d1_0.id=e1_0.department_id 
    left join
        users u1_0 
            on u1_0.id=e1_0.user_id 
    left join
        user_roles r1_0 
            on u1_0.id=r1_0.user_id 
    left join
        roles r1_1 
            on r1_1.id=r1_0.role_id 
    left join
        role_permissions p1_0 
            on r1_1.id=p1_0.role_id 
    left join
        permissions p1_1 
            on p1_1.id=p1_0.permission_id 
    where
        e1_0.user_id=?
Hibernate: 
    select
        e1_0.id,
        d1_0.id,
        d1_0.manager_id,
        d1_0.name,
        e1_0.employee_code,
        e1_0.first_name,
        e1_0.last_name,
        e1_0.manager_id,
        e1_0.phone,
        e1_0.salary,
        e1_0.status,
        u1_0.id,
        u1_0.active,
        u1_0.email,
        u1_0.password,
        r1_0.user_id,
        r1_1.id,
        r1_1.name,
        p1_0.role_id,
        p1_1.id,
        p1_1.active,
        p1_1.description,
        p1_1.name 
    from
        employees e1_0 
    left join
        departments d1_0 
            on d1_0.id=e1_0.department_id 
    left join
        users u1_0 
            on u1_0.id=e1_0.user_id 
    left join
        user_roles r1_0 
            on u1_0.id=r1_0.user_id 
    left join
        roles r1_1 
            on r1_1.id=r1_0.role_id 
    left join
        role_permissions p1_0 
            on r1_1.id=p1_0.role_id 
    left join
        permissions p1_1 
            on p1_1.id=p1_0.permission_id 
    where
        e1_0.user_id=?
2026-10-09T09:11:07.778+05:30 DEBUG 46205 --- [leave-management-system] [pool-4-thread-1] org.hibernate.SQL                        : 
    insert 
    into
        audit_logs
        (action, entity_id, entity_type, ip_address, new_value, old_value, timestamp, user_id, id) 
    values
        (?, ?, ?, ?, ?, ?, ?, ?, default)
Hibernate: 
    insert 
    into
        audit_logs
        (action, entity_id, entity_type, ip_address, new_value, old_value, timestamp, user_id, id) 
    values
        (?, ?, ?, ?, ?, ?, ?, ?, default)
2026-10-09T09:11:07.778+05:30 DEBUG 46205 --- [leave-management-system] [pool-4-thread-2] org.hibernate.SQL                        : 
    insert 
    into
        audit_logs
        (action, entity_id, entity_type, ip_address, new_value, old_value, timestamp, user_id, id) 
    values
        (?, ?, ?, ?, ?, ?, ?, ?, default)
Hibernate: 
    insert 
    into
        audit_logs
        (action, entity_id, entity_type, ip_address, new_value, old_value, timestamp, user_id, id) 
    values
        (?, ?, ?, ?, ?, ?, ?, ?, default)
2026-10-09T09:11:07.779+05:30 DEBUG 46205 --- [leave-management-system] [pool-4-thread-1] org.hibernate.SQL                        : 
    update
        leave_requests 
    set
        applied_at=?,
        employee_id=?,
        end_date=?,
        leave_type_id=?,
        reason=?,
        rejection_reason=?,
        start_date=?,
        status=?,
        version=? 
    where
        id=? 
        and version=?
Hibernate: 
    update
        leave_requests 
    set
        applied_at=?,
        employee_id=?,
        end_date=?,
        leave_type_id=?,
        reason=?,
        rejection_reason=?,
        start_date=?,
        status=?,
        version=? 
    where
        id=? 
        and version=?
2026-10-09T09:11:07.779+05:30 DEBUG 46205 --- [leave-management-system] [pool-4-thread-2] org.hibernate.SQL                        : 
    update
        leave_requests 
    set
        applied_at=?,
        employee_id=?,
        end_date=?,
        leave_type_id=?,
        reason=?,
        rejection_reason=?,
        start_date=?,
        status=?,
        version=? 
    where
        id=? 
        and version=?
Hibernate: 
    update
        leave_requests 
    set
        applied_at=?,
        employee_id=?,
        end_date=?,
        leave_type_id=?,
        reason=?,
        rejection_reason=?,
        start_date=?,
        status=?,
        version=? 
    where
        id=? 
        and version=?
2026-10-09T09:11:07.779+05:30 DEBUG 46205 --- [leave-management-system] [pool-4-thread-1] org.hibernate.SQL                        : 
    update
        leave_balances 
    set
        available=?,
        employee_id=?,
        leave_type_id=?,
        total=?,
        used=?,
        version=?,
        year=? 
    where
        id=? 
        and version=?
Hibernate: 
    update
        leave_balances 
    set
        available=?,
        employee_id=?,
        leave_type_id=?,
        total=?,
        used=?,
        version=?,
        year=? 
    where
        id=? 
        and version=?
2026-10-09T09:11:07.779+05:30 DEBUG 46205 --- [leave-management-system] [pool-4-thread-1] org.hibernate.SQL                        : 
    update
        leave_balances 
    set
        version=? 
    where
        id=? 
        and version=?
Hibernate: 
    update
        leave_balances 
    set
        version=? 
    where
        id=? 
        and version=?
2026-10-09T09:11:07.779+05:30  WARN 46205 --- [leave-management-system] [pool-4-thread-2] org.hibernate.orm.session                : HHH90010101: Closing shared session with unprocessed transaction completion actions
2026-10-09T09:11:07.780+05:30 DEBUG 46205 --- [leave-management-system] [           main] org.hibernate.SQL                        : 
    select
        lr1_0.id,
        lr1_0.applied_at,
        lr1_0.employee_id,
        e1_0.id,
        d1_0.id,
        d1_0.manager_id,
        d1_0.name,
        e1_0.employee_code,
        e1_0.first_name,
        e1_0.last_name,
        e1_0.manager_id,
        e1_0.phone,
        e1_0.salary,
        e1_0.status,
        u1_0.id,
        u1_0.active,
        u1_0.email,
        u1_0.password,
        r1_0.user_id,
        r1_1.id,
        r1_1.name,
        p1_0.role_id,
        p1_1.id,
        p1_1.active,
        p1_1.description,
        p1_1.name,
        lr1_0.end_date,
        lr1_0.leave_type_id,
        lt1_0.id,
        lt1_0.active,
        lt1_0.default_days,
        lt1_0.description,
        lt1_0.name,
        lr1_0.reason,
        lr1_0.rejection_reason,
        lr1_0.start_date,
        lr1_0.status,
        lr1_0.version 
    from
        leave_requests lr1_0 
    join
        employees e1_0 
            on e1_0.id=lr1_0.employee_id 
    left join
        departments d1_0 
            on d1_0.id=e1_0.department_id 
    left join
        users u1_0 
            on u1_0.id=e1_0.user_id 
    left join
        user_roles r1_0 
            on u1_0.id=r1_0.user_id 
    left join
        roles r1_1 
            on r1_1.id=r1_0.role_id 
    left join
        role_permissions p1_0 
            on r1_1.id=p1_0.role_id 
    left join
        permissions p1_1 
            on p1_1.id=p1_0.permission_id 
    join
        leave_types lt1_0 
            on lt1_0.id=lr1_0.leave_type_id 
    where
        lr1_0.id=?
Hibernate: 
    select
        lr1_0.id,
        lr1_0.applied_at,
        lr1_0.employee_id,
        e1_0.id,
        d1_0.id,
        d1_0.manager_id,
        d1_0.name,
        e1_0.employee_code,
        e1_0.first_name,
        e1_0.last_name,
        e1_0.manager_id,
        e1_0.phone,
        e1_0.salary,
        e1_0.status,
        u1_0.id,
        u1_0.active,
        u1_0.email,
        u1_0.password,
        r1_0.user_id,
        r1_1.id,
        r1_1.name,
        p1_0.role_id,
        p1_1.id,
        p1_1.active,
        p1_1.description,
        p1_1.name,
        lr1_0.end_date,
        lr1_0.leave_type_id,
        lt1_0.id,
        lt1_0.active,
        lt1_0.default_days,
        lt1_0.description,
        lt1_0.name,
        lr1_0.reason,
        lr1_0.rejection_reason,
        lr1_0.start_date,
        lr1_0.status,
        lr1_0.version 
    from
        leave_requests lr1_0 
    join
        employees e1_0 
            on e1_0.id=lr1_0.employee_id 
    left join
        departments d1_0 
            on d1_0.id=e1_0.department_id 
    left join
        users u1_0 
            on u1_0.id=e1_0.user_id 
    left join
        user_roles r1_0 
            on u1_0.id=r1_0.user_id 
    left join
        roles r1_1 
            on r1_1.id=r1_0.role_id 
    left join
        role_permissions p1_0 
            on r1_1.id=p1_0.role_id 
    left join
        permissions p1_1 
            on p1_1.id=p1_0.permission_id 
    join
        leave_types lt1_0 
            on lt1_0.id=lr1_0.leave_type_id 
    where
        lr1_0.id=?
